14:29:10 search: 37 new of 37 (each costs 2 Tavily credits)
14:34:37 search failed cone 10 gas reduction community pottery studio membership Homer AK ddg: No results found.
14:37:13 fetch: 132 places to read (138 total)
14:37:16 fetch: 10 read
14:37:22 fetch: 20 read
14:37:25 fetch: 30 read
14:37:31 fetch: 40 read
14:37:37 fetch: 50 read
14:37:45 fetch: 60 read
14:37:53 fetch: 70 read
14:37:57 fetch: 80 read
14:38:01 fetch: 90 read
14:38:06 fetch: 100 read
14:38:10 fetch: 110 read
14:38:18 fetch: 120 read
14:38:25 fetch: 130 read
14:38:28 judge: 52 places for gemma4:latest
14:38:52 judge 1/52 alaska.net: qualifies (24s)
14:38:57 judge 2/52 polina-alaska.art: reject (5s)
14:39:07 judge 3/52 en.wikipedia.org: reject (9s)
14:39:15 judge 4/52 eastcreekart.org: qualifies (8s)
14:39:26 judge 5/52 ceramicinfospot.com: reject (11s)
14:39:35 judge 6/52 uaf.edu: qualifies (10s)
14:39:42 judge 7/52 farmandfire.com: reject (6s)
14:39:51 judge 8/52 woodfiring.net: reject (9s)
14:39:58 judge 9/52 canvas.kirklandartscenter.org: reject (7s)
14:40:04 judge 10/52 copperkilnpottery.com: unclear (6s)
14:40:11 judge 11/52 anchorageactivities.com: qualifies (7s)
14:40:17 judge 12/52 pitfire.com: reject (6s)
14:40:28 judge 13/52 digitalfire.com: reject (11s)
14:40:32 judge 14/52 community.ceramicartsdaily.org: reject (4s)
14:40:36 judge 15/52 classcentral.com: reject (4s)
14:40:43 judge 16/52 amongthejungle.com: qualifies (7s)
14:40:47 judge 17/52 potterywithapurpose.com: reject (4s)
14:40:51 judge 18/52 kilnfrog.com: reject (4s)
14:41:01 judge 19/52 midnightpotter.weebly.com: qualifies (10s)
14:41:05 judge 20/52 euclids.com: reject (4s)
14:41:12 judge 21/52 turnagainceramics.com: qualifies (6s)
14:41:18 judge 22/52 wanderlog.com: qualifies (6s)
14:41:27 judge 23/52 kilnfire.com: unclear (9s)
14:41:33 judge 24/52 muni.org: reject (6s)
14:41:40 judge 25/52 https://origin-a3.active.com/anchorage-ak/pottery-and-ceramics/classes/kiln-firing-101-2026-110503158: reject (7s)
14:41:46 judge 26/52 communitypottery.org: reject (6s)
14:41:55 judge 27/52 kilnarts.org: qualifies (10s)
14:42:02 judge 28/52 glacierpottery.com: qualifies (7s)
14:42:07 judge 29/52 fairbankspottersguild.com: unclear (5s)
14:42:11 judge 30/52 alaska-panhandle-pottery.com: reject (5s)
14:42:18 judge 31/52 clayandkilnstudio.com: reject (6s)
14:42:24 judge 32/52 bunnellarts.org: qualifies (7s)
14:42:28 judge 33/52 studiohomerhai.com: unclear (4s)
14:42:34 judge 34/52 my.ceramicmaterialsworkshop.com: unclear (6s)
14:42:39 judge 35/52 loceramics.com: qualifies (5s)
14:42:43 judge 36/52 livingkilnstudio.kilnfire.com: reject (4s)
14:42:47 judge 37/52 ianpatrickpalmer.com: reject (4s)
14:42:51 judge 38/52 palmermuseum.org: reject (4s)
14:42:54 judge 39/52 smokingpotstudio.com: reject (3s)
14:43:01 judge 40/52 article.wn.com: qualifies (7s)
14:43:08 judge 41/52 rakupotteryworks.com: reject (7s)
14:43:11 judge 42/52 glazequeen.com: reject (4s)
14:43:15 judge 43/52 sheffield-pottery.com: reject (4s)
14:43:21 judge 44/52 explorefairbanks.com: reject (6s)
14:43:27 judge 45/52 uaa.alaska.edu: reject (6s)
14:43:31 judge 46/52 ceramic.school: reject (4s)
14:43:35 judge 47/52 global.kyoto-nokaze.com: reject (4s)
14:43:42 judge 48/52 cassvilleanagama.com: reject (7s)
14:44:02 judge 49/52 scottpots.com: reject (19s)
14:44:21 judge 50/52 katsutaroukikuchi.com: reject (19s)
14:44:32 judge 51/52 chulitnalodge.com: reject (10s)
14:45:09 judge 52/52 ceramicsfieldguide.org: reject (37s)
14:45:09 report: 2 qualify, 16 unclear, 114 rejected, 6 social
