12:45:44 search: 40 new of 40 (each costs 2 Tavily credits)
12:53:04 fetch: 133 places to read (138 total)
12:53:05 fetch: 10 read
12:53:13 fetch: 20 read
12:53:21 fetch: 30 read
12:53:27 fetch: 40 read
12:53:28 fetch: 50 read
12:53:35 fetch: 60 read
12:53:39 fetch: 70 read
12:53:43 fetch: 80 read
12:53:52 fetch: 90 read
12:53:59 fetch: 100 read
12:54:02 fetch: 110 read
12:54:12 fetch: 120 read
12:54:21 fetch: 130 read
12:54:28 judge: 75 places for gemma4:latest
12:54:53 judge 1/75 business.eschamber.org: qualifies (25s)
12:54:59 judge 2/75 al.com: qualifies (5s)
12:55:06 judge 3/75 ceramicinfospot.com: reject (7s)
12:55:15 judge 4/75 southalnews.com: qualifies (9s)
12:55:24 judge 5/75 alabamacenterforthearts.org: qualifies (8s)
12:55:30 judge 6/75 athens.edu: qualifies (7s)
12:55:37 judge 7/75 workshops.kentuck.org: qualifies (6s)
12:55:43 judge 8/75 clayartspace.com: qualifies (6s)
12:55:50 judge 9/75 earthbornpottery.net: qualifies (7s)
12:55:56 judge 10/75 myfamilytravels.com: reject (7s)
12:56:03 judge 11/75 gomry.com: qualifies (7s)
12:56:17 judge 12/75 alisonwestceramics.com: reject (13s)
12:56:21 judge 13/75 classcentral.com: reject (4s)
12:56:25 judge 14/75 montgomeryadvertiser.com: reject (4s)
12:56:37 judge 15/75 digitalfire.com: reject (12s)
12:56:49 judge 16/75 clay-king.com: reject (12s)
12:56:53 judge 17/75 kilnfrog.com: reject (4s)
12:56:58 judge 18/75 potterywithapurpose.com: reject (5s)
12:57:10 judge 19/75 kilnshare.com: reject (12s)
12:57:15 judge 20/75 euclids.com: reject (4s)
12:57:20 judge 21/75 cursist-courses.com: reject (5s)
12:57:25 judge 22/75 heattreatnow.com: reject (4s)
12:57:33 judge 23/75 kilnfire.com: reject (8s)
12:57:41 judge 24/75 makebhm.com: qualifies (8s)
12:57:46 judge 25/75 calendar.uab.edu: unclear (5s)
12:57:52 judge 26/75 uab.campuslabs.com: qualifies (6s)
12:57:59 judge 27/75 thekilnstudio.com: qualifies (7s)
12:58:05 judge 28/75 bhamnow.com: unclear (6s)
12:58:11 judge 29/75 communitypottery.org: reject (6s)
12:58:21 judge 30/75 spaceoneeleven.org: qualifies (10s)
12:58:29 judge 31/75 potterylist.com: qualifies (8s)
12:58:36 judge 32/75 my.ceramicmaterialsworkshop.com: unclear (6s)
12:58:43 judge 33/75 clayandkilnstudio.com: reject (7s)
12:58:50 judge 34/75 themadpottery.com: qualifies (7s)
12:58:55 judge 35/75 moonstruckpottery.com: unclear (5s)
12:58:59 judge 36/75 livingkilnpotterystudio.com: reject (5s)
12:59:05 judge 37/75 livingkilnstudio.kilnfire.com: reject (6s)
12:59:09 judge 38/75 community.ceramicartsdaily.org: reject (4s)
12:59:13 judge 39/75 burnoutpotterystudio.com: reject (4s)
12:59:20 judge 40/75 montgomerypottery.com: qualifies (7s)
12:59:25 judge 41/75 montgomeryal.gov: unclear (5s)
12:59:30 judge 42/75 margaretbarberpottery.com: reject (5s)
12:59:36 judge 43/75 blackbelttreasures.com: qualifies (6s)
12:59:43 judge 44/75 montgomery.edu: reject (7s)
12:59:47 judge 45/75 homemade.education: reject (4s)
12:59:52 judge 46/75 visittuscaloosa.com: reject (5s)
12:59:59 judge 47/75 tuscarts.org: qualifies (6s)
13:00:05 judge 48/75 kentuck.org: qualifies (6s)
13:00:12 judge 49/75 druidcitymakerspace.com: qualifies (7s)
13:00:19 judge 50/75 earthenwarestudio.org: reject (8s)
13:00:40 judge 51/75 maria-pots.com: qualifies (21s)
13:00:54 judge 52/75 fairhopers.com: qualifies (14s)
13:01:07 judge 53/75 findglocal.com: qualifies (13s)
13:01:17 judge 54/75 chamberofcommerce.com: qualifies (11s)
13:01:31 judge 55/75 auburnal.gov: qualifies (14s)
13:01:41 judge 56/75 stillpointauburn.com: unclear (9s)
13:01:54 judge 57/75 auburnal.myrec.com: reject (13s)
13:02:05 judge 58/75 cla.auburn.edu: qualifies (12s)
13:02:16 judge 59/75 generalgomez.com: reject (11s)
13:02:29 judge 60/75 garnishandgather.com: qualifies (12s)
13:02:44 judge 61/75 scienceatl.org: qualifies (15s)
13:02:58 judge 62/75 mudfire.com: qualifies (14s)
13:03:10 judge 63/75 atlantaclay.com: qualifies (12s)
13:03:18 judge 64/75 alabamaart.com: reject (8s)
13:03:26 judge 65/75 glazequeen.com: reject (8s)
13:03:35 judge 66/75 thepottersguild.com: reject (9s)
13:03:47 judge 67/75 encyclopediaofalabama.org: reject (13s)
13:03:56 judge 68/75 en.ceramic.school: reject (9s)
13:04:04 judge 69/75 placesformakers.com: reject (8s)
13:04:13 judge 70/75 shelbycountyartscouncil.com: unclear (8s)
13:04:28 judge 71/75 en.wikipedia.org: reject (15s)
13:04:37 judge 72/75 thealabamian.com: reject (10s)
13:04:48 judge 73/75 flashandash.com: unclear (11s)
13:04:59 judge 74/75 communitycreativecenter.org: reject (11s)
13:05:09 judge 75/75 schoolofservice.org: reject (11s)
13:05:09 report: 8 qualify, 30 unclear, 95 rejected, 5 social
