11:55:40 search: 37 new of 37 (each costs 2 Tavily credits)
12:00:48 fetch: 130 places to read (134 total)
12:00:54 fetch: 10 read
12:00:55 fetch: 20 read
12:01:01 fetch: 30 read
12:01:09 fetch: 40 read
12:01:15 fetch: 50 read
12:01:22 fetch: 60 read
12:01:29 fetch: 70 read
12:01:31 fetch: 80 read
12:01:37 fetch: 90 read
12:01:40 fetch: 100 read
12:01:47 fetch: 110 read
12:01:56 fetch: 120 read
12:02:18 fetch: 130 read
12:02:18 judge: 65 places for gemma4:latest
12:02:51 judge 1/65 arkmfa.org: qualifies (33s)
12:03:04 judge 2/65 potterymill.com: qualifies (13s)
12:03:18 judge 3/65 saac-arts.org: qualifies (15s)
12:03:33 judge 4/65 reg131.imperisoft.com: qualifies (14s)
12:03:45 judge 5/65 sullivanpotteryhsv.com: qualifies (12s)
12:03:56 judge 6/65 sarareevesphoto.com: reject (11s)
12:04:08 judge 7/65 ceramicinfospot.com: reject (12s)
12:04:15 judge 8/65 rockrose.studio: reject (7s)
12:04:26 judge 9/65 canvas.kirklandartscenter.org: reject (11s)
12:04:37 judge 10/65 huntermaypottery.com: qualifies (11s)
12:04:48 judge 11/65 fifthstreet.studio: qualifies (10s)
12:04:56 judge 12/65 valynchburgweb.myvscloud.com: qualifies (9s)
12:05:16 judge 13/65 spinninglovepottery.wordpress.com: qualifies (20s)
12:05:32 judge 14/65 arktimes.com: qualifies (16s)
12:05:46 judge 15/65 goeldorado.com: qualifies (14s)
12:05:54 judge 16/65 police1.com: reject (9s)
12:06:03 judge 17/65 artistsworkshopgallery.com: reject (8s)
12:06:14 judge 18/65 register.ryzer.com: reject (11s)
12:06:20 judge 19/65 nwcg.gov: reject (6s)
12:06:39 judge 20/65 clay-king.com: reject (19s)
12:06:46 judge 21/65 potterywithapurpose.com: reject (7s)
12:06:52 judge 22/65 kilnfrog.com: reject (6s)
12:07:12 judge 23/65 kilnshare.com: reject (21s)
12:07:19 judge 24/65 heattreatnow.com: reject (6s)
12:07:25 judge 25/65 euclids.com: reject (6s)
12:07:36 judge 26/65 arkansas.com: qualifies (11s)
12:07:45 judge 27/65 arkansasstateparks.com: qualifies (9s)
12:07:56 judge 28/65 muddypigstudio.com: qualifies (11s)
12:08:05 judge 29/65 flamingearthpottery.studio: qualifies (9s)
12:08:15 judge 30/65 clayandkilnstudio.com: reject (10s)
12:08:31 judge 31/65 alexadamsclaywork.com: reject (16s)
12:08:43 judge 32/65 communitypottery.org: reject (12s)
12:08:51 judge 33/65 mountsequoyah.org: qualifies (8s)
12:08:57 judge 34/65 usingart.org: reject (6s)
12:09:06 judge 35/65 communitycreativecenter.coursestorm.com: qualifies (9s)
12:09:16 judge 36/65 communitycreativecenter.org: qualifies (9s)
