07:36:01 search: 40 new of 40 (each costs 2 Tavily credits)
07:43:08 fetch: 144 places to read (149 total)
07:43:16 fetch: 10 read
07:43:20 fetch: 20 read
07:43:28 fetch: 30 read
07:43:36 fetch: 40 read
07:43:41 fetch: 50 read
07:43:46 fetch: 60 read
07:43:52 fetch: 70 read
07:43:57 fetch: 80 read
07:44:04 fetch: 90 read
07:44:07 fetch: 100 read
07:44:14 fetch: 110 read
07:44:16 fetch: 120 read
07:44:21 fetch: 130 read
07:44:26 fetch: 140 read
07:44:29 judge: 84 places for gemma4:latest
07:44:43 judge 1/84 moabsunnews.com: reject (13s)
07:44:58 judge 2/84 sedonaartscenter.org: qualifies (15s)
07:45:14 judge 3/84 marjonceramics.com: qualifies (17s)
07:45:27 judge 4/84 mesaartscenter.com: qualifies (13s)
07:45:41 judge 5/84 thisistucson.com: qualifies (14s)
07:45:55 judge 6/84 annesdesertstudio.com: qualifies (14s)
07:46:16 judge 7/84 laimaceramics.com: qualifies (21s)
07:46:31 judge 8/84 azwildlifegallery.com: qualifies (15s)
07:46:43 judge 9/84 artinphoenix.com: qualifies (12s)
07:46:55 judge 10/84 deziongallery.com: reject (11s)
07:47:09 judge 11/84 ceramicinfospot.com: reject (15s)
07:47:20 judge 12/84 potterywithapurpose.com: reject (11s)
07:47:36 judge 13/84 clayartistsofsandiego.org: reject (17s)
07:47:49 judge 14/84 arizonaclay.net: qualifies (12s)
07:47:59 judge 15/84 arizonaclayspace.com: unclear (10s)
07:48:14 judge 16/84 desertdragonpottery.com: qualifies (14s)
07:48:28 judge 17/84 arizonafoothillsmagazine.com: qualifies (14s)
07:48:44 judge 18/84 cochise.edu: qualifies (16s)
07:49:01 judge 19/84 inbusinessphx.com: qualifies (17s)
07:49:16 judge 20/84 festivalsinamerica.com: qualifies (16s)
07:49:32 judge 21/84 potteryclassess.com: qualifies (16s)
07:49:44 judge 22/84 rakugallery.com: qualifies (12s)
07:49:57 judge 23/84 ceramicreview.com: reject (12s)
07:50:10 judge 24/84 azwildfireacademy.org: reject (14s)
07:50:26 judge 25/84 azfiremarshals.org: reject (16s)
07:50:35 judge 26/84 afbea.org: reject (9s)
07:50:44 judge 27/84 jsakilnservices.com: reject (9s)
07:51:04 judge 28/84 burstofbutterflies.com: qualifies (20s)
07:51:21 judge 29/84 peoriaaz.burstofbutterflies.com: qualifies (17s)
07:51:32 judge 30/84 throwandfire.com: qualifies (10s)
07:51:45 judge 31/84 monsoonfire.com: qualifies (13s)
07:52:09 judge 32/84 clay-king.com: reject (24s)
07:52:24 judge 33/84 grandclayarts.com: qualifies (15s)
07:52:40 judge 34/84 arizonagifts.com: reject (16s)
07:52:53 judge 35/84 stefstudio.com: reject (13s)
07:53:07 judge 36/84 phgmag.com: qualifies (13s)
07:53:25 judge 37/84 kilnfire.com: reject (19s)
07:53:39 judge 38/84 phoenixpotterystudio.com: qualifies (14s)
07:53:59 judge 39/84 phoenixfireclaystudio.com: unclear (20s)
07:54:13 judge 40/84 communityperkpass.com: reject (14s)
07:54:22 judge 41/84 phoenixcenterforthearts.org: qualifies (10s)
07:54:36 judge 42/84 communitypottery.org: reject (14s)
07:54:49 judge 43/84 saddlebagnotes.com: reject (12s)
07:55:01 judge 44/84 tucsonans.com: qualifies (12s)
07:55:14 judge 45/84 tucsonclayco-op.com: qualifies (13s)
07:55:26 judge 46/84 tukaets.com: qualifies (11s)
07:55:36 judge 47/84 tucson.colormemine.com: reject (11s)
07:55:46 judge 48/84 community.ceramicartsdaily.org: reject (10s)
07:56:03 judge 49/84 ragingclay.com: reject (17s)
07:56:18 judge 50/84 potteryteachers.com: qualifies (15s)
07:56:32 judge 51/84 mapquest.com: qualifies (14s)
07:56:45 judge 52/84 downtownflagstaff.org: qualifies (13s)
07:56:56 judge 53/84 my.ceramicmaterialsworkshop.com: unclear (11s)
07:57:10 judge 54/84 booknesttoystore.com: reject (14s)
07:57:25 judge 55/84 zoniesgalleriasedona.com: qualifies (15s)
07:57:35 judge 56/84 worthpoint.com: reject (9s)
07:57:48 judge 57/84 rakupotteryworks.com: reject (13s)
07:57:57 judge 58/84 rovangceramics.com: unclear (9s)
07:58:10 judge 59/84 mayraruizstudio.com: reject (13s)
07:58:23 judge 60/84 tempe.gov: qualifies (13s)
07:58:37 judge 61/84 findglocal.com: qualifies (14s)
07:58:48 judge 62/84 smokingpotstudio.com: reject (11s)
07:58:58 judge 63/84 offerup.com: reject (10s)
07:59:08 judge 64/84 morefunz.com: qualifies (10s)
07:59:22 judge 65/84 solcityclay.com: qualifies (14s)
07:59:33 judge 66/84 clayandkilnstudio.com: reject (11s)
07:59:43 judge 67/84 prescottstudiotour.com: qualifies (10s)
07:59:53 judge 68/84 glartent.com: reject (10s)
08:00:03 judge 69/84 theartsyfartsystudio.com: qualifies (10s)
08:00:14 judge 70/84 tisartgallery.com: qualifies (11s)
08:00:23 judge 71/84 burnoutpotterystudio.com: reject (8s)
08:00:34 judge 72/84 prescottartstore.com: qualifies (11s)
08:00:46 judge 73/84 lomceramics.com: reject (13s)
08:00:59 judge 74/84 azhandmade.com: qualifies (12s)
08:01:10 judge 75/84 bisbeeclay.com: reject (11s)
08:01:19 judge 76/84 homemade.education: reject (9s)
08:01:30 judge 77/84 thefoundrypotterystudio.com: reject (12s)
08:01:43 judge 78/84 flashandash.com: reject (13s)
08:01:59 judge 79/84 swkiln.com: qualifies (16s)
08:02:16 judge 80/84 catalog.pima.edu: reject (17s)
08:02:31 judge 81/84 en.wikipedia.org: reject (16s)
08:02:45 judge 82/84 azdailysun.com: reject (14s)
08:03:04 judge 83/84 katsutaroukikuchi.com: reject (19s)
08:03:21 judge 84/84 virgilortiz.com: qualifies (17s)
08:03:21 report: 12 qualify, 34 unclear, 98 rejected, 5 social
