12:24:02 search: 55 new of 55 (each costs 2 Tavily credits)
12:25:49 fetch: 211 places to read (216 total)
12:25:53 fetch: 10 read
12:25:54 fetch: 20 read
12:25:56 fetch: 30 read
12:26:01 fetch: 40 read
12:26:04 fetch: 50 read
12:26:07 fetch: 60 read
12:26:08 fetch: 70 read
12:26:12 fetch: 80 read
12:26:15 fetch: 90 read
12:26:18 fetch: 100 read
12:26:21 fetch: 110 read
12:26:24 fetch: 120 read
12:26:26 fetch: 130 read
12:26:29 fetch: 140 read
12:26:33 fetch: 150 read
12:26:38 fetch: 160 read
12:26:43 fetch: 170 read
12:26:44 fetch: 180 read
12:26:50 fetch: 190 read
12:26:58 fetch: 200 read
12:27:03 fetch: 210 read
12:27:04 judge: 161 places for gemma4:latest
12:27:38 judge 1/161 clayfolkstudio.com: qualifies (33s)
12:27:58 judge 2/161 clayroomoakland.com: qualifies (20s)
12:28:31 judge 3/161 https://classbento.com/raku-firing-workshop-san-francisco: qualifies (34s)
12:29:04 judge 4/161 kickwheelsonoma.com: qualifies (32s)
12:29:30 judge 5/161 creativehandsstudio.net: qualifies (27s)
12:29:54 judge 6/161 angelsgateart.org: qualifies (24s)
12:30:23 judge 7/161 clayroomsf.com: qualifies (29s)
12:30:51 judge 8/161 alexadamsclaywork.com: qualifies (27s)
12:31:37 judge 9/161 claycreationspacifica.com: qualifies (46s)
12:32:02 judge 10/161 sebarts.org: qualifies (26s)
12:32:19 judge 11/161 thespiffystudio.info: qualifies (16s)
12:32:33 judge 12/161 canvas.berkeleypottersstudio.org: qualifies (14s)
12:32:46 judge 13/161 ceramic.school: qualifies (13s)
12:33:32 judge 14/161 amoca.org: qualifies (46s)
12:34:04 judge 15/161 thepottersstudio.org: qualifies (33s)
12:34:38 judge 16/161 higherfirestudios.com: qualifies (34s)
12:35:05 judge 17/161 clayplayarts.com: qualifies (27s)
12:35:29 judge 18/161 paseopottery.com: qualifies (24s)
12:35:45 judge 19/161 firstcoast.life: qualifies (15s)
12:36:03 judge 20/161 thecrucible.org: qualifies (18s)
12:36:29 judge 21/161 rubysclaystudio.org: reject (26s)
12:36:48 judge 22/161 commonclayspace.com: qualifies (20s)
12:37:18 judge 23/161 woodkiln.org: qualifies (29s)
12:37:30 judge 24/161 mkpotterystudio.com: reject (13s)
12:37:44 judge 25/161 ceramicinfospot.com: reject (14s)
12:38:01 judge 26/161 eastcreekart.org: qualifies (16s)
12:38:14 judge 27/161 groundworksartlab.org: qualifies (13s)
12:38:27 judge 28/161 summerstudioslomita.com: reject (13s)
12:38:37 judge 29/161 caclimateinvestments.ca.gov: reject (10s)
12:38:49 judge 30/161 ccc.ca.gov: reject (13s)
12:39:10 judge 31/161 turningearth.org: reject (21s)
12:39:36 judge 32/161 events.humanitix.com: qualifies (26s)
12:40:10 judge 33/161 gbclayhouse.com: qualifies (34s)
12:40:22 judge 34/161 mikisr.com: qualifies (12s)
12:40:37 judge 35/161 https://classbento.com/beach-pit-firing-pottery-course-los-angeles: qualifies (15s)
12:40:55 judge 36/161 ma.to: qualifies (18s)
12:41:14 judge 37/161 artillery-ag.com: qualifies (19s)
12:41:29 judge 38/161 taoofclay.com: qualifies (15s)
12:42:01 judge 39/161 oribefiring.com: qualifies (33s)
12:42:14 judge 40/161 dustedandblue.com: qualifies (13s)
12:42:40 judge 41/161 classbento.co.uk: reject (26s)
12:43:01 judge 42/161 upinsmokepottery.com: qualifies (21s)
12:43:14 judge 43/161 troveobjectgallery.com: reject (12s)
12:43:38 judge 44/161 kilnfire.com: reject (25s)
12:43:52 judge 45/161 https://classbento.com/pottery-classes-san-francisco: qualifies (14s)
12:44:09 judge 46/161 hickoryclay.com: qualifies (17s)
12:44:17 judge 47/161 wheelhouseclaysf.com: reject (8s)
12:44:29 judge 48/161 smaartstudio.com: qualifies (12s)
12:44:38 judge 49/161 claybythebaysf.com: qualifies (9s)
12:44:51 judge 50/161 smaartgallery.com: qualifies (13s)
12:45:01 judge 51/161 thebolditalic.com: qualifies (9s)
12:45:12 judge 52/161 smaartstudio.com.: qualifies (11s)
12:45:23 judge 53/161 craftcouncil.org: qualifies (12s)
12:45:32 judge 54/161 statehornet.com: reject (9s)
12:45:42 judge 55/161 crockettpottery.com: qualifies (10s)
12:45:55 judge 56/161 csbsju.edu: reject (13s)
12:46:12 judge 57/161 cobbartandecology.org: qualifies (18s)
12:46:30 judge 58/161 shapetheorystudio.com: reject (18s)
12:46:40 judge 59/161 dtla.still-life-studio.com: qualifies (10s)
12:46:50 judge 60/161 artimebarro.com: qualifies (9s)
12:47:00 judge 61/161 marinpottery.org: reject (10s)
12:47:15 judge 62/161 sonomacommunitycenter.org: qualifies (15s)
12:47:20 judge 63/161 cone10studios.blogspot.com: unclear (5s)
12:47:31 judge 64/161 cone6ceramics.com: qualifies (11s)
12:47:41 judge 65/161 clayalldaypottery.com: qualifies (10s)
12:47:56 judge 66/161 untoday.org: reject (14s)
12:48:08 judge 67/161 makerspaces.northeastern.edu: reject (13s)
12:48:22 judge 68/161 waveformceramics.com: reject (14s)
12:48:37 judge 69/161 slowfireceramics.com: reject (15s)
12:48:53 judge 70/161 merme.in: reject (15s)
12:49:06 judge 71/161 berkeleypottersstudio.squarespace.com: reject (13s)
12:49:18 judge 72/161 ovcag.wildapricot.org: reject (13s)
12:49:35 judge 73/161 ceramicheights.com: qualifies (17s)
12:49:50 judge 74/161 maudandmabel.com: reject (14s)
12:50:05 judge 75/161 acga.net: qualifies (15s)
12:50:16 judge 76/161 artstudio.berkeley.edu: reject (11s)
12:50:33 judge 77/161 laney.edu: qualifies (17s)
12:50:44 judge 78/161 anastasiatumanova.com: qualifies (11s)
12:50:58 judge 79/161 berkeleyparentsnetwork.org: qualifies (14s)
12:51:12 judge 80/161 santacruzclay.com: reject (14s)
12:51:32 judge 81/161 claycreation.org: reject (20s)
12:51:41 judge 82/161 westsideclaystudio.com: reject (9s)
12:51:55 judge 83/161 mudhutpotterystudio.com: reject (14s)
12:52:02 judge 84/161 sojisceramics.com: reject (8s)
12:52:16 judge 85/161 ceramicaclay.com: reject (14s)
12:52:26 judge 86/161 mountainartcenter.org: qualifies (10s)
12:52:38 judge 87/161 rareearthpottery.ca: reject (12s)
12:52:50 judge 88/161 sunnyvale.ca.gov: reject (13s)
12:53:04 judge 89/161 https://classbento.com/pottery-classes-san-jose: reject (14s)
12:53:20 judge 90/161 colibripotterystudio.com: qualifies (16s)
12:53:48 judge 91/161 clay-king.com: qualifies (28s)
12:54:08 judge 92/161 petalumapottery.com: qualifies (20s)
12:54:25 judge 93/161 thehotspotstudios.com: reject (17s)
12:54:40 judge 94/161 amphoraceramicstudio.kilnfire.com: qualifies (15s)
12:54:52 judge 95/161 goodlifeceramics.com: reject (12s)
12:55:09 judge 96/161 clayandkilnceramics.com: qualifies (17s)
12:55:20 judge 97/161 shoppetaluma.com: reject (11s)
12:55:34 judge 98/161 flmceramics.com: reject (13s)
12:55:52 judge 99/161 enrichment.kids: qualifies (18s)
12:56:05 judge 100/161 salishseaceramicstudio.com: qualifies (13s)
12:56:17 judge 101/161 sunsetcanyonpottery.com: qualifies (12s)
12:56:28 judge 102/161 artworksdowntown.org: qualifies (11s)
12:56:42 judge 103/161 kilngodspottery.com: reject (14s)
12:56:53 judge 104/161 amphoraceramicstudio.org: reject (11s)
12:57:06 judge 105/161 sweetspiritceramics.weebly.com: qualifies (14s)
12:57:23 judge 106/161 https://coursehorse.com/los-angeles/classes/art/pottery/ceramics/raku-workshop: qualifies (16s)
12:57:40 judge 107/161 mapquest.com: reject (17s)
12:57:58 judge 108/161 pottery-la.com: qualifies (18s)
12:58:09 judge 109/161 dsniderceramics.com: qualifies (11s)
12:58:22 judge 110/161 clayat.com: reject (13s)
12:58:36 judge 111/161 craftcenter.ucsd.edu: reject (14s)
12:59:01 judge 112/161 theartistoutpost.com: qualifies (25s)
12:59:20 judge 113/161 still-life-studio.com: qualifies (19s)
12:59:34 judge 114/161 membersonlyla.com: reject (14s)
12:59:44 judge 115/161 community.ceramicartsdaily.org: reject (10s)
12:59:56 judge 116/161 throwclayla.com: reject (11s)
13:00:06 judge 117/161 wildclayla.com: reject (10s)
13:00:20 judge 118/161 clayca.com: qualifies (14s)
13:00:38 judge 119/161 timeout.com: qualifies (18s)
13:00:54 judge 120/161 cobaltandclay.com: qualifies (16s)
13:01:03 judge 121/161 handsinclayla.com: reject (9s)
13:01:17 judge 122/161 sooki.studio: qualifies (14s)
13:01:36 judge 123/161 sandiegocraft.org: qualifies (18s)
13:02:03 judge 124/161 sandiegopottersguild.org: qualifies (28s)
13:02:33 judge 125/161 icasandiego.org: qualifies (30s)
13:03:04 judge 126/161 digitalfire.com: qualifies (30s)
13:03:36 judge 127/161 acaistudios.com: qualifies (33s)
13:03:54 judge 128/161 sdceramic.com: qualifies (17s)
13:04:13 judge 129/161 thefoundrypotterystudio.com: qualifies (19s)
13:04:29 judge 130/161 vergecontemporary.org: reject (15s)
13:04:51 judge 131/161 personalceramics.com: reject (22s)
13:05:13 judge 132/161 sbthp.wordpress.com: reject (22s)
13:05:32 judge 133/161 makerhouse.org: qualifies (18s)
13:05:44 judge 134/161 sbcc.edu: reject (12s)
13:05:54 judge 135/161 bbccpottery.com: reject (10s)
13:06:11 judge 136/161 recreation.ucsb.edu: qualifies (17s)
13:06:32 judge 137/161 auburnclayarts.com: reject (21s)
13:06:53 judge 138/161 earthinterruptedpottery.com: qualifies (21s)
13:07:08 judge 139/161 sites.google.com: qualifies (15s)
13:07:34 judge 140/161 mendocinoartcenter.org: qualifies (26s)
13:07:51 judge 141/161 thecuriousforge.org: qualifies (17s)
13:08:08 judge 142/161 johndix.com: qualifies (17s)
13:08:38 judge 143/161 mendocino.edu: qualifies (30s)
13:08:55 judge 144/161 my.ceramicmaterialsworkshop.com: reject (17s)
13:09:21 judge 145/161 earthwithantra.blogspot.com: qualifies (27s)
13:09:41 judge 146/161 clay-mix.com: reject (20s)
13:09:51 judge 147/161 claygurus.com: reject (11s)
13:10:11 judge 148/161 sheffield-pottery.com: reject (19s)
13:10:21 judge 149/161 psh.ca: reject (10s)
13:10:41 judge 150/161 seattlepotterysupply.com: qualifies (20s)
13:11:05 judge 151/161 aardvarkclay.com: reject (24s)
13:11:23 judge 152/161 berkeleypotters.com: qualifies (18s)
13:11:41 judge 153/161 fraservalleypottersguild.com: qualifies (17s)
13:11:51 judge 154/161 visitberkeley.com: reject (11s)
13:12:04 judge 155/161 vcpg.org: reject (13s)
13:12:21 judge 156/161 csulb.edu: reject (17s)
13:12:37 judge 157/161 glendale.edu: reject (16s)
13:12:55 judge 158/161 schoolofservice.org: reject (18s)
13:13:10 judge 159/161 reviewedbyartists.com: reject (15s)
13:13:31 judge 160/161 nalatanalata.com: reject (21s)
13:14:01 judge 161/161 anagama-west.com: reject (29s)
13:14:01 report: 49 qualify, 45 unclear, 117 rejected, 5 social
