13:14:45 rejudge: 18 gas places sent back to the judge
13:14:45 judge: 18 places for gemma4:latest
13:14:54 judge 1/18 ceramicinfospot.com: reject (9s)
13:15:12 judge 2/18 summerstudioslomita.com: reject (18s)
13:15:27 judge 3/18 caclimateinvestments.ca.gov: reject (15s)
13:15:45 judge 4/18 ccc.ca.gov: reject (18s)
13:16:22 judge 5/18 turningearth.org: qualifies (37s)
13:17:22 judge 6/18 classbento.co.uk: reject (59s)
13:18:11 judge 7/18 troveobjectgallery.com: reject (50s)
13:18:59 judge 8/18 slowfireceramics.com: qualifies (48s)
13:20:09 judge 9/18 merme.in: reject (70s)
13:20:45 judge 10/18 santacruzclay.com: reject (36s)
13:21:33 judge 11/18 sunnyvale.ca.gov: reject (47s)
13:22:14 judge 12/18 flmceramics.com: reject (42s)
13:23:20 judge 13/18 mapquest.com: reject (65s)
13:23:54 judge 14/18 auburnclayarts.com: reject (35s)
13:24:38 judge 15/18 sheffield-pottery.com: reject (43s)
13:25:21 judge 16/18 aardvarkclay.com: reject (43s)
13:26:06 judge 17/18 csulb.edu: reject (45s)
13:26:46 judge 18/18 schoolofservice.org: reject (40s)
13:26:46 report: 49 qualify, 47 unclear, 115 rejected, 5 social
