10:45:11 search: 27 new of 27 (each costs 2 Tavily credits)
10:46:01 fetch: 124 places to read (127 total)
10:46:03 fetch: 10 read
10:46:08 fetch: 20 read
10:46:13 fetch: 30 read
10:46:17 fetch: 40 read
10:46:22 fetch: 50 read
10:46:27 fetch: 60 read
10:46:28 fetch: 70 read
10:46:29 fetch: 80 read
10:46:36 fetch: 90 read
10:46:40 fetch: 100 read
10:46:44 fetch: 110 read
10:46:49 fetch: 120 read
10:46:53 judge: 102 places for gemma4:latest
10:47:36 judge 1/102 alsiceramics.com: qualifies (43s)
10:48:04 judge 2/102 paseopottery.com: qualifies (28s)
10:48:27 judge 3/102 clayplayarts.com: qualifies (23s)
10:48:46 judge 4/102 higherfirestudios.com: reject (18s)
10:49:09 judge 5/102 stanleymarketplace.com: qualifies (23s)
10:49:30 judge 6/102 laimaceramics.com: qualifies (21s)
10:49:47 judge 7/102 shelbyprindaville.com: reject (17s)
10:50:05 judge 8/102 noahwoodfired.com: reject (18s)
10:50:21 judge 9/102 eastcreekart.org: reject (16s)
10:50:45 judge 10/102 kusanokashiragama.com: reject (24s)
10:51:06 judge 11/102 westga.edu: reject (21s)
10:51:37 judge 12/102 groundworksartlab.org: qualifies (31s)
10:52:03 judge 13/102 fortcollinspottery.com: qualifies (25s)
10:52:43 judge 14/102 colospringspotterystudio.com: qualifies (40s)
10:53:02 judge 15/102 https://www.eventbrite.com/e/raku-firing-2-night-workshop-horsehair-mica-tera-sig-copper-wire-saggar-tickets-1991839556733: qualifies (19s)
10:53:32 judge 16/102 findapotteryclass.com: qualifies (30s)
10:54:15 judge 17/102 boulderpotterystudio.com: reject (43s)
10:54:35 judge 18/102 stinkycheeseceramics.com: qualifies (20s)
10:55:18 judge 19/102 andersonranch.org: qualifies (43s)
10:55:44 judge 20/102 ceramicscapes.com: qualifies (26s)
10:56:06 judge 21/102 jlpottery.com: qualifies (22s)
10:56:22 judge 22/102 athens.edu: reject (17s)
10:56:40 judge 23/102 thebascom.org: qualifies (17s)
10:56:56 judge 24/102 alabamacenterforthearts.org: reject (16s)
10:57:16 judge 25/102 coloradopotters.org: reject (20s)
10:57:41 judge 26/102 events.humanitix.com: reject (26s)
10:57:56 judge 27/102 thegallerysportsmansclub.com: reject (15s)
10:58:19 judge 28/102 https://allevents.in/fort-collins/raku-firing-2-night-workshop-horsehair-mica-tera-sig-and-copper-wire-saggar/100001991839556733: qualifies (23s)
10:58:37 judge 29/102 do303.com: qualifies (18s)
10:59:04 judge 30/102 cademy.io: reject (27s)
10:59:19 judge 31/102 wilsonandcogallery.com: qualifies (16s)
10:59:45 judge 32/102 potterylist.com: qualifies (26s)
11:00:04 judge 33/102 fac.coloradocollege.edu: qualifies (19s)
11:00:22 judge 34/102 visitcausewaycoastandglens.com: reject (19s)
11:00:51 judge 35/102 anhingaclaystudios.com: qualifies (29s)
11:01:15 judge 36/102 taoofclay.com: qualifies (24s)
11:01:36 judge 37/102 wetravel.com: reject (22s)
11:02:02 judge 38/102 signalsaz.com: qualifies (26s)
11:02:20 judge 39/102 museumfoundation.org: qualifies (18s)
11:02:50 judge 40/102 turningearth.org: reject (30s)
11:03:05 judge 41/102 colorado.edu: qualifies (16s)
11:03:36 judge 42/102 digitalfire.com: reject (31s)
11:04:06 judge 43/102 communityclaydenver.com: qualifies (29s)
11:04:25 judge 44/102 clayastudios.com: reject (19s)
11:04:49 judge 45/102 denverceramicstudio.com: qualifies (24s)
11:05:21 judge 46/102 clay-king.com: reject (32s)
11:05:36 judge 47/102 kinshipdenver.com: unclear (15s)
11:06:00 judge 48/102 alexschuppceramics.com: qualifies (24s)
11:06:23 judge 49/102 asld.org: qualifies (23s)
11:06:41 judge 50/102 creativeartsstudios.com: reject (18s)
11:07:08 judge 51/102 alexadamsclaywork.com: qualifies (27s)
11:07:20 judge 52/102 bonsainut.com: reject (13s)
11:07:37 judge 53/102 laserracollective.org: qualifies (17s)
11:07:50 judge 54/102 givecampus.com: reject (13s)
11:08:14 judge 55/102 tinkerartstudio.com: reject (23s)
11:08:34 judge 56/102 travelboulder.com: qualifies (21s)
11:08:48 judge 57/102 earthandsunpottery.com: reject (14s)
11:09:03 judge 58/102 emberandbloomstudios.com: qualifies (15s)
11:09:18 judge 59/102 22ndstreetclay.net: qualifies (15s)
11:09:35 judge 60/102 paintandfirepottery.com: reject (17s)
11:09:56 judge 61/102 cottonwoodcenterforthearts.com: qualifies (21s)
11:10:19 judge 62/102 ratcitystudios.com: qualifies (23s)
11:10:38 judge 63/102 studiosalespottery.com: qualifies (19s)
11:10:54 judge 64/102 clayworksinc.org: reject (17s)
11:11:14 judge 65/102 josephmirandapottery.com: qualifies (20s)
11:11:26 judge 66/102 flinginpots.com: qualifies (11s)
11:11:41 judge 67/102 apottersplace.com: qualifies (16s)
11:12:00 judge 68/102 boulderpottersguild.org: qualifies (18s)
11:12:10 judge 69/102 throwing-mud.com: reject (11s)
11:12:27 judge 70/102 merme.in: reject (17s)
11:12:51 judge 71/102 ceramicartsnetwork.org: qualifies (23s)
11:13:05 judge 72/102 claycoopstpete.com: qualifies (15s)
11:13:26 judge 73/102 carbondaleclay.org: qualifies (21s)
11:13:40 judge 74/102 cedaroakfarmpottery.com: qualifies (14s)
11:13:53 judge 75/102 577foundation.recdesk.com: qualifies (13s)
11:14:10 judge 76/102 somethingweird.today: qualifies (17s)
11:14:23 judge 77/102 coloradoclaystudio.com: qualifies (13s)
11:14:32 judge 78/102 smokestackpottery.com: reject (8s)
11:14:40 judge 79/102 https://www.eventbrite.com/d/co--fort-collins/pottery-class: reject (9s)
11:14:49 judge 80/102 thespringsceramicsupply.com: reject (9s)
11:14:56 judge 81/102 yellowpages.com: reject (7s)
11:15:16 judge 82/102 seattlepotterysupply.com: qualifies (19s)
11:15:34 judge 83/102 rockymountainclay.com: reject (18s)
11:15:55 judge 84/102 continentalclay.com: reject (21s)
11:16:06 judge 85/102 visitgreeley.com: reject (12s)
11:16:21 judge 86/102 jcgep.org: qualifies (15s)
11:16:34 judge 87/102 arapahoe.edu: qualifies (12s)
11:16:47 judge 88/102 western.edu: reject (13s)
11:17:02 judge 89/102 craftcouncil.org: reject (15s)
11:17:15 judge 90/102 kdnk.org: qualifies (13s)
11:17:25 judge 91/102 themountainpearl.com: qualifies (10s)
11:17:36 judge 92/102 ceramic.school: qualifies (11s)
11:17:46 judge 93/102 nocopottersguild.org: reject (10s)
11:17:59 judge 94/102 simpletix.com: qualifies (13s)
11:18:09 judge 95/102 canyoncourier.com: reject (10s)
11:18:23 judge 96/102 ohio.edu: reject (14s)
11:18:37 judge 97/102 atmos.colostate.edu: reject (13s)
11:19:01 judge 98/102 marianwilliamspottery.com: qualifies (24s)
11:19:10 judge 99/102 transartists.org: reject (10s)
11:19:20 judge 100/102 apalmerart.com: reject (10s)
11:19:33 judge 101/102 nalatanalata.com: reject (13s)
11:19:40 judge 102/102 ceramica.fandom.com: reject (7s)
11:19:40 report: 32 qualify, 25 unclear, 67 rejected, 3 social
