07:46:51 search: 40 new of 40 (each costs 2 Tavily credits)
07:53:21 fetch: 97 places to read (100 total)
07:53:24 fetch: 10 read
07:53:28 fetch: 20 read
07:53:31 fetch: 30 read
07:53:38 fetch: 40 read
07:53:42 fetch: 50 read
07:53:47 fetch: 60 read
07:53:55 fetch: 70 read
07:54:03 fetch: 80 read
07:54:09 fetch: 90 read
08:41:38 fetch: 0 places to read (100 total)
08:41:38 judge: 51 places for gemma4:latest
08:42:00 judge 1/51 lakesidepottery.com: qualifies (22s)
08:42:32 judge 2/51 vicentegarciaart.com: qualifies (32s)
08:42:53 judge 3/51 cotuit.org: qualifies (21s)
08:43:28 judge 4/51 laimaceramics.com: qualifies (35s)
08:43:55 judge 5/51 featherstoneart.app.neoncrm.com: qualifies (27s)
08:44:21 judge 6/51 jacktroy.net: qualifies (26s)
08:44:56 judge 7/51 newenglandwfc.com: qualifies (35s)
08:45:24 judge 8/51 ctclayguild.com: qualifies (28s)
08:45:58 judge 9/51 ny.jpf.go.jp: qualifies (34s)
08:46:24 judge 10/51 barbarajallenceramics.com: unclear (25s)
08:46:43 judge 11/51 mike-stumbras.com: reject (19s)
08:47:12 judge 12/51 alisonpalmerstudio.com: qualifies (29s)
08:47:23 judge 13/51 mudstonestudios.com: qualifies (11s)
08:47:30 judge 14/51 kilnitpotterystudio.com: reject (8s)
08:47:42 judge 15/51 rustykiln.com: reject (11s)
08:47:50 judge 16/51 potterywithapurpose.com: reject (8s)
08:48:12 judge 17/51 kilnshare.com: reject (23s)
08:48:23 judge 18/51 clayartspace.com: qualifies (11s)
08:48:28 judge 19/51 kilnfrog.com: reject (5s)
08:48:43 judge 20/51 chronogram.com: qualifies (15s)
08:48:58 judge 21/51 wshu.org: qualifies (15s)
08:49:13 judge 22/51 newsbreak.com: qualifies (15s)
08:49:23 judge 23/51 newhavenpotterystudio.com: qualifies (10s)
08:49:36 judge 24/51 mudpuddlepottery.com: qualifies (13s)
08:49:45 judge 25/51 aef-stage.com: reject (9s)
08:50:00 judge 26/51 creativeartsworkshop.org: qualifies (15s)
08:50:12 judge 27/51 communitypottery.org: reject (12s)
08:50:26 judge 28/51 kilnfire.com: reject (13s)
08:50:35 judge 29/51 docshare.tips: qualifies (9s)
08:50:47 judge 30/51 clayandkilnstudio.com: reject (12s)
08:50:58 judge 31/51 potteryshedmysticclayart.wordpress.com: reject (11s)
08:51:11 judge 32/51 thecomo.org: qualifies (13s)
08:51:18 judge 33/51 bellhillpottery.com: unclear (6s)
08:51:25 judge 34/51 burnoutpotterystudio.com: reject (7s)
08:51:35 judge 35/51 jonespottery.net: qualifies (10s)
08:51:49 judge 36/51 expressionspottery.com: qualifies (14s)
08:52:01 judge 37/51 guilfordartcenter.org: qualifies (12s)
08:52:13 judge 38/51 reg130.imperisoft.com: qualifies (12s)
08:52:28 judge 39/51 decorhint.com: qualifies (15s)
08:52:46 judge 40/51 wesleyanpotters.com: qualifies (19s)
08:52:58 judge 41/51 register.wesleyanpotters.com: reject (11s)
08:53:06 judge 42/51 my.ceramicmaterialsworkshop.com: unclear (9s)
08:53:27 judge 43/51 millcourtceramics.com: unclear (21s)
08:54:01 judge 44/51 tuckers-pottery-supplies-inc.shoplightspeed.com: reject (34s)
08:54:17 judge 45/51 sheffield-pottery.com: reject (16s)
08:54:38 judge 46/51 mapquest.com: qualifies (21s)
08:54:56 judge 47/51 southernct.edu: qualifies (18s)
08:55:22 judge 48/51 en.wikipedia.org: reject (26s)
08:55:47 judge 49/51 chinatticeramics.com: reject (25s)
08:56:02 judge 50/51 ceramicinfospot.com: reject (15s)
08:56:15 judge 51/51 trevoryoungberg.com: reject (14s)
08:56:15 report: 11 qualify, 21 unclear, 65 rejected, 3 social
