13:50:15 search: 31 new of 31 (each costs 2 Tavily credits)
13:55:20 fetch: 95 places to read (99 total)
13:55:24 fetch: 10 read
13:55:28 fetch: 20 read
13:55:37 fetch: 30 read
13:55:41 fetch: 40 read
13:55:45 fetch: 50 read
13:55:49 fetch: 60 read
13:55:55 fetch: 70 read
13:55:55 fetch: 80 read
13:55:58 fetch: 90 read
13:56:05 judge: 38 places for gemma4:latest
13:56:32 judge 1/38 districtclaycenter.com: qualifies (26s)
13:56:41 judge 2/38 en.wikipedia.org: reject (9s)
13:56:48 judge 3/38 ceramicinfospot.com: reject (7s)
13:56:54 judge 4/38 classcub.com: qualifies (6s)
13:57:03 judge 5/38 notboredindc.com: qualifies (9s)
13:57:10 judge 6/38 rachellindsaypottery.com: qualifies (7s)
13:57:15 judge 7/38 edpm.dc.gov: reject (5s)
13:57:18 judge 8/38 dchr.dc.gov: reject (3s)
13:57:24 judge 9/38 cnbc.com: reject (6s)
13:57:30 judge 10/38 code.dccouncil.gov: reject (6s)
13:57:33 judge 11/38 democracyforward.org: reject (3s)
13:57:37 judge 12/38 potterywithapurpose.com: reject (3s)
13:57:49 judge 13/38 kilnshare.com: reject (13s)
13:57:55 judge 14/38 clayartspace.com: qualifies (6s)
13:57:58 judge 15/38 capitolhillfirewood.com: reject (4s)
13:58:01 judge 16/38 cottonwoodclay.com: reject (3s)
13:58:06 judge 17/38 kilnclubwdc.com: reject (4s)
13:58:11 judge 18/38 studiokusi.kilnfire.com: qualifies (6s)
13:58:21 judge 19/38 johnrileypottery.com: qualifies (10s)
13:58:29 judge 20/38 allfiredupdc.com: reject (7s)
13:58:38 judge 21/38 rakuasiandining.com: qualifies (9s)
13:58:47 judge 22/38 kilnfire.com: reject (9s)
13:58:53 judge 23/38 communitypottery.org: reject (7s)
13:58:57 judge 24/38 studio51ceramics.com: reject (4s)
13:59:04 judge 25/38 glenechopottery.org: qualifies (7s)
13:59:11 judge 26/38 brightleafpottery.com: reject (7s)
13:59:16 judge 27/38 hinckleypottery.com: reject (5s)
13:59:23 judge 28/38 clayandkilnstudio.com: reject (7s)
13:59:27 judge 29/38 biscpotterystudio.com: unclear (4s)
13:59:30 judge 30/38 hillrag.com: reject (4s)
13:59:37 judge 31/38 seatownpottery.com: reject (6s)
13:59:42 judge 32/38 handthrown.studio: qualifies (6s)
13:59:50 judge 33/38 joehicksceramics.com: qualifies (8s)
13:59:54 judge 34/38 glazequeen.com: reject (3s)
13:59:57 judge 35/38 euclids.com: reject (3s)
14:00:00 judge 36/38 biscuitceramics.com: reject (3s)
14:00:10 judge 37/38 scottpots.com: reject (9s)
14:00:15 judge 38/38 schoolofservice.org: reject (6s)
14:00:15 report: 4 qualify, 8 unclear, 83 rejected, 4 social
