13:35:24 search: 31 new of 31 (each costs 2 Tavily credits)
13:41:42 fetch: 103 places to read (107 total)
13:41:43 fetch: 10 read
13:41:48 fetch: 20 read
13:41:56 fetch: 30 read
13:42:03 fetch: 40 read
13:42:10 fetch: 50 read
13:42:15 fetch: 60 read
13:42:26 fetch: 70 read
13:42:33 fetch: 80 read
13:42:41 fetch: 90 read
13:42:47 fetch: 100 read
13:42:51 judge: 42 places for gemma4:latest
13:43:27 judge 1/42 ceramicinfospot.com: reject (36s)
13:43:38 judge 2/42 farmandfire.com: reject (11s)
13:43:44 judge 3/42 canvas.kirklandartscenter.org: reject (7s)
13:43:51 judge 4/42 nps.gov: reject (7s)
13:44:04 judge 5/42 delawarepotterystudios.com: qualifies (13s)
13:44:11 judge 6/42 delawarescene.com: reject (7s)
13:44:18 judge 7/42 newcastlede.gov: unclear (7s)
13:44:28 judge 8/42 rebelpotters.kilnfire.com: qualifies (9s)
13:44:36 judge 9/42 workingtheflame.com: reject (8s)
13:44:59 judge 10/42 alisonwestceramics.com: reject (23s)
13:45:05 judge 11/42 classcentral.com: reject (6s)
13:45:22 judge 12/42 digitalfire.com: reject (18s)
13:45:29 judge 13/42 potterywithapurpose.com: reject (7s)
13:45:44 judge 14/42 recoveringclay.com: reject (15s)
13:46:03 judge 15/42 kilnshare.com: reject (19s)
13:46:27 judge 16/42 theceramicshop.com: qualifies (24s)
13:46:37 judge 17/42 clayartspace.com: qualifies (10s)
13:46:42 judge 18/42 cursist-courses.com: reject (5s)
13:46:48 judge 19/42 dhss.delaware.gov: reject (6s)
13:46:58 judge 20/42 clayandkilnstudio.com: reject (9s)
13:47:08 judge 21/42 communitypottery.org: reject (11s)
13:47:16 judge 22/42 shop.folkwarestudio.com: qualifies (8s)
13:47:24 judge 23/42 shop.app: qualifies (8s)
13:47:32 judge 24/42 doverpottery.studio: reject (8s)
13:47:44 judge 25/42 aboutmybeaches.com: qualifies (12s)
13:47:58 judge 26/42 rehobothartleague.org: qualifies (14s)
13:48:07 judge 27/42 visitsoutherndelaware.com: qualifies (10s)
13:48:19 judge 28/42 my.ceramicmaterialsworkshop.com: qualifies (12s)
13:48:24 judge 29/42 homemade.education: reject (5s)
13:48:30 judge 30/42 community.ceramicartsdaily.org: reject (5s)
13:48:39 judge 31/42 thepaddockstudiopottery.com: reject (9s)
13:48:44 judge 32/42 hotfoxpottery.com: reject (5s)
13:48:53 judge 33/42 yuup.co: reject (9s)
13:48:58 judge 34/42 dev.lewes.co.uk: reject (5s)
13:49:03 judge 35/42 glazequeen.com: reject (5s)
13:49:08 judge 36/42 sheffield-pottery.com: reject (5s)
13:49:19 judge 37/42 aardvarkclay.com: reject (11s)
13:49:29 judge 38/42 delart.org: qualifies (10s)
13:49:42 judge 39/42 en.wikipedia.org: reject (13s)
13:49:53 judge 40/42 cassvilleanagama.com: reject (12s)
13:50:09 judge 41/42 katsutaroukikuchi.com: reject (16s)
13:50:15 judge 42/42 rakuasiandining.com: reject (6s)
13:50:15 report: 1 qualify, 11 unclear, 91 rejected, 4 social
