14:46:42 deep-extract: 324 places
14:46:45 deep-extract 1/324 CA the-crucible: 0 events, addr yes, upcoming
14:46:45 deep-extract 2/324 CA spiffy-pottery-studio: 0 events, addr yes, ongoing
14:46:46 deep-extract 3/324 CA jtown-clay-higher-fire: 1 events, addr yes, upcoming
14:46:49 deep-extract 4/324 CA kickwheel-sonoma: 2 events, addr yes, ongoing
14:46:51 deep-extract 5/324 CA sebastopol-center-for-the-arts: 0 events, addr yes, past_only
14:46:51 deep-extract 6/324 CA oribe-firing-center: 0 events, addr no, upcoming
14:46:52 deep-extract 7/324 CA clayfolk-studio: 2 events, addr yes, coming_soon
14:46:55 deep-extract 8/324 CA john-dix: 0 events, addr no, upcoming
14:46:55 deep-extract 9/324 CA green-bisque-clayhouse: 2 events, addr yes, upcoming
14:46:56 deep-extract 10/324 CA element-art-center: 0 events, addr no, null
14:46:57 deep-extract 11/324 CA american-museum-of-ceramic-art-amoca: 3 events, addr yes, upcoming
14:46:59 deep-extract 12/324 CA claytivity-pottery-studio: 0 events, addr yes, past_only
14:47:00 deep-extract 13/324 CA element-art-center-ca: 0 events, addr no, null
14:47:01 deep-extract 14/324 CA ica-north: 0 events, addr yes, past_only
14:47:01 deep-extract 15/324 CA ceramic-heights: 0 events, addr yes, upcoming
14:47:04 deep-extract 16/324 CA claytivity-pottery-studio-ca: 0 events, addr yes, past_only
14:47:04 deep-extract 17/324 CA acai-studios-gallery: 4 events, addr yes, upcoming
14:47:05 deep-extract 18/324 CA common-clay-space: 0 events, addr yes, upcoming
14:47:07 deep-extract 19/324 CA tao-of-clay: 0 events, addr no, ongoing
14:47:07 deep-extract 20/324 CA amoca-ceramics-studio: 0 events, addr yes, upcoming
14:47:10 deep-extract 21/324 CO alsi-ceramics: 2 events, addr no, upcoming
14:47:11 deep-extract 22/324 CO alex-schupp-ceramics: 0 events, addr yes, coming_soon
14:47:13 deep-extract 23/324 CO jl-pottery-justin: 0 events, addr no, coming_soon
14:47:13 deep-extract 24/324 CO asld-art-students-league-of-denver: 0 events, addr yes, past_only
14:47:14 deep-extract 25/324 CA clay-creations: 0 events, addr yes, upcoming
14:47:17 deep-extract 26/324 CO flingin-pots: 0 events, addr yes, coming_soon
14:47:18 deep-extract 27/324 CO denver-ceramic-studio: 7 events, addr yes, upcoming
14:47:18 deep-extract 28/324 CO cottonwood-center-for-the-arts: 0 events, addr yes, ongoing
14:47:21 deep-extract 29/324 CO boulder-potters-guild: 0 events, addr yes, upcoming
14:47:21 deep-extract 30/324 CO groundworks-art-lab: 1 events, addr yes, upcoming
14:47:21 deep-extract 31/324 CO steamboatcreates: 0 events, addr yes, ongoing
14:47:24 deep-extract 32/324 CT newenglandwfc: 0 events, addr no, upcoming
14:47:26 deep-extract 33/324 CO carbondale-clay-center: 2 events, addr yes, upcoming
14:47:27 deep-extract 34/324 CT the-japan-foundation: 0 events, addr no, upcoming
14:47:28 deep-extract 35/324 CT vicentegarciaart: 4 events, addr no, upcoming
14:47:28 deep-extract 36/324 CO warehome-studios: 1 events, addr yes, upcoming
14:47:33 deep-extract 37/324 CT creative-arts-workshop: 0 events, addr yes, upcoming
14:47:34 deep-extract 38/324 CT expressions-pottery: 1 events, addr yes, upcoming
14:47:34 deep-extract 39/324 CT institute-for-american-indian-studies: 0 events, addr yes, past_only
14:47:36 deep-extract 40/324 CT lisa-york-arts: 0 events, addr no, past_only
14:47:36 deep-extract 41/324 CT canton-clay-works: 2 events, addr yes, upcoming
14:47:37 deep-extract 42/324 DC district-clay-center-dc: 0 events, addr yes, ongoing
14:47:38 deep-extract 43/324 DC clay-cafe: 0 events, addr no, null
14:47:38 deep-extract 44/324 DE lakeside-pottery: 0 events, addr no, coming_soon
14:47:40 deep-extract 45/324 DC rachel-lindsay-pottery: 2 events, addr no, upcoming
14:47:41 deep-extract 46/324 FL the-clay-co-op: 1 events, addr yes, ongoing
14:47:42 deep-extract 47/324 FL atlantic-beach-arts-market: 0 events, addr yes, upcoming
14:47:43 deep-extract 48/324 FL atlantic-pottery-supply: 0 events, addr yes, upcoming
14:47:43 deep-extract 49/324 FL eniko-ujj-nick-phoenix: 1 events, addr no, upcoming
14:47:44 deep-extract 50/324 FL eat-your-yard-jax: 0 events, addr yes, past_only
14:47:45 deep-extract 51/324 FL make-space: 0 events, addr yes, coming_soon
14:47:47 deep-extract 52/324 FL first-city-art-center: 0 events, addr yes, ongoing
14:47:47 deep-extract 53/324 FL sarasota-clay-company: 0 events, addr yes, upcoming
14:47:48 deep-extract 54/324 FL richard-rosen-s-studio: 0 events, addr no, ongoing
14:47:48 deep-extract 55/324 FL let-it-burn-pottery: 0 events, addr no, ongoing
14:47:49 deep-extract 56/324 FL super-awesome-cool-pottery: 0 events, addr yes, upcoming
14:47:50 deep-extract 57/324 FL smith-works-studios: 0 events, addr yes, upcoming
14:47:51 deep-extract 58/324 FL lemoyne-arts-at-studios-of-lemoyne: 0 events, addr no, null
14:47:52 deep-extract 59/324 FL morean-workshop-space: 0 events, addr yes, upcoming
14:47:53 deep-extract 60/324 FL morean-center-for-clay: 0 events, addr yes, past_only
14:47:54 deep-extract 61/324 FL gulf-coast-kiln-walk-society: 0 events, addr no, coming_soon
14:47:56 deep-extract 62/324 GA callanwolde-fine-arts-center: 0 events, addr yes, upcoming
14:47:56 deep-extract 63/324 FL tampa-museum-of-art: 1 events, addr yes, past_only
14:47:59 deep-extract 64/324 GA clayer-co: 0 events, addr no, ongoing
14:47:59 deep-extract 65/324 HI hawai-i-craftsmen: 0 events, addr yes, upcoming
14:48:00 deep-extract 66/324 GA atlanta-clay-works: 4 events, addr yes, upcoming
14:48:02 deep-extract 67/324 HI nendo-studio-hawaii: 0 events, addr yes, ongoing
14:48:03 deep-extract 68/324 IA iowa-ceramics-center-and-glass-studio: 0 events, addr yes, ongoing
14:48:03 deep-extract 69/324 GA mudfire-pottery-studio-and-gallery: 0 events, addr yes, ongoing
14:48:04 deep-extract 70/324 IA arthaus: 0 events, addr no, null
14:48:05 deep-extract 71/324 IA paul-koch: 1 events, addr yes, upcoming
14:48:06 deep-extract 72/324 HI hawaii-ceramic-supply: 2 events, addr yes, past_only
14:48:07 deep-extract 73/324 IL cu-potter-s-club: 0 events, addr yes, ongoing
14:48:08 deep-extract 74/324 ID ceramica-arthouse: 1 events, addr yes, past_only
14:48:08 deep-extract 75/324 IL wheel-art-pottery-studios: 0 events, addr yes, ongoing
14:48:10 deep-extract 76/324 IL house-of-clay-ks: 0 events, addr no, upcoming
14:48:10 deep-extract 77/324 IN indy-art-center: 0 events, addr no, ongoing
14:48:13 deep-extract 78/324 IN the-community-learning-center: 0 events, addr yes, past_only
14:48:15 deep-extract 79/324 IL common-clay-space-miki-shim: 0 events, addr yes, upcoming
14:48:16 deep-extract 80/324 IN fire-arts-inc-in: 1 events, addr yes, upcoming
14:48:18 deep-extract 81/324 KY art-center-bluegrass: 0 events, addr yes, ongoing
14:48:18 deep-extract 82/324 IN lala-gallery: 1 events, addr yes, upcoming
14:48:19 deep-extract 83/324 KS house-of-clay: 1 events, addr no, upcoming
14:48:20 deep-extract 84/324 LA earth-fire-pottery-classes-and-gallery: 0 events, addr yes, ongoing
14:48:20 deep-extract 85/324 IN northern-indiana-clay-alliance: 7 events, addr yes, upcoming
14:48:22 deep-extract 86/324 KY ryandurbinceramics: 1 events, addr yes, coming_soon
14:48:22 deep-extract 87/324 KY art-center-of-the-bluegrass: 0 events, addr yes, past_only
14:48:22 deep-extract 88/324 MA snow-farm: 0 events, addr yes, coming_soon
14:48:25 deep-extract 89/324 MA the-potters-shop-school: 0 events, addr yes, ongoing
14:48:26 deep-extract 90/324 MA berkshire-art-center: 0 events, addr yes, upcoming
14:48:27 deep-extract 91/324 MA dewclaw-studios: 0 events, addr no, null
14:48:27 deep-extract 92/324 MA the-umbrella-arts-center: 0 events, addr yes, upcoming
14:48:27 deep-extract 93/324 MA castle-hill-truro: 0 events, addr yes, upcoming
14:48:30 deep-extract 94/324 MA mudflat: 0 events, addr yes, past_only
14:48:30 deep-extract 95/324 MA lexart: 0 events, addr yes, past_only
14:48:32 deep-extract 96/324 MA ben-eberle-ceramics-karma-kiln: 2 events, addr no, coming_soon
14:48:34 deep-extract 97/324 MA featherstone-center-for-the-arts: 0 events, addr yes, past_only
14:48:34 deep-extract 98/324 MA indigo-fire-pottery-studio: 1 events, addr yes, upcoming
14:48:34 deep-extract 99/324 MA worcester-center-for-crafts: 0 events, addr yes, coming_soon
14:48:36 deep-extract 100/324 MA pottery-mill: 0 events, addr yes, ongoing
14:48:36 deep-extract 101/324 MA old-school-clay-and-ceramics: 0 events, addr yes, upcoming
14:48:38 deep-extract 102/324 MA harvard: 0 events, addr yes, ongoing
14:48:38 deep-extract 103/324 MA the-umbrella-arts-center-ma: 0 events, addr yes, past_only
14:48:40 deep-extract 104/324 MD baltimore-clayworks: 2 events, addr yes, upcoming
14:48:41 deep-extract 105/324 MA lois-hirshberg: 0 events, addr no, upcoming
14:48:42 deep-extract 106/324 MD arts-lab-of-south-county: 0 events, addr yes, upcoming
14:48:43 deep-extract 107/324 MD visarts-md: 0 events, addr no, ongoing
14:48:44 deep-extract 108/324 MD kilnjoy-ceramics: 0 events, addr yes, past_only
14:48:47 deep-extract 109/324 ME haystack: 0 events, addr yes, upcoming
14:48:48 deep-extract 110/324 ME watershed: 0 events, addr yes, upcoming
14:48:48 deep-extract 111/324 MD academy-art-museum: 0 events, addr yes, ongoing
14:48:51 deep-extract 112/324 ME maine-college-of-art-continuing-studies: 0 events, addr yes, upcoming
14:48:52 deep-extract 113/324 ME waterville-creates: 5 events, addr yes, ongoing
14:48:53 deep-extract 114/324 ME coastal-maine-raku-pit-firing: 2 events, addr yes, past_only
14:48:55 deep-extract 115/324 ME turning-arts-studio: 0 events, addr no, upcoming
14:48:55 deep-extract 116/324 ME nate-winter-studios: 2 events, addr no, upcoming
14:48:55 deep-extract 117/324 ME portland-pottery: 1 events, addr yes, upcoming
14:48:56 deep-extract 118/324 ME maine-crafts-association: 0 events, addr yes, upcoming
14:48:58 deep-extract 119/324 MI ox-bow: 0 events, addr no, coming_soon
14:48:58 deep-extract 120/324 ME tyler-gulden-ceramics: 0 events, addr yes, past_only
14:48:58 deep-extract 121/324 MI pewabic: 0 events, addr yes, upcoming
14:49:01 deep-extract 122/324 MI kalamazoo-institute-of-arts: 0 events, addr yes, ongoing
14:49:02 deep-extract 123/324 MI the-potters-guild: 1 events, addr yes, upcoming
14:49:03 deep-extract 124/324 MI yourist-studio-gallery: 0 events, addr yes, upcoming
14:49:04 deep-extract 125/324 MI ceramics-school: 4 events, addr yes, upcoming
14:49:04 deep-extract 126/324 MI creative-arts-studios: 0 events, addr yes, ongoing
14:49:07 deep-extract 127/324 MN northern-clay-center: 0 events, addr yes, ongoing
14:49:08 deep-extract 128/324 MN grand-marais-art-colony: 0 events, addr yes, ongoing
14:49:08 deep-extract 129/324 MI glen-arbor-arts-center: 0 events, addr yes, past_only
14:49:10 deep-extract 130/324 MN minnetonka-center-for-the-arts: 0 events, addr yes, ongoing
14:49:11 deep-extract 131/324 MN buffalo-art-guild: 0 events, addr yes, upcoming
14:49:11 deep-extract 132/324 MN north-house-folk-school: 0 events, addr yes, past_only
14:49:13 deep-extract 133/324 MO kc-clay-guild: 1 events, addr yes, upcoming
14:49:13 deep-extract 134/324 MI clayspacetc: 0 events, addr yes, ongoing
14:49:14 deep-extract 135/324 MO belger-arts: 1 events, addr yes, upcoming
14:49:16 deep-extract 136/324 MO artistree-pottery: 0 events, addr yes, upcoming
14:49:16 deep-extract 137/324 MO back-door-pottery: 2 events, addr yes, upcoming
14:49:17 deep-extract 138/324 MS biloxi-center-for-ceramics: 0 events, addr yes, past_only
14:49:19 deep-extract 139/324 MT red-lodge-clay-center: 1 events, addr yes, upcoming
14:49:20 deep-extract 140/324 MS ohr-okeefe-ceramics: 0 events, addr yes, upcoming
14:49:21 deep-extract 141/324 MT theclaystudioofmissoula: 0 events, addr yes, past_only
14:49:23 deep-extract 142/324 MT archie-bray: 0 events, addr no, ongoing
14:49:23 deep-extract 143/324 MT clay-arts-guild-of-helena: 0 events, addr yes, upcoming
14:49:24 deep-extract 144/324 MT mondak-heritage-center: 0 events, addr no, past_only
14:49:24 deep-extract 145/324 NC penland: 0 events, addr yes, upcoming
14:49:25 deep-extract 146/324 NC john-c-campbell: 0 events, addr yes, ongoing
14:49:27 deep-extract 147/324 NC sawtooth: 1 events, addr yes, ongoing
14:49:28 deep-extract 148/324 NC the-bascom: 2 events, addr yes, upcoming
14:49:29 deep-extract 149/324 NC delores-pottery-studios: 0 events, addr yes, past_only
14:49:29 deep-extract 150/324 NC wood-song-pottery: 0 events, addr yes, past_only
14:49:32 deep-extract 151/324 NC doug-dotson-pottery: 3 events, addr yes, upcoming
14:49:35 deep-extract 152/324 NC raku-workshop-leland: 1 events, addr yes, upcoming
14:49:38 deep-extract 153/324 NC clayworks: 11 events, addr yes, upcoming
14:49:40 deep-extract 154/324 NC jeff-brown-pottery: 0 events, addr yes, past_only
14:49:44 deep-extract 155/324 NC avl-clay: 1 events, addr yes, upcoming
14:49:44 deep-extract 156/324 NC cedar-oak-farm-pottery: ERR Expected ',' or ']' after array element in JSON at position 5061 (line 117 column 6)
14:49:44 deep-extract 157/324 NC fat-cat-pottery: ERR Expected ',' or ']' after array element in JSON at position 5131 (line 129 column 6)
14:49:45 deep-extract 158/324 NC gertrude-graham-smith-pottery: 0 events, addr yes, past_only
14:49:48 deep-extract 159/324 NC sawtooth-school-for-visual-art: 0 events, addr yes, past_only
14:49:49 deep-extract 160/324 NC cedar-creek-gallery: 1 events, addr yes, annual
14:49:51 deep-extract 161/324 NC jackson-county-green-energy-park: ERR Unexpected non-whitespace character after JSON at position 1547 (line 38 column 1)
14:49:52 deep-extract 162/324 NC riverwood-pottery: 0 events, addr no, past_only
14:49:53 deep-extract 163/324 NE omaha-pottery-studio: 0 events, addr no, coming_soon
14:49:54 deep-extract 164/324 NE lux-center: 2 events, addr yes, ongoing
14:49:55 deep-extract 165/324 NE bone-creek-museum-of-agrarian-art: 0 events, addr yes, upcoming
14:49:55 deep-extract 166/324 NH rooted-in-clay: 0 events, addr yes, ongoing
14:49:56 deep-extract 167/324 NH the-wheel-house: 0 events, addr yes, ongoing
14:49:58 deep-extract 168/324 NJ jersey-clay-society: 0 events, addr yes, coming_soon
14:49:59 deep-extract 169/324 NC woodfire-nc: ERR Unexpected non-whitespace character after JSON at position 4283 (line 98 column 1)
14:50:00 deep-extract 170/324 NJ peters-valley: 3 events, addr yes, upcoming
14:50:00 deep-extract 171/324 NM new-mexico-clay: 0 events, addr no, null
14:50:01 deep-extract 172/324 NJ toshiko-takaezu-ceramic-studios: 0 events, addr yes, past_only
14:50:02 deep-extract 173/324 NM museum-of-new-mexico-foundation: 0 events, addr yes, past_only
14:50:04 deep-extract 174/324 NJ potters-8217-guild-of-new-jersey: 2 events, addr no, upcoming
14:50:05 deep-extract 175/324 NM nm-potters-and-clay-artists-nmpca: 0 events, addr no, coming_soon
14:50:08 deep-extract 176/324 NM calliope-gallery: 2 events, addr yes, upcoming
14:50:09 deep-extract 177/324 NM taos-ceramics-center: 1 events, addr yes, upcoming
14:50:11 deep-extract 178/324 NM potters-guild-of-las-cruces: 3 events, addr no, upcoming
14:50:11 deep-extract 179/324 NV tuscarora-pottery-school: 0 events, addr yes, coming_soon
14:50:11 deep-extract 180/324 NM paseo-pottery: 9 events, addr yes, upcoming
14:50:13 deep-extract 181/324 NY 28a-clay: 0 events, addr yes, past_only
14:50:13 deep-extract 182/324 NV nevada-clay-guild: 1 events, addr no, upcoming
14:50:16 deep-extract 183/324 NY craigardan: 0 events, addr yes, upcoming
14:50:17 deep-extract 184/324 NY the-oki-doki-studio-andrew-sartorius: 1 events, addr no, upcoming
14:50:17 deep-extract 185/324 NY woodstock-byrdcliffe-guild: 0 events, addr yes, upcoming
14:50:18 deep-extract 186/324 NV animal-house-pottery: 2 events, addr yes, upcoming
14:50:18 deep-extract 187/324 NY studio-sales-pottery: 0 events, addr no, past_only
14:50:20 deep-extract 188/324 NY view-arts-center: 1 events, addr yes, upcoming
14:50:21 deep-extract 189/324 NY the-d-amico-institute-of-art: 0 events, addr yes, past_only
14:50:21 deep-extract 190/324 NY artshack-at-camp-singers: 0 events, addr no, past_only
14:50:22 deep-extract 191/324 NY andrew-sartorius-ceramics: 0 events, addr yes, coming_soon
14:50:23 deep-extract 192/324 NY choplet-ceramic-studio: 0 events, addr yes, upcoming
14:50:25 deep-extract 193/324 NY waterbrook-potters-studio: 1 events, addr yes, upcoming
14:50:25 deep-extract 194/324 NY makerspace-nyc: 3 events, addr no, upcoming
14:50:26 deep-extract 195/324 NY long-island-university: 0 events, addr no, past_only
14:50:26 deep-extract 196/324 NY thousand-islands-arts-center: 0 events, addr yes, ongoing
14:50:28 deep-extract 197/324 OH langweil-studio-pottery: 0 events, addr yes, coming_soon
14:50:28 deep-extract 198/324 OH clifton-cultural-arts: 0 events, addr yes, past_only
14:50:29 deep-extract 199/324 OH kiln-room: 0 events, addr yes, coming_soon
14:50:30 deep-extract 200/324 OH willahollow-pottery: 3 events, addr yes, upcoming
14:50:31 deep-extract 201/324 OH don-drumm-studios-jack-s-kiln-repair-training: 0 events, addr no, coming_soon
14:50:32 deep-extract 202/324 OH the-cracked-pot-studio: 0 events, addr yes, past_only
14:50:32 deep-extract 203/324 OH yellow-springs-raku-day-john-bryan-community-pot: 1 events, addr yes, upcoming
14:50:34 deep-extract 204/324 OK okc-pottery-studio: 0 events, addr no, coming_soon
14:50:35 deep-extract 205/324 OH canton-museum-of-art: 0 events, addr yes, upcoming
14:50:36 deep-extract 206/324 OK oklahoma-contemporary: 0 events, addr yes, ongoing
14:50:38 deep-extract 207/324 OH 577-foundation-oh: 4 events, addr no, upcoming
14:50:38 deep-extract 208/324 OK oklahoma-state-university: 0 events, addr yes, upcoming
14:50:39 deep-extract 209/324 OR opa-east-creek: 0 events, addr no, past_only
14:50:41 deep-extract 210/324 OH communitypottery: 0 events, addr yes, upcoming
14:50:41 deep-extract 211/324 OR radius-art-studio: 1 events, addr yes, upcoming
14:50:43 deep-extract 212/324 OR rogue-valley-pottery: 0 events, addr yes, upcoming
14:50:43 deep-extract 213/324 OR jay-widmer: 0 events, addr no, coming_soon
14:50:44 deep-extract 214/324 OR sitka-center: 0 events, addr yes, coming_soon
14:50:45 deep-extract 215/324 OR elemental-studios-pdx: 4 events, addr yes, upcoming
14:50:46 deep-extract 216/324 OR georgies-ceramic-clay-co: 0 events, addr no, ongoing
14:50:48 deep-extract 217/324 OR calapooia-clay: 0 events, addr yes, ongoing
14:50:49 deep-extract 218/324 OR willamette-art-center: 2 events, addr yes, upcoming
14:50:52 deep-extract 219/324 OR clay-space: 0 events, addr yes, upcoming
14:50:53 deep-extract 220/324 OR st-johns-clay-collective: 0 events, addr yes, upcoming
14:50:55 deep-extract 221/324 OR oregon-coast-school-of-art: 0 events, addr yes, upcoming
14:50:56 deep-extract 222/324 OR synergy-ceramics: 5 events, addr yes, upcoming
14:50:56 deep-extract 223/324 OR east-creek-anagama: 0 events, addr no, null
14:50:56 deep-extract 224/324 OR rogue-valley-pottery-supply-and-studios: 0 events, addr yes, past_only
14:50:57 deep-extract 225/324 OR portland-parks-or: 0 events, addr yes, past_only
14:50:59 deep-extract 226/324 PA clay-studio-philadelphia: 0 events, addr yes, ongoing
14:50:59 deep-extract 227/324 PA main-line-art-center: 0 events, addr yes, ongoing
14:51:00 deep-extract 228/324 PA tyler-park-arts: 0 events, addr yes, upcoming
14:51:01 deep-extract 229/324 PA community-arts-center: 0 events, addr yes, past_only
14:51:03 deep-extract 230/324 PA fleisher-art-memorial-allens-lane-art-center: 0 events, addr yes, upcoming
14:51:04 deep-extract 231/324 PA kettle-creek-pottery: 1 events, addr no, upcoming
14:51:05 deep-extract 232/324 PA historic-yellow-springs: 1 events, addr yes, upcoming
14:51:06 deep-extract 233/324 PA fireborn-studios: 0 events, addr yes, ongoing
14:51:07 deep-extract 234/324 PA lancaster-creative-factory: 2 events, addr yes, upcoming
14:51:08 deep-extract 235/324 PA northampton-community-college: 0 events, addr no, coming_soon
14:51:08 deep-extract 236/324 PA union-project: 2 events, addr yes, upcoming
14:51:08 deep-extract 237/324 PA erie-clayspace: 0 events, addr yes, ongoing
14:51:10 deep-extract 238/324 PA yayclay: 0 events, addr no, past_only
14:51:11 deep-extract 239/324 PA pittsburgh-center-for-arts-media: 0 events, addr yes, coming_soon
14:51:12 deep-extract 240/324 PA allens-lane-art-center: 0 events, addr yes, ongoing
14:51:12 deep-extract 241/324 PA community-arts-center-ks: 0 events, addr yes, upcoming
14:51:12 deep-extract 242/324 PA union-project-pa: 1 events, addr no, coming_soon
14:51:14 deep-extract 243/324 SC rob-gentry-s-firesong-anagama-kiln: 0 events, addr no, ongoing
14:51:16 deep-extract 244/324 TN arrowmont: 0 events, addr no, null
14:51:16 deep-extract 245/324 RI riblogger: 0 events, addr no, past_only
14:51:19 deep-extract 246/324 PA goggleworks-center-for-the-arts: 4 events, addr yes, upcoming
14:51:19 deep-extract 247/324 TN mighty-mud: 1 events, addr yes, upcoming
14:51:22 deep-extract 248/324 RI steel-yard: 1 events, addr yes, upcoming
14:51:22 deep-extract 249/324 TN the-maker-city: 0 events, addr no, coming_soon
14:51:22 deep-extract 250/324 TN the-clay-lady-s-campus: 0 events, addr yes, upcoming
14:51:24 deep-extract 251/324 TX craft-guild-dallas: 0 events, addr yes, ongoing
14:51:24 deep-extract 252/324 TX contemporary-austin-art-school: 0 events, addr yes, past_only
14:51:27 deep-extract 253/324 TX fire-gallery: 0 events, addr yes, ongoing
14:51:27 deep-extract 254/324 TX eye-of-the-dog-art-center: 0 events, addr no, past_only
14:51:27 deep-extract 255/324 TX feats-of-clay-pottery: 0 events, addr yes, upcoming
14:51:28 deep-extract 256/324 TN common-grace-pottery: 9 events, addr yes, upcoming
14:51:30 deep-extract 257/324 TX cera: 0 events, addr yes, ongoing
14:51:31 deep-extract 258/324 TX potters-place-pottery: 0 events, addr yes, past_only
14:51:31 deep-extract 259/324 TX four-circle-studio: 1 events, addr yes, upcoming
14:51:33 deep-extract 260/324 TX cliff-house-studio-and-gallery: 0 events, addr yes, upcoming
14:51:35 deep-extract 261/324 TX rockport-center-for-the-arts: 0 events, addr yes, past_only
14:51:35 deep-extract 262/324 TX lhuca-clay-studio: 1 events, addr yes, upcoming
14:51:35 deep-extract 263/324 TX fire-gallery-and-studio: 0 events, addr no, past_only
14:51:35 deep-extract 264/324 TX roadrunner-ceramics: 1 events, addr yes, upcoming
14:51:37 deep-extract 265/324 TX oblate-clay: 0 events, addr yes, ongoing
14:51:37 deep-extract 266/324 TX fire-gallery-tx: 0 events, addr no, ongoing
14:51:38 deep-extract 267/324 TX marc-jeannin-pottery: 0 events, addr no, past_only
14:51:38 deep-extract 268/324 TX summersault: 0 events, addr no, coming_soon
14:51:39 deep-extract 269/324 TX the-craft-guild: 0 events, addr yes, ongoing
14:51:41 deep-extract 270/324 TX art-center-of-corpus-christi: 0 events, addr yes, ongoing
14:51:41 deep-extract 271/324 TX mckinney-art-house: 0 events, addr no, ongoing
14:51:43 deep-extract 272/324 TX barry-brown-clay-studio-gallery: 0 events, addr yes, upcoming
14:51:43 deep-extract 273/324 TX utsa-college-of-liberal-and-fine-arts: 0 events, addr yes, ongoing
14:51:44 deep-extract 274/324 UT pottery-workshops-slc: 0 events, addr no, ongoing
14:51:44 deep-extract 275/324 UT cruz-quintero-ceramics: 0 events, addr no, coming_soon
14:51:45 deep-extract 276/324 UT petersen-art-center: 0 events, addr yes, ongoing
14:51:45 deep-extract 277/324 VA art-league-va: 0 events, addr no, null
14:51:45 deep-extract 278/324 VA cub-creek: 0 events, addr yes, coming_soon
14:51:47 deep-extract 279/324 VA visarts: 1 events, addr yes, upcoming
14:51:47 deep-extract 280/324 VA bradley-b-pottery: 0 events, addr yes, coming_soon
14:51:49 deep-extract 281/324 VA the-workshop-at-timber-ridge: 0 events, addr no, coming_soon
14:51:49 deep-extract 282/324 VA muddy-creek-pottery: 0 events, addr yes, upcoming
14:51:52 deep-extract 283/324 VA river-city-clay: 1 events, addr yes, ongoing
14:51:52 deep-extract 284/324 VA the-workshop-at-timber-ridge-va: 0 events, addr yes, ongoing
14:51:53 deep-extract 285/324 VA bradley-b-pottery-md: 0 events, addr no, past_only
14:51:54 deep-extract 286/324 VA virginia-beach-art-center-inc: 0 events, addr yes, past_only
14:51:54 deep-extract 287/324 VA althouse-pottery: 5 events, addr yes, upcoming
14:51:55 deep-extract 288/324 VA the-district-clay-center: 0 events, addr yes, ongoing
14:51:57 deep-extract 289/324 VT middlebury-studio-school: 1 events, addr yes, upcoming
14:51:58 deep-extract 290/324 VT farmhouse-pottery: 0 events, addr yes, ongoing
14:51:58 deep-extract 291/324 VT orchard-street-pottery: 0 events, addr yes, coming_soon
14:51:59 deep-extract 292/324 VT luke-iannuzzi-pottery: 0 events, addr yes, past_only
14:52:00 deep-extract 293/324 WA pottery-northwest: 0 events, addr yes, ongoing
14:52:03 deep-extract 294/324 VT jackie-sedlock-pottery-vt: 0 events, addr yes, past_only
14:52:03 deep-extract 295/324 WA seattle-artist-league: 2 events, addr yes, upcoming
14:52:03 deep-extract 296/324 WA norris-arts: 0 events, addr yes, ongoing
14:52:04 deep-extract 297/324 VT middlebury-studio-school-vt: 4 events, addr yes, upcoming
14:52:08 deep-extract 298/324 WA rain-city-clay: 2 events, addr yes, upcoming
14:52:08 deep-extract 299/324 WA burnish-clay-studio: 1 events, addr yes, upcoming
14:52:10 deep-extract 300/324 WA the-clay-connection: 0 events, addr yes, ongoing
14:52:11 deep-extract 301/324 WA rat-city-studios: 0 events, addr yes, upcoming
14:52:12 deep-extract 302/324 WA gathering-ways: 0 events, addr no, upcoming
14:52:14 deep-extract 303/324 WA evergreen-coast-pit-workshop: 0 events, addr no, past_only
14:52:15 deep-extract 304/324 WA seattle-pottery-supply-wa: 0 events, addr yes, coming_soon
14:52:15 deep-extract 305/324 WA eastside-pottery: 0 events, addr yes, ongoing
14:52:17 deep-extract 306/324 WA ilwaco-artworks: 0 events, addr yes, past_only
14:52:18 deep-extract 307/324 WA spokane-potters-guild: 1 events, addr no, upcoming
14:52:18 deep-extract 308/324 WA seatown-pottery: 0 events, addr yes, ongoing
14:52:18 deep-extract 309/324 WA tacoma-clay: 0 events, addr yes, ongoing
14:52:21 deep-extract 310/324 WI uwm-waukesha-field-station: 0 events, addr yes, past_only
14:52:21 deep-extract 311/324 WA jansen-art-center: 0 events, addr yes, ongoing
14:52:23 deep-extract 312/324 WI adamah-art-studio: 2 events, addr yes, upcoming
14:52:24 deep-extract 313/324 WI weber-woodfire: 1 events, addr no, coming_soon
14:52:25 deep-extract 314/324 WI adamah-art-studios: 0 events, addr yes, upcoming
14:52:25 deep-extract 315/324 WI artisan-center: 0 events, addr yes, past_only
14:52:27 deep-extract 316/324 WA damian-grava: 0 events, addr yes, upcoming
14:52:27 deep-extract 317/324 WI ceramic-review: 0 events, addr no, null
14:52:27 deep-extract 318/324 WI windy-ridge-pottery: 1 events, addr no, upcoming
14:52:29 deep-extract 319/324 WI bethel-horizons-foundation-inc: ERR cost cap reached (~$2.60)
14:52:30 deep-extract 320/324 WI ram-wustum: ERR cost cap reached (~$2.60)
14:52:31 deep-extract 321/324 WI cream-city-clay: ERR cost cap reached (~$2.60)
14:52:31 deep-extract 322/324 WV lockbridge-pottery: ERR cost cap reached (~$2.60)
14:52:31 deep-extract: 201 future events, 237 addresses, ~$2.64
14:52:31 deep-extract: done
