AL: 31 directory pages found, 27 read, 10 new studio seeds
AK: 24 directory pages found, 22 read, 5 new studio seeds
AZ: 18 directory pages found, 25 read, 19 new studio seeds
AR: 25 directory pages found, 24 read, 4 new studio seeds
CA: 26 directory pages found, 37 read, 6 new studio seeds
CO: 22 directory pages found, 31 read, 5 new studio seeds
CT: 22 directory pages found, 25 read, 12 new studio seeds
DE: 28 directory pages found, 41 read, 15 new studio seeds
DC: 30 directory pages found, 39 read, 6 new studio seeds
FL: 35 directory pages found, 36 read, 3 new studio seeds
GA: 32 directory pages found, 27 read, 11 new studio seeds
HI: 26 directory pages found, 35 read, 13 new studio seeds
ID: 16 directory pages found, 19 read, 5 new studio seeds
IL: 28 directory pages found, 33 read, 7 new studio seeds
IN: 31 directory pages found, 35 read, 3 new studio seeds
IA: 24 directory pages found, 34 read, 6 new studio seeds
KS: 24 directory pages found, 28 read, 6 new studio seeds
KY: 24 directory pages found, 29 read, 8 new studio seeds
LA: 37 directory pages found, 30 read, 16 new studio seeds
ME: 21 directory pages found, 26 read, 27 new studio seeds
MD: 23 directory pages found, 26 read, 2 new studio seeds
MA: 28 directory pages found, 35 read, 17 new studio seeds
MI: 24 directory pages found, 24 read, 14 new studio seeds
MN: 19 directory pages found, 23 read, 23 new studio seeds
MS: 27 directory pages found, 42 read, 15 new studio seeds
MO: 28 directory pages found, 29 read, 28 new studio seeds
MT: 31 directory pages found, 35 read, 9 new studio seeds
NE: 31 directory pages found, 26 read, 5 new studio seeds
NV: 35 directory pages found, 30 read, 1 new studio seeds
NH: 22 directory pages found, 27 read, 5 new studio seeds
NJ: 23 directory pages found, 32 read, 5 new studio seeds
NM: 29 directory pages found, 25 read, 7 new studio seeds
NY: 27 directory pages found, 29 read, 4 new studio seeds
NC: 22 directory pages found, 30 read, 45 new studio seeds
ND: 25 directory pages found, 37 read, 919 new studio seeds
OH: 23 directory pages found, 30 read, 3 new studio seeds
OK: 27 directory pages found, 36 read, 0 new studio seeds
OR: 25 directory pages found, 42 read, 8 new studio seeds
PA: 26 directory pages found, 42 read, 7 new studio seeds
RI: 30 directory pages found, 22 read, 0 new studio seeds
SC: 19 directory pages found, 23 read, 9 new studio seeds
SD: 27 directory pages found, 31 read, 5 new studio seeds
TN: 29 directory pages found, 24 read, 7 new studio seeds
TX: 33 directory pages found, 28 read, 1 new studio seeds
UT: 34 directory pages found, 31 read, 9 new studio seeds
VT: 28 directory pages found, 21 read, 13 new studio seeds
VA: 26 directory pages found, 28 read, 18 new studio seeds
WA: 23 directory pages found, 34 read, 106 new studio seeds
WV: 29 directory pages found, 35 read, 6 new studio seeds
WI: 28 directory pages found, 34 read, 8 new studio seeds
WY: 26 directory pages found, 22 read, 16 new studio seeds
