05:33:29 search: 43 new of 43 (each costs 2 Tavily credits)
05:35:06 fetch: 177 places to read (182 total)
05:35:07 fetch: 10 read
05:35:09 fetch: 20 read
05:35:13 fetch: 30 read
05:35:16 fetch: 40 read
05:35:20 fetch: 50 read
05:35:24 fetch: 60 read
05:35:25 fetch: 70 read
05:35:28 fetch: 80 read
05:35:32 fetch: 90 read
05:35:38 fetch: 100 read
05:35:40 fetch: 110 read
05:35:47 fetch: 120 read
05:35:52 fetch: 130 read
05:35:55 fetch: 140 read
05:36:01 fetch: 150 read
05:36:04 fetch: 160 read
05:36:08 fetch: 170 read
05:36:42 judge: 158 places for gemma4:latest
05:37:13 judge 1/158 tallahasseearts.org: qualifies (31s)
05:37:19 judge 2/158 janesartcenter.com: qualifies (6s)
05:37:31 judge: 158 places for gemma4:latest
05:37:44 judge 1/158 tallahasseearts.org: qualifies (13s)
05:37:50 judge 2/158 janesartcenter.com: qualifies (6s)
05:38:02 judge 3/158 moreanartscenter.org: qualifies (12s)
05:38:14 judge 4/158 atlanticpotterysupply.com: qualifies (11s)
05:38:26 judge 5/158 paseopottery.com: qualifies (13s)
05:38:36 judge 6/158 claycoopstpete.com: qualifies (10s)
05:38:43 judge 7/158 seagrasspottery.com: qualifies (7s)
05:38:55 judge 8/158 claycreationspacifica.com: qualifies (12s)
05:39:06 judge 9/158 folkschool.org: qualifies (11s)
05:39:22 judge 10/158 andersonranch.org: reject (16s)
05:39:29 judge 11/158 lisayorkarts.com: reject (7s)
05:39:44 judge 12/158 petersvalley.org: qualifies (15s)
05:39:48 judge 13/158 castlehill.org: reject (4s)
05:39:55 judge 14/158 noahwoodfired.com: reject (7s)
05:40:06 judge 15/158 moreanworkshopspace.org: qualifies (11s)
05:40:25 judge 16/158 ceramicartsnetwork.org: qualifies (19s)
05:40:32 judge 17/158 eastcreekart.org: reject (8s)
05:40:41 judge 18/158 adamahartstudio.org: qualifies (9s)
05:40:49 judge 19/158 groundworksartlab.org: qualifies (8s)
05:40:56 judge 20/158 cursist-courses.com: reject (7s)
05:41:07 judge 21/158 studiopotter.org: qualifies (11s)
05:41:16 judge 22/158 atlanticbeachartsmarket.com: qualifies (9s)
05:41:23 judge 23/158 visitfloridafarms.org: qualifies (8s)
05:41:31 judge 24/158 https://allevents.in/atlantic-beach/two-day-pottery-workshop-horse-hair-raku/100001979072368730: qualifies (7s)
05:41:38 judge 25/158 higherfirestudios.com: reject (7s)
05:41:44 judge 26/158 https://www.eventbrite.com/e/two-day-pottery-workshop-horse-hair-raku-tickets-1574454980229: reject (6s)
05:41:56 judge 27/158 enikoujj.com: qualifies (12s)
05:42:05 judge 28/158 otakipotteryclub.org: reject (8s)
05:42:12 judge 29/158 getrelaxing.com: qualifies (7s)
05:42:21 judge 30/158 taoofclay.com: qualifies (9s)
05:42:29 judge 31/158 elementartcenter.com: qualifies (8s)
05:42:39 judge 32/158 lemoyne.org: qualifies (10s)
05:42:47 judge 33/158 stayhappening.com: qualifies (8s)
05:42:54 judge 34/158 https://allevents.in/orlando/pottery-workshop-february-21st-salt-and-wood-firing/200029655253656: qualifies (7s)
05:43:01 judge 35/158 upcomingevents.com: qualifies (8s)
05:43:11 judge 36/158 munson.art: qualifies (9s)
05:43:19 judge 37/158 https://allevents.in/st-petersburg/salt-and-sculpture-exploration-in-handbuilding-and-atmospheric-firing-with-jenny-day/200029450318941: qualifies (8s)
05:43:23 judge 38/158 radiusstudio.org: reject (4s)
05:43:33 judge 39/158 cantonclayworks.com: qualifies (10s)
05:43:44 judge 40/158 turningearth.org: reject (11s)
05:43:51 judge 41/158 ceramicinfospot.com: reject (7s)
05:43:58 judge 42/158 classcentral.com: reject (7s)
05:44:10 judge 43/158 digitalfire.com: reject (12s)
05:44:22 judge 44/158 tallyclayarts.com: qualifies (11s)
05:44:38 judge 45/158 theclay.studio: qualifies (17s)
05:44:45 judge 46/158 classbento.co.uk: reject (7s)
05:44:53 judge 47/158 craftcourses.com: qualifies (8s)
05:45:06 judge 48/158 jaxpottery.com: qualifies (13s)
05:45:14 judge 49/158 doingdishes.com: reject (8s)
05:45:28 judge 50/158 kilnfire.com: reject (14s)
05:45:39 judge 51/158 alexadamsclaywork.com: qualifies (12s)
05:45:49 judge 52/158 maudandmabel.com: reject (10s)
05:45:54 judge 53/158 visitstaugustine.com: qualifies (5s)
05:46:02 judge 54/158 peaceandmudpottery.com: qualifies (8s)
05:46:11 judge 55/158 floridashistoriccoast.com: qualifies (10s)
05:46:20 judge 56/158 nhpottersguild.org: reject (9s)
05:46:32 judge 57/158 craftcouncil.org: qualifies (12s)
05:46:46 judge 58/158 pensacolastate.edu: qualifies (14s)
05:46:53 judge 59/158 cobbartandecology.org: reject (6s)
05:46:58 judge 60/158 ballingerpublishing.com: qualifies (5s)
05:47:02 judge 61/158 gulfcoastkilnwalk.org: reject (4s)
05:47:10 judge 62/158 tylerparkarts.org: qualifies (8s)
05:47:17 judge 63/158 uptown-clay.com: reject (8s)
05:47:24 judge 64/158 lakewalesartscouncil.org: reject (6s)
05:47:31 judge 65/158 delorespottery.com: reject (8s)
05:47:38 judge 66/158 claygroundjax.com: qualifies (7s)
05:47:47 judge 67/158 ju.edu: qualifies (9s)
05:47:55 judge 68/158 tampamuseum.org: qualifies (8s)
05:48:00 judge 69/158 6amcity.com: qualifies (5s)
05:48:13 judge 70/158 kilnfolkclay.com: reject (12s)
05:48:22 judge 71/158 floridianceramics.com: qualifies (9s)
05:48:33 judge 72/158 smithworksstudios.com: qualifies (11s)
05:48:41 judge 73/158 makespaceworkshop.com: qualifies (8s)
05:48:56 judge 74/158 eastorlandoceramics.com: qualifies (15s)
05:49:04 judge 75/158 orlando.gov: qualifies (8s)
05:49:13 judge 76/158 thehotspotstudios.com: reject (9s)
05:49:21 judge 77/158 crealde.org: reject (8s)
05:49:31 judge 78/158 ratcitystudios.com: reject (10s)
05:49:40 judge 79/158 stanleymarketplace.com: reject (9s)
05:49:54 judge 80/158 sarasotaclaycompany.com: qualifies (14s)
05:50:02 judge 81/158 untoday.org: reject (8s)
05:50:09 judge 82/158 creativehandsstudio.net: qualifies (7s)
05:50:16 judge 83/158 potterybyosa.com: qualifies (7s)
05:50:25 judge 84/158 clayworksinc.org: reject (9s)
05:50:37 judge 85/158 theceramicgarden.com: qualifies (11s)
05:50:44 judge 86/158 lovingstpete.com: qualifies (8s)
05:50:49 judge 87/158 visitstpeteclearwater.com: qualifies (5s)
05:50:58 judge 88/158 claycenterofstpetersburg.com: qualifies (8s)
05:51:04 judge 89/158 practicallypikasso.com: reject (7s)
05:51:14 judge 90/158 mcsclaystudios.com: qualifies (9s)
05:51:22 judge 91/158 gumbolimbopottery.com: qualifies (8s)
05:51:29 judge 92/158 ceramicleaguemiami.org: qualifies (7s)
05:51:42 judge 93/158 pottery-miami.com: qualifies (13s)
05:51:49 judge 94/158 mingopottery.com: qualifies (8s)
05:51:59 judge 95/158 fortlauderdale.pottery1.com: qualifies (9s)
05:52:08 judge 96/158 potterylist.com: qualifies (9s)
05:52:20 judge 97/158 findapotteryclass.com: qualifies (11s)
05:52:31 judge 98/158 campusce.net: reject (11s)
05:52:39 judge 99/158 queen-city-clay-623736.shoplightspeed.com: qualifies (8s)
05:52:48 judge 100/158 arrowmont.org: qualifies (9s)
05:52:57 judge 101/158 cultureowl.com: reject (9s)
05:53:06 judge 102/158 anhingaclaystudios.com: qualifies (9s)
05:53:17 judge 103/158 gasperarts.com: qualifies (11s)
05:53:26 judge 104/158 cieloclayworks.com: reject (9s)
05:53:34 judge 105/158 joepicassos.com: reject (8s)
05:53:39 judge 106/158 canvas.armoryart.org: qualifies (6s)
05:53:52 judge 107/158 crafthauspalmbeach.com: reject (13s)
05:53:58 judge 108/158 josephy.org: qualifies (6s)
05:54:06 judge 109/158 studiotmceramics.com: qualifies (8s)
05:54:11 judge 110/158 thecraftgallery.square.site: qualifies (5s)
05:54:21 judge 111/158 clayandkilnstudio.com: reject (10s)
05:54:29 judge 112/158 clayhauspalmbeach.com: reject (8s)
05:54:49 judge 113/158 firstcityart.org: qualifies (20s)
05:54:57 judge 114/158 studiosalespottery.com: reject (8s)
05:55:07 judge 115/158 claystuff.com: qualifies (9s)
05:55:16 judge 116/158 artalleystudio.com: reject (9s)
05:55:25 judge 117/158 marketspread.com: qualifies (9s)
05:55:33 judge 118/158 alligator.org: qualifies (8s)
05:55:40 judge 119/158 fun4gatorkids.com: qualifies (7s)
05:55:48 judge 120/158 houseofclayfl.com: qualifies (9s)
05:55:54 judge 121/158 my.ceramicmaterialsworkshop.com: reject (6s)
05:56:02 judge 122/158 tallahasseean.com: reject (7s)
05:56:16 judge 123/158 firehouseculturalcenter.org: qualifies (14s)
05:56:21 judge 124/158 countrysideceramics.com: qualifies (5s)
05:56:29 judge 125/158 claudiasmudhut.wixsite.com: reject (8s)
05:56:34 judge 126/158 handsonclay.kilnfire.com: qualifies (5s)
05:56:44 judge 127/158 swflpottersguild.com: qualifies (10s)
05:56:49 judge 128/158 miyceramics.com: reject (5s)
05:56:58 judge 129/158 gulfshorelife.com: qualifies (9s)
05:57:05 judge 130/158 goggleworks.org: qualifies (7s)
05:57:11 judge 131/158 ceramic-cottage-llc.ueniweb.com: reject (6s)
05:57:18 judge 132/158 mandymilesstudios.com: qualifies (7s)
05:57:29 judge 133/158 letitburnpottery.com: qualifies (10s)
05:57:44 judge 134/158 axner.com: qualifies (15s)
05:57:48 judge 135/158 sheffield-pottery.com: reject (4s)
05:57:55 judge 136/158 keywestchamber.org: qualifies (7s)
05:58:01 judge 137/158 sawtooth.org: qualifies (5s)
05:58:09 judge 138/158 northampton.edu: qualifies (9s)
05:58:15 judge 139/158 cfk.edu: reject (6s)
05:58:22 judge 140/158 laney.edu: qualifies (7s)
05:58:27 judge 141/158 jcgep.org: reject (4s)
05:58:34 judge 142/158 thehubartscollective.org: qualifies (7s)
05:58:42 judge 143/158 potteryflaglerbeach.com: qualifies (8s)
05:58:48 judge 144/158 puntagordahistory.com: reject (6s)
05:58:54 judge 145/158 folkartguild.org: reject (6s)
05:58:58 judge 146/158 kilnroomcolumbus.com: reject (4s)
05:59:06 judge 147/158 uwf.edu: qualifies (8s)
05:59:18 judge 148/158 steamboatcreates.org: qualifies (12s)
05:59:27 judge 149/158 tampa.gov: qualifies (9s)
05:59:32 judge 150/158 lukeiannuzzipottery.com: qualifies (6s)
05:59:40 judge 151/158 richardmunster.com: reject (8s)
05:59:48 judge 152/158 nalatanalata.com: reject (8s)
05:59:52 judge 153/158 hambidge.org: reject (4s)
06:00:00 judge 154/158 schoolofservice.org: reject (7s)
06:00:06 judge 155/158 cubcreek.org: reject (6s)
06:00:19 judge 156/158 ceramicsfieldguide.org: qualifies (13s)
06:00:24 judge 157/158 ohio.edu: reject (5s)
06:00:30 judge 158/158 pocosinarts.org: reject (6s)
06:00:30 report: 91 qualify, 8 unclear, 78 rejected, 5 social
