09:12:09 search: 27 new of 27 (each costs 2 Tavily credits)
09:13:07 fetch: 120 places to read (126 total)
09:13:08 fetch: 10 read
09:13:12 fetch: 20 read
09:13:15 fetch: 30 read
09:13:22 fetch: 40 read
09:13:28 fetch: 50 read
09:13:29 fetch: 60 read
09:13:34 fetch: 70 read
09:13:40 fetch: 80 read
09:13:44 fetch: 90 read
09:13:47 fetch: 100 read
09:13:52 fetch: 110 read
09:13:58 fetch: 120 read
09:13:58 judge: 93 places for gemma4:latest
09:14:23 judge 1/93 clayplayarts.com: qualifies (25s)
09:14:42 judge 2/93 paseopottery.com: qualifies (19s)
09:15:03 judge 3/93 higherfirestudios.com: qualifies (21s)
09:15:18 judge 4/93 yutangceramics.com: qualifies (15s)
09:15:38 judge 5/93 laimaceramics.com: qualifies (19s)
09:15:57 judge 6/93 atlanticpotterysupply.com: qualifies (19s)
09:16:10 judge 7/93 sullivanpotteryhsv.com: qualifies (13s)
09:16:29 judge 8/93 callanwolde.org: qualifies (19s)
09:17:07 judge 9/93 hambidge.org: qualifies (37s)
09:17:26 judge 10/93 georgiaencyclopedia.org: qualifies (19s)
09:17:50 judge 11/93 atlantaclayworks.org: qualifies (24s)
09:18:12 judge 12/93 theworkshopattimberridge.com: qualifies (22s)
09:18:44 judge 13/93 turnercenter.org: qualifies (31s)
09:19:15 judge 14/93 spruillarts.org: qualifies (32s)
09:19:37 judge 15/93 clayworksinc.org: reject (21s)
09:19:54 judge 16/93 noahwoodfired.com: reject (17s)
09:20:19 judge 17/93 stayhappening.com: qualifies (25s)
09:20:33 judge 18/93 eastcreekart.org: reject (14s)
09:20:54 judge 19/93 groundworksartlab.org: qualifies (21s)
09:21:25 judge 20/93 clayerco.com: qualifies (31s)
09:22:03 judge 21/93 ceramicartsnetwork.org: qualifies (38s)
09:22:39 judge 22/93 theokidokistudio.com: qualifies (36s)
09:22:49 judge 23/93 georgiafire.org: reject (10s)
09:23:01 judge 24/93 lumpkincounty.gov: reject (12s)
09:23:29 judge 25/93 turningearth.org: reject (28s)
09:23:57 judge 26/93 cantonclayworks.com: qualifies (28s)
09:24:12 judge 27/93 ceramicreview.com: reject (15s)
09:24:36 judge 28/93 cademy.io: qualifies (25s)
09:24:52 judge 29/93 ceramic.school: reject (15s)
09:25:18 judge 30/93 lemoyne.org: qualifies (26s)
09:25:40 judge 31/93 gaclaycouncil.com: qualifies (22s)
09:25:59 judge 32/93 ologygallery.com: qualifies (19s)
09:26:19 judge 33/93 rogerjamison.com: qualifies (19s)
09:26:42 judge 34/93 munson.art: qualifies (23s)
09:27:00 judge 35/93 connect.artsavl.org: qualifies (18s)
09:27:22 judge 36/93 southernstarstudioathens.com: reject (21s)
09:27:58 judge 37/93 merme.in: reject (36s)
09:28:28 judge 38/93 findapotteryclass.com: qualifies (31s)
09:28:51 judge 39/93 activekids.com: qualifies (23s)
09:29:05 judge 40/93 mudfire.com: qualifies (14s)
09:29:38 judge 41/93 kilnfire.com: reject (33s)
09:29:48 judge 42/93 carterstonestudio.com: unclear (10s)
09:30:02 judge 43/93 mollysanyourceramics.com: reject (14s)
09:30:20 judge 44/93 the567center.org: reject (18s)
09:30:41 judge 45/93 visitathensga.com: qualifies (21s)
09:30:56 judge 46/93 mapquest.com: reject (15s)
09:31:13 judge 47/93 gooddirt.net: qualifies (17s)
09:31:25 judge 48/93 folkpotterymuseum.com: reject (12s)
09:31:43 judge 49/93 salishseaceramicstudio.com: qualifies (17s)
09:32:00 judge 50/93 creativeartsstudios.com: reject (17s)
09:32:25 judge 51/93 corrannyforestpottery.com: qualifies (24s)
09:32:42 judge 52/93 hopewellstudios.co.uk: reject (17s)
09:33:09 judge 53/93 oxcombepottery.co.uk: qualifies (28s)
09:33:33 judge 54/93 maudandmabel.com: reject (24s)
09:33:48 judge 55/93 claybythebaysf.com: reject (15s)
09:34:01 judge 56/93 classcub.com: qualifies (13s)
09:34:22 judge 57/93 savannahga.gov: qualifies (21s)
09:34:49 judge 58/93 savannahsclayspot.com: qualifies (27s)
09:35:10 judge 59/93 knack.studio: qualifies (21s)
09:35:31 judge 60/93 savannahclaycommunity.com: qualifies (21s)
09:35:51 judge 61/93 kingstonceramicsstudio.com: qualifies (20s)
09:36:04 judge 62/93 eventbrite.com.au: reject (13s)
09:36:17 judge 63/93 my.ceramicmaterialsworkshop.com: reject (13s)
09:36:34 judge 64/93 ocaf.com: reject (17s)
09:36:59 judge 65/93 alexadamsclaywork.com: qualifies (24s)
09:37:23 judge 66/93 startupstudiosmacon.com: qualifies (25s)
09:37:41 judge 67/93 scienceatl.org: qualifies (18s)
09:37:58 judge 68/93 inside.mga.edu: qualifies (16s)
09:38:17 judge 69/93 kilnroomcolumbus.com: reject (19s)
09:38:35 judge 70/93 en.wikipedia.org: reject (18s)
09:38:47 judge 71/93 levityinteriors.com: reject (12s)
09:39:00 judge 72/93 catalog.augusta.edu: reject (13s)
09:39:14 judge 73/93 app.advcollective.com: qualifies (14s)
09:39:36 judge 74/93 app.getoccasion.com: qualifies (22s)
09:39:48 judge 75/93 mariettacobbartmuseum.org: qualifies (12s)
09:40:03 judge 76/93 peachstatepottery.com: reject (15s)
09:40:22 judge 77/93 aardvarkclay.com: reject (19s)
09:40:29 judge 78/93 davensceramiccenter.com: reject (7s)
09:40:36 judge 79/93 community.ceramicartsdaily.org: reject (7s)
09:40:53 judge 80/93 blogs.clemson.edu: reject (17s)
09:41:11 judge 81/93 blueridge.edu: qualifies (18s)
09:41:26 judge 82/93 jcgep.org: qualifies (15s)
09:41:40 judge 83/93 claycoopstpete.com: reject (14s)
09:42:05 judge 84/93 oribefiring.com: qualifies (26s)
09:42:24 judge 85/93 kilnfolkclay.com: reject (19s)
09:42:35 judge 86/93 omniform1.com: qualifies (11s)
09:42:46 judge 87/93 spiritlabceramics.com: qualifies (11s)
09:43:08 judge 88/93 ceramicsfieldguide.org: qualifies (22s)
09:43:24 judge 89/93 ohio.edu: reject (16s)
09:43:50 judge 90/93 marianwilliamspottery.com: qualifies (26s)
09:44:04 judge 91/93 atlantamagazine.com: qualifies (15s)
09:44:19 judge 92/93 westga.edu: reject (14s)
09:44:33 judge 93/93 nalatanalata.com: reject (14s)
09:44:33 report: 23 qualify, 34 unclear, 63 rejected, 6 social
