
> ceramics-website@1.0.0 kiln:geocode
> node --dns-result-order=ipv4first --network-family-autoselection-attempt-timeout=3000 kiln-map/geocode.mjs

- alaska: no address or town to look up
- east-creek-art: no address or town to look up
- homer-hai-studio: no address or town to look up
- al: no address or town to look up
- celeste-sabel-haynie: 32.07114, -87.29098  (Boykin, Wilcox County, Alabama, 36723, United States)
- eastern-shore-art-center: NOT FOUND for "Snarr Rd. Silverhill, Alabama"
- shelby-county-arts-council: 33.17691, -86.60859  (Shelby County Arts Council, 105, West College Street, Columbiana, Shelby County, Alabama, )
- arkansas-museum-of-fine-arts: 34.74651, -92.28963  (Little Rock, Big Rock Township, Pulaski County, Arkansas, United States)
- sullivan-pottery: no address or town to look up
- cub-creek-foundation: no address or town to look up
- arkansas-state-parks: no address or town to look up
- life-in-mountain-view: 35.86841, -92.11765  (Mountain View, Stone County, Arkansas, 72560, United States)
- sedona-art-center: 34.87228, -111.75693  (Art Barn Road, Uptown Sedona, Sedona, Coconino County, Arizona, 86446, United States)
- marjon-ceramics: NOT FOUND for "3434 W Earll Dr, Suite 101, Phoenix, AZ 85017"
- arizona-clay-space: 34.77113, -112.05794  (Clarkdale, Yavapai County, Arizona, 86324, United States)
- douglas-campus-art-department: NOT FOUND for "4190 W Highway 80, Douglas, AZ 85607"
- arcosanti: no address or town to look up
- laima-ceramics: NOT FOUND for "Bauska, Arizona"
- the-potters-studio: 37.87703, -122.30314  (724, Camelia Street, Ocean View, Berkeley, Alameda County, California, 94710, United State)
- clayroom-oakland: 37.83192, -122.2538  (4268, Broadway, Piedmont Avenue, North Oakland, Oakland, Alameda County, California, 94611)
- the-crucible: 37.80503, -122.29064  (The Crucible, 1260, 7th Street, West Oakland, Oakland, Alameda County, California, 94607, )
- jtown-clay-higher-fire: 37.32818, -121.88576  (Higher Fire, 499, South Market Street, SoFA, San Jose, Santa Clara County, California, 951)
- slowfire: no address or town to look up
- sebastopol-center-for-the-arts: 38.40013, -122.82527  (282, South High Street, Sebastopol, Sonoma County, California, 95472, United States)
- clayfolk-studio: 38.4076, -122.947  (CLAYFOLK studio, 3703, Main Street, Occidental, Sonoma County, California, 95465, United S)
- acai-studios-gallery: 38.64467, -121.29092  (7425, Winding Way, Fair Oaks, Sacramento County, California, 95628, United States)
- american-museum-of-ceramic-art-amoca: 34.06114, -117.75072  (American Museum of Ceramic Art / AMOCA, 399, North Garey Avenue, Edison Historic District,)
- green-bisque-clayhouse: 34.1727, -118.13217  (1563, North Lake Avenue, Pasadena Council District 1, Pasadena, Los Angeles County, Califo)
- ceramic-heights: 32.75818, -117.07608  (Ceramic Heights, 5509, El Cajon Boulevard, El Cerrito, Mid-City, San Diego, San Diego Coun)
- uncle-paul-s: 37.79881, -122.39929  (Broadway, Telegraph Hill, Financial District, San Francisco, California, 94111, United Sta)
- cider-creek-collective: 39.22811, -123.75649  (Albion, Mendocino County, California, United States)
- studio-channel-islands: 34.21647, -119.03948  (2222, Ventura Boulevard, Old Town, Camarillo, Ventura County, California, 93010, United St)
- element-art-center-ca: 34.05369, -118.24277  (Los Angeles, Los Angeles County, California, United States)
- claytivity-pottery-studio-ca: 34.05369, -118.24277  (Los Angeles, Los Angeles County, California, United States)
- clay-creations: 37.59525, -122.50952  (1290, Danmann Avenue, Pedro Point, Pacifica, San Mateo County, California, 94044, United S)
- common-clay-space: 37.3238, -122.01791  (Evolution Bike Shop, 19685, Stevens Creek Boulevard, Cupertino, Santa Clara County, Califo)
- amoca-ceramics-studio: 34.05538, -117.75175  (Pomona, Los Angeles County, California, United States)
- turning-earth-ca: 34.05369, -118.24277  (Los Angeles, Los Angeles County, California, United States)
- tao-of-clay: 32.71571, -117.16383  (San Diego, San Diego County, California, United States)
- blossomhillcrafts: 37.23615, -121.94697  (Blossom Hill Road, Los Gatos, Santa Clara County, California, 95032, United States)
- clay-play-arts: 34.23456, -118.53693  (Northridge, Northridge South Neighborhood Council District, Los Angeles, Los Angeles Count)
- friend-assembly: 39.753, -104.87747  (Stanley Marketplace, 2501, Dallas Street, Aurora, Colorado, 80010, United States)
- boulder-potters-guild: 40.03233, -105.22758  (3185, Sterling Circle, Boulder, Boulder County, Colorado, 80301, United States)
- cottonwood-center-for-the-arts: 38.83218, -104.8178  (427, East Colorado Avenue, Historic Uptown, Downtown, Colorado Springs, El Paso County, Co)
- carbondale-clay-center: NOT FOUND for "215 12th Street, Unit D, Carbondale, CO"
- groundworks-art-lab: 40.04191, -105.24177  (Groundworks Art Lab, 3750, Canfield Street, Boulder, Boulder County, Colorado, 80301, Unit)
- colorado-potters-guild: 39.9936, -105.0897  (Lafayette, Boulder County, Colorado, 80026, United States)
- do303: 39.74014, -104.87334  (Aurora, Adams County, Colorado, United States)
- abi-higgins-ceramics-studio: NOT FOUND for "Christow, Colorado"
- steamboatcreates: 40.4848, -106.83173  (Steamboat Springs, Routt County, Colorado, United States)
- warehome-studios: 40.4848, -106.83173  (Steamboat Springs, Routt County, Colorado, United States)
- featherstoneart-app-neoncrm: no address or town to look up
- mudstone-studios: no address or town to look up
- creative-arts-workshop: 41.31113, -72.92138  (80, Audubon Street, Downtown, Barnesville, New Haven, Connecticut, 06510, United States)
- expressions-pottery: 41.9418, -72.7275  (East Granby, Capitol Planning Region, Connecticut, 06026, United States)
- lakeside-pottery-ct: 41.05343, -73.53873  (Stamford, Western Connecticut Planning Region, Connecticut, United States)
- institute-for-american-indian-studies: 41.63088, -73.31126  (5, Wykeham Road, Washington Depot, Washington, Northwest Hills Planning Region, Connecticu)
- lisa-york-arts: 41.76616, -72.67327  (Hartford, Capitol Planning Region, Connecticut, United States)
- rachel-lindsay-pottery: 38.8951, -77.03638  (Washington, District of Columbia, United States)
- clay-cafe: 38.8951, -77.03638  (Washington, District of Columbia, United States)
- rebel-potters: no address or town to look up
- lakeside-pottery: 38.7734, -75.13796  (Lewes, Sussex County, Delaware, United States)
- the-clay-co-op: NOT FOUND for "2724 6th Ave, S St. Petersburg, FL 33712"
- atlantic-beach-arts-market: 30.3377, -81.41348  (1805, Mayport Road, Atlantic Beach, Duval County, Florida, 32233, United States)
- eat-your-yard-jax: 30.43808, -84.28093  (Tallahassee, Leon County, Florida, United States)
- make-space: NOT FOUND for "1 in St., Augustine, FL"
- smith-works-studios: 29.8947, -81.31454  (Saint Augustine, Saint Johns County, Florida, 32084, United States)
- lemoyne-arts-at-studios-of-lemoyne: 30.43808, -84.28093  (Tallahassee, Leon County, Florida, United States)
- seagrasspottery: 28.0785, -80.60779  (Melbourne, Brevard County, Florida, United States)
- morean-workshop-space: 27.77123, -82.63403  (Saint Petersburg, Pinellas County, Florida, United States)
- element-art-center-fl: no address or town to look up
- the-clay-studios: no address or town to look up
- alison-and-abi: NOT FOUND for "Glôg, Florida"
- gulf-coast-kiln-walk-society: 30.47826, -87.19807  (WSRE, 1000, College Boulevard, Corporate Woods, Pensacola, Escambia County, Florida, 32504)
- ballingerpublishing: no address or town to look up
- tampa-museum-of-art: 27.94499, -82.45831  (Tampa, Hillsborough County, Florida, United States)
- queen-city-clay: no address or town to look up
- luke-iannuzzi-pottery-fl: no address or town to look up
- lighthouse-artcenter: 26.96094, -80.08921  (Tequesta, Palm Beach County, Florida, 33469, United States)
- hernando-arts: 28.55527, -82.38787  (Brooksville, Hernando County, Florida, United States)
- annette-howell-turner-center-for-the-arts: 30.83565, -83.28126  (527, North Patterson Street, Valdosta, Lowndes County, Georgia, 31601, United States)
- corranny-forest-pottery: NOT FOUND for "Roslea, Georgia"
- oxcombe-pottery: no address or town to look up
- mudfire-pottery-studio-and-gallery: 33.75447, -84.38982  (Atlanta, Fulton County, Georgia, United States)
- macon-arts-alliance: 32.8361, -83.63154  (486, 1st Street, Macon, Bibb County, Georgia, 31201, United States)
- chris-jones-pottery: 34.86397, -84.32409  (Blue Ridge, Fannin County, Georgia, United States)
- hawai-i-craftsmen: 21.30455, -157.85568  (Honolulu, Honolulu County, Hawaii, United States)
- nendo-studio-hawaii: 21.32808, -157.88185  (1922, Colburn Street, Kalihi Kai, Honolulu, Honolulu County, Hawaii, 96819, United States)
- windward-artists-guild: 21.30455, -157.85568  (Honolulu, Honolulu County, Hawaii, United States)
- creston-arts: no address or town to look up
- paul-koch: 41.23923, -95.85296  (509, 23rd Avenue, Council Bluffs, Kane Township, Pottawattamie County, Iowa, 51501, United)
- meetup: no address or town to look up
- ceramica-arthouse: 43.59549, -116.21307  (Ceramica, 1002, South Vista Avenue, Boise, Ada County, Idaho, 83705, United States)
- clay-company: no address or town to look up
- tinkermills-muddy-makers-pottery-studio: no address or town to look up
- cu-potter-s-club: 40.10539, -88.20936  (900, South Race Street, West Urbana, Urbana, Champaign County, Illinois, 61801, United Sta)
- wheel-art-pottery-studios: 40.68305, -89.60096  (1101, Southwest Washington Street, Warehouse District, Peoria, Peoria County, Illinois, 61)
- omniform1: no address or town to look up
- spindrift-studio: no address or town to look up
- house-of-clay-ks: 41.87556, -87.62442  (Chicago, South Chicago Township, Cook County, Illinois, United States)
- distinguished-teaching: 41.96737, -87.68719  (4717-4723, North Lincoln Avenue, Lincoln Square, Ravenswood, Lincoln Square, Chicago, Lake)
- common-clay-space-miki-shim: 42.41573, -90.42947  (Galena, West Galena Township, Jo Daviess County, Illinois, United States)
- amphora-ceramic-studio: no address or town to look up
- indy-art-center: 39.87778, -86.14367  (Indianapolis Art Center, 820, East 67th Street, Shore Acres, Indianapolis, Washington Town)
- greater-lafayette-clay-guild: 40.41997, -86.89032  (619, Ferry Street, Lafayette, Tippecanoe County, Indiana, 47901, United States)
- playin-with-fire-studios: no address or town to look up
- fire-arts-inc-in: 41.67779, -86.24516  (East Colfax Avenue, South Bend, Saint Joseph County, Indiana, 46617, United States)
- lala-gallery: 40.4152, -86.87608  (1816, Main Street, Lafayette, Tippecanoe County, Indiana, 47904, United States)
- truro-center-for-the-arts-at-castle-hill: 38.13129, -87.93643  (402, North Street, New Harmony, Posey County, Indiana, 47631, United States)
- fortwayneclay: 41.07999, -85.1386  (Fort Wayne, Allen County, Indiana, United States)
- camp-singers: no address or town to look up
- bracker-s: no address or town to look up
- house-of-clay: 38.98736, -94.66995  (7811, Marty Street, Overland Park, Johnson County, Kansas, 66204, United States)
- art-center-of-the-bluegrass: NOT FOUND for "134 South Second Street, Danville, KY 40422"
- kjones-pottery: no address or town to look up
- earth-fire-pottery-classes-and-gallery: 29.94164, -90.12982  (724, Adams Street, Black Pearl, Greenville, New Orleans, Orleans Parish, Louisiana, 70118,)
- nclac: 32.52989, -92.6379  (212, North Vienna Street, Ruston, Lincoln Parish, Louisiana, 71270, United States)
- laima-ceramics-la: NOT FOUND for "Bauska, Louisiana"
- the-potters-shop-school: 42.29228, -71.23033  (31, Thorpe Road, Needham Heights, Needham, Norfolk County, Massachusetts, 02494, United St)
- the-umbrella-arts-center: 42.4575, -71.35243  (The Umbrella Community Arts Center, 40, Stow Street, Concord, Middlesex County, Massachuse)
- dewclaw-studios: no address or town to look up
- old-school-clay-and-ceramics: 42.60698, -71.57023  (Prescott School Community Center, 145, Main Street, Groton, Middlesex County, Massachusett)
- featherstone-center-for-the-arts: 41.42447, -70.59812  (Featherstone Center for the Arts, 30, Featherstone Lane, Oak Bluffs, Dukes County, Massach)
- worcester-center-for-crafts: 42.28109, -71.80741  (Worcester Center For Crafts, 25, Sagamore Road, Massachusetts Avenue Historic District, Ch)
- the-umbrella-arts-center-ma: 42.4575, -71.35243  (The Umbrella Community Arts Center, 40, Stow Street, Concord, Middlesex County, Massachuse)
- harvard: 42.35301, -71.13212  (Allston, Boston, Suffolk County, Massachusetts, United States)
- the-local-fire-arts-center: no address or town to look up
- lois-hirshberg: 41.74177, -70.45169  (East Sandwich, Sandwich, Barnstable County, Massachusetts, 02537, United States)
- sunset-canyon-pottery: no address or town to look up
- gustin-s: 41.83742, -70.72982  (39, Pipers Way, Cranberry Village, Carver, Plymouth County, Massachusetts, 02506, United S)
- tom-white: 42.71988, -72.43195  (205, Winchester Road, Northfield, Franklin County, Massachusetts, 01360, United States)
- sam-taylor: no address or town to look up
- washington-street-studios: no address or town to look up
- district-clay-center-md: no address or town to look up
- fox-haven-organic-farm-learning-center: 39.3711, -77.54343  (3630, Poffenberger Road, Jefferson Oaks, Jefferson, Frederick County, Maryland, 21755, Uni)
- annapolis-moms: 39.09635, -76.65491  (Gambrills, Anne Arundel County, Maryland, United States)
- visarts-md: 39.08677, -77.15181  (VisArts, 155, Gibbs Street, Rockville Town Square, Rockville, Montgomery County, Maryland,)
- kilnjoy-ceramics: NOT FOUND for "2023 from 10am-3pm 22201 Pondsville Rd., Smithsburg, MD"
- joe-hicks-ceramics: 38.93648, -76.9597  (Mount Rainier, Prince George's County, Maryland, 20712, United States)
- maine-college-of-art-continuing-studies: 43.65536, -70.26019  (Creative Portland ME, 84, Free Street, Downtown, East End, Portland, Cumberland County, Ma)
- portland-pottery: 43.66709, -70.25335  (Portland Pottery, 118, Washington Avenue, East Bayside, East End, Portland, Cumberland Cou)
- maine-crafts-association: 44.20844, -69.83425  (288, Lewiston Road, West Gardiner, Kennebec County, Maine, 04345, United States)
- tyler-gulden-ceramics: NOT FOUND for "45 Clark's Cove Rd, Walpole, ME 04573"
- castine-arts-association: 44.38783, -68.79662  (Castine, Hancock County, Maine, 04421, United States)
- pottery-lane: NOT FOUND for "2663 Elmridge Dr, NW Grand Rapids, MI 49534"
- kalamazoo-institute-of-arts: 42.28918, -85.588  (Kalamazoo Institute of Arts, 314, South Park Street, Downtown, Kalamazoo, Kalamazoo County)
- ceramics-school: 42.40581, -83.06545  (2692, Carpenter Street, Hamtramck, Wayne County, Michigan, 48212, United States)
- the-potters-guild: 42.27204, -83.74738  (The Potters Guild, 201, Hill Street, Germantown, Ann Arbor, Washtenaw County, Michigan, 48)
- yourist-studio-gallery: 42.29048, -83.84916  (6087, Jackson Road, Ann Arbor, Washtenaw County, Michigan, 48103, United States)
- creative-arts-studios: 42.48736, -83.14448  (114, West 4th Street, Royal Oak, Oakland County, Michigan, 48067, United States)
- clayspacetc: 44.74254, -85.60516  (1455, Barlow Street, Traverse City, Grand Traverse County, Michigan, 49686, United States)
- glen-arbor-arts-center: NOT FOUND for "6112 Physical Address 6031 S Lake St, Glen Arbor, MI 49636"
- clawson-clay-guild: 42.53008, -83.13682  (South Rochester Road, Clawson, Oakland County, Michigan, 48017, United States)
- ann-arbor-potters-guild: NOT FOUND for "4200 343 South Fifth Ave., Ann Arbor, MI 48104"
- warroad-riverplace: 48.9025, -95.32021  (103, State Avenue, Warroad, Roseau County, Minnesota, 56763, United States)
- buffalo-art-guild: 45.1964, -93.87333  (Buffalo Area Community Center, 114, Commerce Circle, Buffalo, Wright County, Minnesota, 55)
- minnetonka-center-for-the-arts: NOT FOUND for "2240 North Shore Drive, Wayzata, MN 55391"
- north-house-folk-school: 47.75047, -90.33468  (Grand Marais, Cook County, Minnesota, United States)
- ceramicsow: no address or town to look up
- back-door-pottery: 39.11324, -94.53497  (3922, Saint John Avenue, South Indian Mound, Kansas City, Jackson County, Missouri, 64123,)
- fire-and-muck-pottery: no address or town to look up
- artistree-pottery: NOT FOUND for "1423 E. Cherry Street, Suite 103, Springfield, MO 65802"
- sam-fox-school-of-design-visual-arts: NOT FOUND for "01 One Brookings Drive, St. Louis, MO 63130"
- biloxi-center-for-ceramics: 30.39259, -88.8713  (386, Beach Boulevard, Biloxi, Harrison County, Mississippi, 39530, United States)
- juliet-bravo-pottery-llc: no address or town to look up
- oxford-kilns: no address or town to look up
- montana-harvest-moon: no address or town to look up
- clay-arts-guild-of-helena: 46.59994, -111.98524  (3025, Bozeman Avenue, Helena, Lewis and Clark County, Montana, 59601, United States)
- mondak-heritage-center: 47.71673, -104.15597  (Sidney, Richland County, Montana, 59270, United States)
- the-bascom: 35.05761, -83.20412  (The Bascom, 323, Franklin Road, Highlands, Macon County, North Carolina, 28741, United Sta)
- doug-dotson-pottery: 35.8092, -79.13315  (305, Mockernut Road, Pittsboro, Chatham County, North Carolina, 27312, United States)
- pasca-pottery: NOT FOUND for "11 am - 4 pm 5 Wyndham Place, Durham, NC 27705"
- clayworks: 35.19378, -80.78463  (Clayworks, 4506, Monroe Road, Oakhurst, Charlotte, Mecklenburg County, North Carolina, 282)
- cedar-oak-farm-pottery: 35.14594, -80.56241  (Cedar Oak Farm, 7816, West Duncan Road, Victoria Estates, Indian Trail, Union County, Nort)
- fat-cat-pottery: NOT FOUND for "2500 Blue Clay Road, Wilmington, NC 28405"
- avl-clay: 35.57287, -82.52639  (4, Mulvaney Street, Asheville, Buncombe County, North Carolina, 28803, United States)
- jeff-brown-pottery: 35.53959, -79.77216  (505, East Main Street, Seagrove, Randolph County, North Carolina, 27341, United States)
- southern-illinois-university-edwardsville: NOT FOUND for "7721 Six Forks Road Suite 100, Raleigh, NC 27615"
- gertrude-graham-smith-pottery: 35.05761, -83.20412  (The Bascom, 323, Franklin Road, Highlands, Macon County, North Carolina, 28741, United Sta)
- sawtooth-school-for-visual-art: 36.12836, -80.24793  (114, West 30th Street, Bon Air, Winston-Salem, Forsyth County, North Carolina, 27105, Unit)
- n-a-nc: 35.99665, -78.90181  (Durham, Durham County, North Carolina, United States)
- exploreasheville: 35.59536, -82.55084  (Asheville, Buncombe County, North Carolina, United States)
- woodfire-nc: NOT FOUND for "2025 100 Russell Drive, Star, NC"
- cedar-creek-gallery: 36.12274, -78.68623  (Creedmoor, Granville County, North Carolina, United States)
- joseph-sand-pottery: no address or town to look up
- jackson-county-green-energy-park: NOT FOUND for "100 Green Energy Park Rd., Sylva, NC 28779"
- vr-pottery-obx: 35.95739, -75.62406  (Nags Head, Dare County, North Carolina, United States)
- riverwood-pottery: 35.37006, -83.25066  (Dillsboro, Jackson County, North Carolina, United States)
- lara-o-keefe-pottery-shop: 35.72012, -79.17715  (Pittsboro, Chatham County, North Carolina, United States)
- bismarck-state-college: 46.82125, -100.81692  (Schafer Hall, 1500, Edwards Avenue, Bismarck, Burleigh County, North Dakota, 58501, United)
- msu-lifelong-learning-institute: NOT FOUND for "Misu, North Dakota"
- snow-farm-nh: no address or town to look up
- kittery-point-potters-and-pcms: no address or town to look up
- rooted-in-clay: 42.74659, -72.0245  (208, Middle Winchendon Road, West Rindge, Rindge, Cheshire County, New Hampshire, 03461, U)
- the-wheel-house: NOT FOUND for "865 Islington St, Suite 200, Portsmouth, NH 03801"
- timisaacpottery: NOT FOUND for "New Horton, New Hampshire"
- new-jersey-academy-of-ceramic-art: 40.71247, -74.05855  (279, Pine Street, Communipaw, Jersey City, Hudson County, New Jersey, 07304, United States)
- jersey-clay-society: 40.90634, -74.57591  (94, East Dewey Avenue, Wharton, Morris County, New Jersey, 07885, United States)
- truro-center-for-the-arts: no address or town to look up
- wooten-clayworks: no address or town to look up
- toshiko-takaezu-ceramic-studios: 40.63671, -74.91199  (Hunterdon Art Museum, 7, Lower Center Street, Clinton Township, Hunterdon County, New Jers)
- bisc-pottery-studio: 40.64653, -74.39903  (1738, East 2nd Street, Netherwood, Scotch Plains, Union County, New Jersey, 07076, United )
- potters-8217-guild-of-new-jersey: 40.66523, -74.30453  (Union County, New Jersey, United States)
- paseo-pottery: NOT FOUND for "135 W. Palace Ave. Suite 100, Santa Fe, NM 87501"
- rottenstone-gallery: 36.51602, -105.56999  (Arroyo Seco, Taos County, New Mexico, 87514, United States)
- nm-potters-and-clay-artists-nmpca: 35.0841, -106.65099  (Albuquerque, Bernalillo County, New Mexico, United States)
- calliope-gallery: 35.68761, -105.93846  (Santa Fe, Santa Fe County, New Mexico, United States)
- tuscarora-pottery-school: 41.31401, -116.223  (Tuscarora Pottery School, 138, Main Street, Tuscarora, Elko County, Nevada, 89834, United )
- elko-county-art-club: no address or town to look up
- virgin-valley-artists-association: 36.80428, -114.06848  (Mesquite Fine Arts Center, 15, West Mesquite Boulevard, Mesquite, Clark County, Nevada, 89)
- alterwork-studios: 40.75776, -73.93781  (37-20, 22nd Street, Ravenswood, Long Island City, Queens, Queens County, New York, 11101, )
- tony-moore-wood-fire-kiln-garrison-art-center: NOT FOUND for "78 Trout Brook Road, Cold Spring, NY 10516"
- uptown-clay-walton-woodfire-kiln: 40.85603, -73.93438  (Evangelical Lutheran Church of Our Saviours Atonement, 178, Bennett Avenue, Hudson Heights)
- salem-art-works: 43.17098, -73.3329  (19, Cary Lane, Town of Salem, Washington County, New York, 12865, United States)
- choplet-ceramic-studio: 40.71349, -73.95925  (238, Grand Street, Williamsburg, Brooklyn, Kings County, New York, 11211, United States)
- silk-road-ceramics-studio: no address or town to look up
- andrew-sartorius-ceramics: 42.13453, -73.8918  (Town of Germantown, Columbia County, New York, 12526, United States)
- waterbrook-potters-studio: 42.73008, -73.70123  (City of Watervliet, Albany County, New York, 12189, United States)
- thousand-islands-arts-center: 44.23949, -76.08578  (Village of Clayton, Town of Clayton, Jefferson County, New York, 13624, United States)
- long-island-university: 40.81727, -73.59733  (Tilles Center For The Performing Arts, 720, Northern Boulevard, Village of Brookville, Tow)
- rochester-folk-art-guild: 43.15729, -77.61521  (City of Rochester, Monroe County, New York, United States)
- patchogue-arts-council: 40.76413, -73.01356  (Plaza Cinema & Media Arts Center, 20, Terry Street, Village of Patchogue, Town of Brookhav)
- pottery-northwest-wa: 40.71273, -74.00602  (New York, United States)
- langweil-studio-pottery: 39.85156, -82.88391  (596, Main Street, Groveport, Madison Township, Franklin County, Ohio, 43125, United States)
- willahollow-pottery: NOT FOUND for "0059 3521 Main Street, Perry, OH 44081"
- canton-museum-of-art: 40.79855, -81.37495  (Canton, Stark County, Ohio, United States)
- tomradca: no address or town to look up
- 577-foundation-oh: 41.56618, -83.62024  (The 577 Foundation, 577, East Front Street, Perrysburg Historic District, Perrysburg, Wood)
- communitypottery: NOT FOUND for "9022 100 Dayton St., Yellow Springs, OH 45387"
- paseo-pottery-ok: no address or town to look up
- oklahoma-contemporary: 35.48053, -97.51317  (Oklahoma Contemporary Arts Center, 11, Northwest 11th Street, Oklahoma City, Oklahoma Coun)
- 3rd-street-clayworks: 36.1512, -96.0252  (3121, Charles Page Boulevard, Tulsa, Oklahoma, 74127, United States)
- oil-clay-studio: 35.21323, -97.4533  (Firehouse Art Center, 444, South Flood Avenue, Norman, Cleveland County, Oklahoma, 73069, )
- oklahoma-state-university: 36.11563, -97.05857  (Stillwater, Payne County, Oklahoma, United States)
- calapooia-clay: 44.63479, -123.08609  (1533, 7th Avenue Southeast, North Albany, Albany, Linn County, Oregon, 97321, United State)
- synergy-ceramics: NOT FOUND for "1900 NE Division St, Suite 108, Bend, OR"
- oregon-coast-school-of-art: 43.73126, -124.11013  (Jewett Middle School (closed), 325, High Street, Gardiner, Douglas County, Oregon, 97441, )
- rogue-valley-pottery-supply-and-studios: 42.19725, -122.7154  (Ashland, Jackson County, Oregon, United States)
- uo-erb-memorial-union: no address or town to look up
- portland-parks: 45.52025, -122.67419  (Portland, Multnomah County, Oregon, United States)
- clayfolk: 42.23569, -123.04214  (Upper Applegate Road, Ruch, Jackson County, Oregon, United States)
- hiroshi-ogawa-s-kiln-hikarigama: 43.63706, -123.56738  (Elkton, Douglas County, Oregon, United States)
- club-mud-ceramics-cooperative: 44.05051, -123.09505  (Eugene, Lane County, Oregon, United States)
- east-creek-art-camp: NOT FOUND for "3519 NE 15th Ave, #259, Portland, OR 97212"
- portland-parks-or: 45.52025, -122.67419  (Portland, Multnomah County, Oregon, United States)
- east-creek-anagama: no address or town to look up
- anderson-ranch-art-center: no address or town to look up
- josephy: NOT FOUND for "12 - 4 pm 403 N Main St, Joseph, OR"
- fleisher-art-memorial-allens-lane-art-center: 39.93909, -75.155  (719, Catharine Street, Queen Village, South Philadelphia, Philadelphia, Philadelphia Count)
- yay-clay: 39.99259, -75.10904  (3237, Amber Street, Richmond, River Wards, Philadelphia, Philadelphia County, Pennsylvania)
- earth-center-pottery: 40.22216, -74.98692  (Stable Mill Road, Richboro, Northampton Township, Bucks County, Pennsylvania, 18966, Unite)
- union-project: 40.47192, -79.92651  (Union Project, 801, North Negley Avenue, Highland Park, Pittsburgh, Allegheny County, Penn)
- fireborn-studios: 40.42728, -79.97245  (2338, Sarah Street, South Side Flats, Pittsburgh, Allegheny County, Pennsylvania, 15203, U)
- erie-clayspace: NOT FOUND for "PACA Building Erie, Pennsylvania"
- northampton-community-college: 40.67473, -75.32648  (3835, Green Pond Road, Bethlehem Township, Northampton County, Pennsylvania, 18020, United)
- greeny-gary-greenberg: no address or town to look up
- nixdorf-pottery: no address or town to look up
- community-arts-center-ks: 39.90872, -75.36349  (Community Arts Center, 414, Plush Mill Road, Pendle Hill, South Media, Nether Providence T)
- business-ligonier: 40.24279, -79.23723  (120, East Main Street, Ligonier, Westmoreland County, Pennsylvania, 15658, United States)
- pittsburgh-center-for-arts-media: 40.45148, -79.92018  (1047, Shady Avenue, Point Breeze South, Pittsburgh, Allegheny County, Pennsylvania, 15232,)
- yayclay: 40.17618, -74.92025  (Langhorne, Bucks County, Pennsylvania, United States)
- margueritahagan: 39.96176, -75.14644  (557, North 5th Street, Northern Liberties, North Philadelphia, Philadelphia, Philadelphia )
- union-project-pa: 40.4407, -80.00257  (Pittsburgh, Allegheny County, Pennsylvania, United States)
- allens-lane-art-center: 40.06518, -75.19119  (Mount Airy, 149, East Gowen Avenue, East Mount Airy, Northwest Philadelphia, Philadelphia,)
- canvas-allenslane: 39.95272, -75.16353  (Philadelphia, Philadelphia County, Pennsylvania, United States)
- creek-road-pottery-llc: 41.83464, -75.87785  (Pine Street, Montrose, Susquehanna County, Pennsylvania, 18801, United States)
- lancaster-clay-studios-llc: 40.09542, -76.41437  (235, East Elizabeth Street, Landisville, East Hempfield Township, Lancaster County, Pennsy)
- potters-guild-of-central-pa: 40.80993, -77.81891  (824, Pike Street, Lemont, College Township, Centre County, Pennsylvania, 16851, United Sta)
- goggleworks-center-for-the-arts: 40.33735, -75.93332  (GoggleWorks Center for the Arts, 201, Washington Street, Reading, Berks County, Pennsylvan)
- the-ceramic-shop: 40.1146, -75.34465  (Norristown, Montgomery County, Pennsylvania, 19401, United States)
- up-in-smoke-pottery: no address or town to look up
- ri-creations: NOT FOUND for "Bacchus Marsh, Rhode Island"
- riblogger: NOT FOUND for "30 PM. Located at 1485 South County Trail, Suite 201, East Greenwich, RI"
- sc-clay-con: 34.84412, -82.40492  (16, Augusta Street, West End, Downtown, Greenville, Greenville County, South Carolina, 296)
- hilton-head-pottery: NOT FOUND for "21 Mathews Drive, Suite 2, Hilton Head Island, SC 29926"
- clemson-art-department: 34.68197, -82.83412  (Littlejohn House, 114, Daniel Drive, Tillman Place, Clemson, Pickens County, South Carolin)
- south-carolina-arts-commission: NOT FOUND for "1026 Sumter St., Ste. 200, Columbia, SC 29201"
- dakota-potters-supply: 43.55836, -96.75779  (2315, West Madison Street, Sioux Falls, Sioux Falls Township, Minnehaha County, South Dako)
- alewine-pottery: 35.74376, -83.45493  (623, Glades Road, Glade, Gatlinburg, Sevier County, East Tennessee, Tennessee, 37738, Unit)
- mighty-mud: 35.95631, -83.88495  (Island Home Avenue, Island Home Park, South Knoxville, Knoxville, Knox County, East Tennes)
- common-grace-pottery: NOT FOUND for "5909 Labrador Lane, Antioch, TN 37013"
- bookwhen: no address or town to look up
- the-clay-lady-s-campus: 36.16228, -86.7743  (Nashville, Davidson County, Middle Tennessee, Tennessee, United States)
- feats-of-clay-pottery: NOT FOUND for "806 McPhaul St, Austin, TX 78758"
- fire-gallery: 29.77168, -95.3769  (1520, Silver Street, Washington Avenue Coalition / Memorial Park, Old Sixth Ward, Houston,)
- potters-place-pottery: NOT FOUND for "6729 S Fry Rd, Katy, TX 77494"
- cera: NOT FOUND for "8185 1605 Ranch House Rd., Willow Park, TX 76087"
- rockport-center-for-the-arts: 28.02281, -97.05092  (204, South Austin Street, Rockport, Aransas County, Texas, 78382, United States)
- fire-gallery-and-studio: no address or town to look up
- summersault: 30.27113, -97.7437  (Austin, Travis County, Texas, United States)
- marc-jeannin-pottery: 30.31779, -97.74035  (4630, Burnet Road, Brentwood, Austin, Travis County, Texas, 78756, United States)
- fire-gallery-tx: 27.50974, -99.47421  (Heights, Eastern Division, Laredo, Webb County, Texas, 78043, United States)
- oblate-clay: 29.50426, -98.49346  (906, Oblate Drive, San Antonio, Bexar County, Texas, 78216, United States)
- the-craft-guild: NOT FOUND for "3410 Midcourt Rd Suite 115, Carrollton, TX 75006"
- mckinney-art-house: 33.19765, -96.61545  (McKinney, Collin County, Texas, United States)
- art-center-of-corpus-christi: 27.76353, -97.40332  (Corpus Christi, Nueces County, Texas, United States)
- barry-brown-clay-studio-gallery: 27.77371, -97.4004  (1010, Ayers Street, Downtown, Corpus Christi, Nueces County, Texas, 78404, United States)
- brazos-clay: 31.55451, -97.13256  (Waco, McLennan County, Texas, United States)
- hill-potters-guild: no address or town to look up
- utsa-college-of-liberal-and-fine-arts: 29.4246, -98.49514  (San Antonio, Bexar County, Texas, United States)
- brazos-clay-tx: 31.55451, -97.13256  (Waco, McLennan County, Texas, United States)
- pine-mills-pottery-studio-and-gallery: 32.66334, -95.48803  (Mineola, Wood County, Texas, 75773, United States)
- i-j-and-jeanne-wagner-jewish: no address or town to look up
- kayenta-fire: 40.29816, -111.69443  (Orem, Utah County, Utah, United States)
- pottery-workshops-slc: 40.52478, -111.8628  (Draper, Salt Lake County, Utah, United States)
- patty-s-ceramics: no address or town to look up
- muddy-creek-pottery: NOT FOUND for "470 Ponton Lane, Lovingston, VA"
- bradley-b-pottery: 38.66021, -77.46854  (9076, Keyser Road, Shenandoah, Nokesville, Prince William County, Virginia, 20181, United )
- althouse-pottery: NOT FOUND for "1320 Chilly Hollow Road, Berryville, VA 22611"
- river-city-clay: 37.53851, -77.43428  (Richmond, Virginia, United States)
- academy-center-of-the-arts: NOT FOUND for "3256 600 Main Street, Lynchburg, VA 24504"
- workhouse-arts-center: 38.69764, -77.25542  (9518, Workhouse Way, Lorton, Fairfax County, Virginia, 22079, United States)
- virginia-beach-art-center-inc: 36.84966, -75.97608  (Virginia Beach, Virginia, United States)
- the-workshop-at-timber-ridge-va: 37.78451, -79.44085  (Lexington Visitors Center, 106, East Washington Street, Lexington, Virginia, 24450, United)
- ceramic-designers-association: no address or town to look up
- torpedo-factory-art-center: 38.80486, -77.03979  (Torpedo Factory Art Center, 105, North Union Street, Jefferson Houston, Alexandria, Virgin)
- bradley-b-pottery-md: 38.75095, -77.47527  (Manassas, Virginia, United States)
- the-district-clay-center: 37.57141, -77.43484  (123, West Brookland Park Boulevard, Highland Park, Northside, Richmond, Virginia, 23222, U)
- luke-iannuzzi-pottery: 44.26158, -72.58321  (136, State Street, Montpelier Historic District, Montpelier, Washington County, Vermont, 0)
- third-branch-pottery: no address or town to look up
- farmhouse-pottery: 43.62578, -72.51715  (26, Central Street, Woodstock Village Historic District, Woodstock Village, Woodstock, Win)
- middlebury-studio-school-vt: 44.00629, -73.1607  (94, Court Street, Middlebury Village Historic District, Middlebury, Addison County, Vermon)
- jackie-sedlock-pottery-vt: 43.17691, -73.05687  (Manchester, Bennington County, Vermont, United States)
- jackie-sedlock-pottery: 42.75986, -73.20587  (1179, North Mason Hill Road, Pownal, Bennington County, Vermont, 05261, United States)
- rain-city-clay: 47.51398, -122.38641  (4208, Southwest 100th Street, Arbor Heights, Seattle, King County, Washington, 98146, Unit)
- burnish-clay-studio: 48.7557, -122.46609  (2006, North State Street, Bellingham, Whatcom County, Washington, 98225, United States)
- tacoma-clay: 47.22241, -122.4391  (Tacoma Avenue South, Lincoln International District, South End, Tacoma, Pierce County, Was)
- the-clay-connection: 47.6573, -117.40135  (East Sprague Avenue, University District, Spokane, Spokane County, Washington, 99202, Unit)
- olympic-coast-creative: NOT FOUND for "1927 E First Street, Port Angeles, WA 98362"
- evergreen-coast-pit-workshop: NOT FOUND for "3914 Pacific Way, Seaview, WA 98644"
- eastside-pottery: 47.61442, -122.19234  (Bellevue, King County, Washington, United States)
- kirkland-art-center: 47.67654, -122.20708  (Kirkland, King County, Washington, United States)
- seattle-pottery-supply-wa: 47.57492, -122.33763  (Seattle Pottery Supply, 35, South Hanford Street, Beacon Hill, Seattle, King County, Washi)
- ilwaco-artworks: 46.30904, -124.04366  (Ilwaco, Pacific County, Washington, 98624, United States)
- kmun: 46.30904, -124.04366  (Ilwaco, Pacific County, Washington, 98624, United States)
- spokane-potters-guild: 47.65719, -117.42351  (Spokane, Spokane County, Washington, United States)
- seatown-pottery: 47.68075, -122.3241  (Seatown Pottery, 412, Northeast 72nd Street, Green Lake, Seattle, King County, Washington,)
- jansen-art-center: 48.94305, -122.45138  (Jansen Art Centre, 321, Front Street, Historic Business District, Lynden, Whatcom County, )
- turning-earth: 47.05731, -123.92711  (New London, Grays Harbor County, Washington, United States)
- dahl-arts-studio: no address or town to look up
- natasha-alphonse: 47.60383, -122.33006  (Seattle, King County, Washington, United States)
- robbie-lobell: no address or town to look up
- stillfire-pottery: 48.01815, -122.51547  (Freeland, Island County, Washington, 98249, United States)
- salish-sea-ceramic-studio: 47.97934, -122.2127  (Everett, Snohomish County, Washington, United States)
- damian-grava: 47.60383, -122.33006  (Seattle, King County, Washington, United States)
- creative-hands-studio: 47.76232, -122.2054  (Bothell, King County, Washington, United States)
- art-on-the-town: NOT FOUND for "9841 127 Front St., Beaver Dam, WI 53916"
- artisan-center: 44.52811, -88.10445  (Northeast Wisconsin Technical College-Green Bay, 2740, West Mason Street, Fritsch Park, Gr)
- mineral-point-chamber-of: 42.85966, -90.17866  (114, High Street, Mineral Point, Iowa County, Wisconsin, 53565, United States)
- schoolandcollegelistings: no address or town to look up
- grant-ruegnitz: no address or town to look up
- wisconsin-art-hub: no address or town to look up
- eckels-pottery: 46.47102, -91.19832  (Bayfield County, Wisconsin, United States)
- ram-wustum: 42.72828, -87.78272  (R|A|M Racine Art Museum, 441, Main Street, Downtown, Racine, Racine County, Wisconsin, 534)
- clayfestwi: no address or town to look up
- cream-city-clay: 43.01654, -88.00152  (7101,7105, West Greenfield Avenue, City Center, West Allis, Milwaukee County, Wisconsin, 5)
- simply-dunn-pottery: NOT FOUND for "2543 461st Street, Menomonie, WI 54751"
- simonlevin: 44.85182, -88.78693  (Gresham, Shawano County, Wisconsin, United States)
- parkersburg-art-center: 39.26751, -81.55767  (Parkersburg Art Center, 725, Market Street, Julia-Ann Square Historic District, Parkersbur)
- stifel-fine-arts-center-va: 40.0695, -80.68076  (1330, National Road, Dimmeydale, Pleasant Valley, Wheeling, Ohio County, West Virginia, 26)
- peter-callas: no address or town to look up
- laramie-county-community-college: 41.1045, -104.78297  (LCCC Athletic Fields, 1400, East College Drive, Cheyenne, Laramie County, Wyoming, 82007, )
