
> ceramics-website@1.0.0 kiln:geocode
> node --dns-result-order=ipv4first --network-family-autoselection-attempt-timeout=3000 kiln-map/geocode.mjs

- alaska: no address or town to look up
- east-creek-art: no address or town to look up
- midnight-potter-studios: NOT FOUND for "5861 Arctic Blvd Ste D, Anchorage, AK 99518"
- homer-hai-studio: no address or town to look up
- al: no address or town to look up
- alabama-center-for-the-arts: 34.60496, -86.98516  (133, 2nd Avenue Northeast, West Decatur, Decatur, Morgan County, Alabama, 35601, United St)
- athens-state-university: 34.80792, -86.96715  (Beaty Street North, Athens, Limestone County, Alabama, 35611, United States)
- the-mad-pottery: NOT FOUND for "4405 Halls Mill Road B-2, Mobile, AL 36693"
- eastern-shore-art-center: NOT FOUND for "13556 Snarr Rd., Silverhill, AL 36576"
- arkansas-museum-of-fine-arts: NOT FOUND for "501 East Ninth Street, Little Rock, AR 72202"
- eureka-springs-school-of-the-arts: NOT FOUND for "15751 Hwy 62 West, Eureka Springs, AR 72632"
- sullivan-pottery: no address or town to look up
- cub-creek-foundation: no address or town to look up
- arkansas-state-parks: no address or town to look up
- tucson-parks-raku: 32.21927, -110.9097  (200, South Alvernon Way, Tucson, Pima County, Arizona, 85711, United States)
- sedona-art-center: 34.87238, -111.75765  (Sedona Arts Center, 15, Art Barn Road, Uptown Sedona, Sedona, Coconino County, Arizona, 86)
- arizona-clay-space: NOT FOUND for "2724 Sullivan Ranch Road, Clarkdale, AZ 86324"
- douglas-campus-art-department: NOT FOUND for "4190 West Highway 80, Douglas, AZ"
- arcosanti: no address or town to look up
- laima-ceramics: NOT FOUND for "Bauska, Arizona"
- cobb-mountain: NOT FOUND for "9700 Rocky's Rd, Middletown, CA 95461"
- burton-creek: NOT FOUND for "9700 Rocky's Rd, Middletown, CA 95461"
- smaart-studio: 37.78786, -122.41759  (1045;1047;1049;1051, Sutter Street, Lower Nob Hill, Tenderloin, San Francisco, California,)
- spiffy-pottery-studio: 37.45898, -122.1527  (1919, Menalto Avenue, Menlo Park, San Mateo County, California, 94025, United States)
- slowfire: no address or town to look up
- kickwheel-sonoma: 38.27825, -122.66858  (5400, Redwood Highway North, Petaluma, Sonoma County, California, 94954, United States)
- claytivity-pottery-studio: 34.10629, -118.25152  (2910, Gilroy Street, Los Angeles, Los Angeles County, California, 90039, United States)
- ica-north: 33.02786, -117.25757  (1550, South El Camino Real, New Encinitas, Encinitas, San Diego County, California, 92024,)
- claytivity-pottery-studio-ca: 34.10629, -118.25152  (2910, Gilroy Street, Los Angeles, Los Angeles County, California, 90039, United States)
- amoca-ceramics-studio: 34.06068, -117.75035  (301, North Garey Avenue, Edison Historic District, Pomona, Los Angeles County, California,)
- denver-ceramic-studio: 39.70984, -104.98067  (369, South Pearl Street, Platt Park, Denver, Colorado, 80209, United States)
- alex-schupp-ceramics: 39.75341, -104.98288  (2412, Stout Street, Curtis Park, Five Points, Denver, Colorado, 80205, United States)
- asld-art-students-league-of-denver: 39.71972, -104.98345  (Art Students League of Denver, 200, Grant Street, Capitol Hill, Denver, Colorado, 80203, U)
- flingin-pots: 40.57291, -105.1257  (2614, Pleasant Valley Road, Fort Collins, Larimer County, Colorado, 80521, United States)
- carbondale-clay-center: 39.40062, -107.208  (135, Main Street, Carbondale, Garfield County, Colorado, 81623, United States)
- abi-higgins-ceramics-studio: NOT FOUND for "Christow, Colorado"
- steamboatcreates: 40.48955, -106.84056  (1001, 13th Street, Steamboat Springs, Routt County, Colorado, 80487, United States)
- warehome-studios: NOT FOUND for "2520 Copper Ridge Dr. Unit C2, Steamboat Springs, CO"
- featherstoneart-app-neoncrm: no address or town to look up
- mudstone-studios: no address or town to look up
- expressions-pottery: 41.94162, -72.72564  (9-15, School Street, East Granby Historic District, Higley Village, East Granby, Capitol P)
- canton-clay-works: 41.85116, -72.91915  (150, Cherry Brook Road, Canton Center Historic District, North Canton, Canton, Capitol Pla)
- district-clay-center-dc: 38.92388, -76.97145  (2414, Douglas Street Northeast, Langdon, Northeast, Ward 5, Washington, District of Columb)
- rebel-potters: no address or town to look up
- atlantic-pottery-supply: 30.16625, -81.72095  (1904, Debarry Avenue, Orange Park, Clay County, Florida, 32073, United States)
- the-clay-co-op: 27.76451, -82.67054  (Charlie Parker Pottery, 2724, 6th Avenue South, Palmetto Park, Saint Petersburg, Pinellas )
- eat-your-yard-jax: 30.40226, -81.78317  (Utsey Road, Spaulding, Jacksonville, Duval County, Florida, 32219, United States)
- super-awesome-cool-pottery: 28.47499, -81.3663  (Super Awesome Cool Pottery, 930, Hoffner Avenue, Pine Castle, Orlando, Orange County, Flor)
- make-space: NOT FOUND for "39 Masters Drive STE 1, Saint Augustine, FL 32084"
- sarasota-clay-company: 27.37328, -82.53554  (1733, Northgate Boulevard, Sarasota County, Florida, 34234, United States)
- first-city-art-center: 30.42404, -87.21638  (1060, North Guillemard Street, North Hill, Pensacola, Escambia County, Florida, 32501, Uni)
- smith-works-studios: 29.89994, -81.31693  (24, Grove Avenue, Uptown, Saint Augustine, Saint Johns County, Florida, 32084, United Stat)
- morean-center-for-clay: 27.76735, -82.66226  (Historic Seaboard Train Station, 420, 22nd Street South, Saint Petersburg, Pinellas County)
- morean-workshop-space: 27.7685, -82.66084  (2025, 3rd Avenue South, Grand Central, Saint Petersburg, Pinellas County, Florida, 33712, )
- element-art-center-fl: no address or town to look up
- the-clay-studios: no address or town to look up
- alison-and-abi: NOT FOUND for "Glôg, Florida"
- ballingerpublishing: no address or town to look up
- tampa-museum-of-art: 27.94947, -82.46236  (Tampa Museum of Art, 120, West Gasparilla Plaza, Clarkes, Harbour Island, Tampa, Hillsboro)
- queen-city-clay: no address or town to look up
- luke-iannuzzi-pottery-fl: no address or town to look up
- hambidge: NOT FOUND for "105 Hambidge Court, Rabun Gap, GA 30568"
- chastain-arts-atlanta: 33.78177, -84.3452  (Callanwolde Fine Arts Center, 980, Briarcliff Road Northeast, Druid Hills, Atlanta, DeKalb)
- atlanta-clay-works: 33.75085, -84.32309  (Atlanta Clay Works, 42, Howard Street Southeast, Kirkwood, Atlanta, DeKalb County, Georgia)
- callanwolde-fine-arts-center: 33.78177, -84.3452  (Callanwolde Fine Arts Center, 980, Briarcliff Road Northeast, Druid Hills, Atlanta, DeKalb)
- corranny-forest-pottery: NOT FOUND for "Roslea, Georgia"
- oxcombe-pottery: no address or town to look up
- mudfire-pottery-studio-and-gallery: 33.78021, -84.2682  (Mudfire Studio and Gallery, 175, Laredo Drive, Ingleside, Decatur, DeKalb County, Georgia,)
- hawaii-potters-guild: 21.29513, -157.82304  (2480, Bingham Street, Moiliili, McCully, East Honolulu, Honolulu, Honolulu County, Hawaii,)
- hawai-i-craftsmen: 21.31124, -157.86187  (1110, Nuuanu Avenue, Downtown Honolulu Business Improvement District, Hawaii Capital Histo)
- hawaii-ceramic-supply: 21.32808, -157.88185  (1922, Colburn Street, Kalihi Kai, Honolulu, Honolulu County, Hawaii, 96819, United States)
- iowa-ceramics-center-and-glass-studio: NOT FOUND for "329 10th Ave SE, Suite 117, Cedar Rapids, IA 52401"
- creston-arts: no address or town to look up
- meetup: no address or town to look up
- alto-clayworks: 37.57528, -89.32091  (Alto Clay Works, 595, Main Street, Alto Pass, Union County, Illinois, 62905, United States)
- clay-company: no address or town to look up
- tinkermills-muddy-makers-pottery-studio: no address or town to look up
- omniform1: no address or town to look up
- spindrift-studio: no address or town to look up
- common-clay-space-miki-shim: NOT FOUND for "1418 S. Rocky Hill Rd., Galena, IL"
- the-community-learning-center: 41.44033, -85.26026  (401, East Diamond Street, Kendallville, Noble County, Indiana, 46755, United States)
- amphora-ceramic-studio: no address or town to look up
- northern-indiana-clay-alliance: NOT FOUND for "118 South Main Street, Suite 2, Goshen, IN"
- playin-with-fire-studios: no address or town to look up
- camp-singers: no address or town to look up
- bracker-s: no address or town to look up
- art-center-bluegrass: 37.64601, -84.77418  (401, West Main Street, Danville, Boyle County, Kentucky, 40422, United States)
- art-center-of-the-bluegrass: NOT FOUND for "134 South Second Street, Danville, KY 40422"
- kjones-pottery: no address or town to look up
- laima-ceramics-la: NOT FOUND for "Bauska, Louisiana"
- castle-hill-truro: 41.99784, -70.06121  (10, Meetinghouse Road, Truro, Barnstable County, Massachusetts, 02666, United States)
- snow-farm: 42.40702, -72.76186  (5, Clary Road, Williamsburg, Hampshire County, Massachusetts, 01096, United States)
- berkshire-art-center: 42.31627, -73.3311  (13, Willard Hill Road, Interlaken, Stockbridge, Berkshire County, Massachusetts, 01262, Un)
- dewclaw-studios: no address or town to look up
- mudflat: 42.38743, -71.08195  (Mudflat Studio, 81, Broadway, Mount Vernon Street Historic District, Somerville, Middlesex)
- indigo-fire-pottery-studio: 42.36919, -71.15266  (Indigo Fire, 79R, Grove Street, Mount Auburn, East Watertown, Watertown, Middlesex County,)
- lexart: 42.44523, -71.22818  (130, Waltham Street, Lexington, Middlesex County, Massachusetts, 02421, United States)
- pottery-mill: 42.63068, -71.3216  (325, Chelmsford Street, Ayres City, Lowell, Middlesex County, Massachusetts, 01851, United)
- harvard: 42.36345, -71.13397  (224, Western Avenue, Barry's Corner, Allston, Boston, Suffolk County, Massachusetts, 02134)
- the-local-fire-arts-center: no address or town to look up
- sunset-canyon-pottery: no address or town to look up
- sam-taylor: no address or town to look up
- academy-art-museum: 38.77198, -76.07392  (106, South Street, Carrolls Addition, Easton, Talbot County, Maryland, 21601, United State)
- arts-lab-of-south-county: 38.77771, -76.57161  (AMA Woodworks, 312, Deale Road, Lofty Heights, Tracys Landing, Deale, Anne Arundel County,)
- washington-street-studios: no address or town to look up
- district-clay-center-md: no address or town to look up
- kilnjoy-ceramics: NOT FOUND for "2023 from 10am-3pm 22201 Pondsville Rd., Smithsburg, MD"
- watershed: 44.01176, -69.62445  (19, Brick Hill Road, Newcastle, Lincoln County, Maine, 04553, United States)
- haystack: 44.18825, -68.58434  (89, Haystack School Drive, Sunshine, Deer Isle, Hancock County, Maine, 04627, United State)
- waterville-creates: 44.54987, -69.62965  (93, Main Street, Waterville Main Street Historic District, Waterville, Kennebec County, Ma)
- coastal-maine-raku-pit-firing: 44.2821, -69.01169  (34, Beach Road, Carvers Corner, Lincolnville, Waldo County, Maine, 04849, United States)
- tyler-gulden-ceramics: NOT FOUND for "45 Clark's Cove Rd, Walpole, ME 04573"
- glen-arbor-arts-center: 44.89648, -85.98772  (Glen Arbor Art Association, 6031, South Lake Street, Glen Arbor, Glen Arbor Township, Leel)
- ann-arbor-potters-guild: NOT FOUND for "4200 343 South Fifth Ave., Ann Arbor, MI 48104"
- grand-marais-art-colony: 47.75092, -90.33722  (120, 3rd Avenue West, Grand Marais, Cook County, Minnesota, 55604, United States)
- minnetonka-center-for-the-arts: NOT FOUND for "2240 North Shore Drive, Wayzata, MN 55391-9347"
- north-house-folk-school: 47.74909, -90.34037  (North House Folk School, 500, West Highway 61, Grand Marais, Cook County, Minnesota, 55604)
- ceramicsow: no address or town to look up
- belger-arts: 39.08809, -94.56655  (2011, Tracy Avenue, 18th & Vine Jazz District, Kansas City, Jackson County, Missouri, 6410)
- fire-and-muck-pottery: no address or town to look up
- artistree-pottery: NOT FOUND for "1423 E. Cherry Street, Suite 103, Springfield, MO 65802"
- sam-fox-school-of-design-visual-arts: NOT FOUND for "01 One Brookings Drive, St. Louis, MO 63130"
- ohr-okeefe-ceramics: 30.39259, -88.8713  (386, Beach Boulevard, Biloxi, Harrison County, Mississippi, 39530, United States)
- juliet-bravo-pottery-llc: no address or town to look up
- oxford-kilns: no address or town to look up
- red-lodge-clay-center: 45.18565, -109.2471  (123, South Broadway Avenue, Red Lodge, Carbon County, Montana, 59068, United States)
- montana-harvest-moon: no address or town to look up
- theclaystudioofmissoula: 46.88214, -114.00765  (1106, Hawthorne Street, Missoula, Missoula County, Montana, 59802, United States)
- penland: 35.94448, -82.11525  (Craft House, 2687, Conley Ridge Road, Penland, Bakersville, Mitchell County, North Carolin)
- john-c-campbell: 35.03748, -83.96416  (Bidstrup House, 4590, Brasstown Road, Cherokee County, North Carolina, 28902, United State)
- sawtooth: 36.09631, -80.24839  (251, Spruce Street North, Winston-Salem, Forsyth County, North Carolina, 27101, United Sta)
- wood-song-pottery: NOT FOUND for "524 Wilson Road, Bakersville, NC 28705"
- delores-pottery-studios: 36.00123, -78.91049  (Not Just Paper, 1010, West Main Street, Downtown Durham, Trinity Park, Durham, Durham Coun)
- pasca-pottery: NOT FOUND for "11 am - 4 pm 5 Wyndham Place, Durham, NC 27705"
- raku-workshop-leland: 34.2131, -78.02882  (Leland Cultural Arts Center, 1212, Magnolia Village Way, Leland, Brunswick County, North C)
- southern-illinois-university-edwardsville: NOT FOUND for "7721 Six Forks Road Suite 100, Raleigh, NC 27615"
- gertrude-graham-smith-pottery: 36.01681, -82.08602  (Cane Creek Church, 10, Hazen Ledford Road, Hawk, Bakersville, Mitchell County, North Carol)
- cedar-creek-gallery: 36.07686, -78.74697  (Cedar Creek Gallery, 1150, Fleming Road, North Side, Creedmoor, Granville County, North Ca)
- joseph-sand-pottery: no address or town to look up
- jackson-county-green-energy-park: NOT FOUND for "100 Green Energy Park Rd., Sylva, NC 28779"
- msu-lifelong-learning-institute: NOT FOUND for "Misu, North Dakota"
- lux-center: 40.83847, -96.65396  (LUX Center for the Arts, 2601, North 48th Street, University Place, Lincoln, Lancaster Cou)
- bone-creek-museum-of-agrarian-art: 41.25188, -97.12858  (312, North 5th Street, David City, Butler County, Nebraska, 68632, United States)
- snow-farm-nh: no address or town to look up
- kittery-point-potters-and-pcms: no address or town to look up
- the-wheel-house: NOT FOUND for "865 Islington St, Suite 200, Portsmouth, NH 03801"
- timisaacpottery: NOT FOUND for "New Horton, New Hampshire"
- peters-valley: 41.196, -74.85104  (Peters Valley School of Craft: Office, 19, Kuhn Road, Sandyston Township, Sussex County, N)
- truro-center-for-the-arts: no address or town to look up
- wooten-clayworks: no address or town to look up
- paseo-pottery: 35.65968, -105.98881  (1273, Calle de Comercio, Santa Fe, Santa Fe County, New Mexico, 87605, United States)
- museum-of-new-mexico-foundation: 35.68098, -105.94435  (Museum of New Mexico Foundation Offices, 1411, Paseo de Peralta, Barrio de Analco Historic)
- taos-ceramics-center: 36.36959, -105.59176  (114, Este Es Road, Taos, Taos County, New Mexico, 87571, United States)
- calliope-gallery: 35.40737, -106.15202  (2876, Turquoise Trail NM-14, Madrid, Santa Fe County, New Mexico, 87010, United States)
- animal-house-pottery: NOT FOUND for "3355 Clayton St Ste 44, North Las Vegas, NV 89032"
- elko-county-art-club: no address or town to look up
- 28a-clay: 41.96803, -74.27718  (4095, State Route 28A, West Shokan, Town of Olive, Ulster County, New York, 12494, United )
- tony-moore-wood-fire-kiln-garrison-art-center: NOT FOUND for "78 Trout Brook Road, Cold Spring, NY 10516"
- craigardan: NOT FOUND for "9216 New York 9N, Elizabethtown, NY 12932"
- woodstock-byrdcliffe-guild: 42.05379, -74.14656  (485, Upper Byrdcliffe Road, Byrdcliffe, Town of Woodstock, Ulster County, New York, 12498,)
- view-arts-center: 43.71429, -74.96113  (3273, State Route 28, Old Forge, Town of Webb, Herkimer County, New York, 13420, United St)
- the-d-amico-institute-of-art: NOT FOUND for "Napeague Meadow Road, Amagansett, NY"
- silk-road-ceramics-studio: no address or town to look up
- andrew-sartorius-ceramics: 42.10206, -73.87405  (534, Church Avenue, Viewmonte, Town of Germantown, Columbia County, New York, 12526, Unite)
- waterbrook-potters-studio: 42.73729, -73.70794  (9th Avenue, Cloverleaf Industrial Park, City of Watervliet, Albany County, New York, 12189)
- thousand-islands-arts-center: 44.24055, -76.08787  (321, James Street, Village of Clayton, Town of Clayton, Jefferson County, New York, 13624,)
- clifton-cultural-arts: 39.14416, -84.51883  (Clifton Cultural Arts Center (CCAC), 3412, Clifton Avenue, Clifton Business District, Clif)
- kiln-room: 39.91921, -82.99528  (2050, South High Street, Steelton, Columbus, Franklin County, Ohio, 43207, United States)
- willahollow-pottery: NOT FOUND for "0059 3521 Main Street, Perry, OH 44081"
- yellow-springs-raku-day-john-bryan-community-pot: 39.80839, -83.88702  (100, Dayton Street, Yellow Springs Historic District, Yellow Springs, Miami Township, Gree)
- the-cracked-pot-studio: 40.35344, -83.7575  (613, Hamilton Street, Bellefontaine, Lake Township, Logan County, Ohio, 43311, United Stat)
- canton-museum-of-art: 40.80717, -81.37335  (Canton Museum of Art, 1001, Market Avenue North, Downtown Canton, Canton, Stark County, Oh)
- tomradca: no address or town to look up
- communitypottery: 39.80839, -83.88702  (100, Dayton Street, Yellow Springs Historic District, Yellow Springs, Miami Township, Gree)
- paseo-pottery-ok: no address or town to look up
- oklahoma-state-university: 36.11098, -97.06179  (Prairie Arts Center, 1001, South Duck Street, Original Townsite, Stillwater, Payne County,)
- rogue-valley-pottery: 42.20144, -122.70586  (300, East Hersey Street, Ashland, Jackson County, Oregon, 97520, United States)
- sitka-center: 45.04776, -123.99249  (Sitka Center for Art and Ecology, 56605, Sitka Drive, Tillamook County, Oregon, 97368, Uni)
- st-johns-clay-collective: NOT FOUND for "6635 North Baltimore Avenue, Suite 125, Workshop St. Johns Complex, Portland, OR"
- willamette-art-center: NOT FOUND for "3995 Fairview Industrial Dr. SE, Suite 100, Salem, OR 97302"
- clay-space: 44.05719, -123.11263  (222, Polk Street, Whiteaker, Bethel, Eugene, Lane County, Oregon, 97402, United States)
- synergy-ceramics: NOT FOUND for "1900 Northeast Division Street suite 108, Bend, OR 97701"
- rogue-valley-pottery-supply-and-studios: NOT FOUND for "300 E Hersey St Unit 8, Ashland, OR"
- uo-erb-memorial-union: no address or town to look up
- east-creek-art-camp: NOT FOUND for "3519 NE 15th Ave, #259, Portland, OR 97212"
- portland-parks-or: NOT FOUND for "1120 SW 5th Ave, Suite 858, Portland, OR 97204"
- east-creek-anagama: no address or town to look up
- anderson-ranch-art-center: no address or town to look up
- josephy: NOT FOUND for "12 - 4 pm 403 N Main St, Joseph, OR"
- historic-yellow-springs: 40.10001, -75.62036  (1668, Art School Road, Chester Springs Historic District, Pikeland, Chester Springs, West )
- clay-studio-philadelphia: 39.97824, -75.13892  (North American Street, West Kensington, North Philadelphia, Philadelphia, Philadelphia Cou)
- main-line-art-center: 40.01585, -75.3097  (Main Line Art Center, 746, Panmure Road, Havertown, Haverford Township, Delaware County, P)
- tyler-park-arts: 40.22216, -74.98692  (Stable Mill Road, Richboro, Northampton Township, Bucks County, Pennsylvania, 18966, Unite)
- community-arts-center: 39.90872, -75.36349  (Community Arts Center, 414, Plush Mill Road, Pendle Hill, South Media, Nether Providence T)
- lancaster-creative-factory: NOT FOUND for "580 S Prince St, Rear, Lancaster, PA 17603"
- erie-clayspace: NOT FOUND for "1505 State Street, 3rd Floor, Erie, PA 16501"
- greeny-gary-greenberg: no address or town to look up
- nixdorf-pottery: no address or town to look up
- allens-lane-art-center: 40.05227, -75.20165  (601, West Allens Lane, West Mount Airy, Northwest Philadelphia, Philadelphia, Philadelphia)
- up-in-smoke-pottery: no address or town to look up
- steel-yard: 41.82678, -71.43371  (27, Sims Avenue, Olneyville, Providence, Providence County, Rhode Island, 02909, United St)
- ri-creations: NOT FOUND for "Bacchus Marsh, Rhode Island"
- hilton-head-pottery: NOT FOUND for "21 Mathews Drive, Suite 2, Hilton Head Island, SC 29926"
- south-carolina-arts-commission: NOT FOUND for "1026 Sumter St., Ste. 200, Columbia, SC 29201"
- common-grace-pottery: NOT FOUND for "5909 Labrador Lane, Antioch, TN 37013"
- bookwhen: no address or town to look up
- the-clay-lady-s-campus: 36.15337, -86.72491  (1416, Lebanon Pike, East Nashville, Nashville, Davidson County, Middle Tennessee, Tennesse)
- contemporary-austin-art-school: 30.26927, -97.74282  (The Contemporary Austin - Jones Center on Congress Avenue;The Contemporary Austin - Jones )
- craft-guild-dallas: NOT FOUND for "3410 Midcourt Rd Suite 115, Carrollton, TX 75006"
- feats-of-clay-pottery: NOT FOUND for "806 McPhaul St, Austin, TX 78758"
- four-circle-studio: 29.78648, -95.38813  (New Heights Coffee Roasters, 825, Studewood Street, Woodland Heights, Houston Heights, Hou)
- potters-place-pottery: NOT FOUND for "6729 S Fry Rd, Katy, TX 77494"
- cliff-house-studio-and-gallery: NOT FOUND for "8092 Eagle Mountain Drive, Fort Worth, TX 76135"
- cera: NOT FOUND for "8185 1605 Ranch House Rd., Willow Park, TX 76087"
- roadrunner-ceramics: NOT FOUND for "12747 Cimarron Path Suite 116, San Antonio, TX 78249"
- lhuca-clay-studio: 33.59075, -101.84761  (Louise Hopkins Underwood Center for the Arts, 511, Avenue K, Lubbock, Lubbock County, Texa)
- fire-gallery-and-studio: no address or town to look up
- the-craft-guild: NOT FOUND for "3410 Midcourt Rd Suite 115, Carrollton, TX 75006"
- art-center-of-corpus-christi: 27.79201, -97.39255  (Art Center of Corpus Christi, 100, North Shoreline Boulevard, Coopers Alley L-Head, Marina)
- hill-potters-guild: no address or town to look up
- utsa-college-of-liberal-and-fine-arts: NOT FOUND for "501 W. Cesar Chavez Blvd. Frio Building, FS 4.450, San Antonio, TX"
- petersen-art-center: 40.72567, -111.86164  (1025, 2100 South, Sugar House, Salt Lake City, Salt Lake County, Utah, 84106, United State)
- i-j-and-jeanne-wagner-jewish: no address or town to look up
- patty-s-ceramics: no address or town to look up
- cub-creek: 37.22396, -78.74455  (4871, Wheelers Spring Road, Charlotte County, Virginia, 24522, United States)
- visarts: 37.5488, -77.46389  (Visual Arts Center of Richmond, 1812, West Main Street, The Fan, Richmond, Virginia, 23220)
- muddy-creek-pottery: NOT FOUND for "470 Ponton Lane, Lovingston, VA"
- althouse-pottery: NOT FOUND for "1320 Chilly Hollow Road, Berryville, VA 22611"
- river-city-clay: NOT FOUND for "1811 Huguenot Rd. - Suite 408, Richmond, VA 23113"
- academy-center-of-the-arts: NOT FOUND for "3256 600 Main Street, Lynchburg, VA 24504"
- virginia-beach-art-center-inc: 36.84445, -75.97993  (532, Virginia Beach Boulevard, Virginia Beach, Virginia, 23451, United States)
- ceramic-designers-association: no address or town to look up
- middlebury-studio-school: NOT FOUND for "2377 Route 7 South, Middlebury, VT 05753"
- third-branch-pottery: no address or town to look up
- orchard-street-pottery: 42.86547, -72.59465  (658, Orchard Street, West Brattleboro, Brattleboro, Windham County, Vermont, 05301, United)
- jackie-sedlock-pottery-vt: 42.75986, -73.20587  (1179, North Mason Hill Road, Pownal, Bennington County, Vermont, 05261, United States)
- pottery-northwest: NOT FOUND for "220 3rd Ave S Lower Level, Seattle, WA 98104"
- seattle-artist-league: 47.55288, -122.32904  (5516, 4th Avenue South, Van Asselt, Georgetown, Seattle, King County, Washington, 98108, U)
- norris-arts: NOT FOUND for "1605 NW 6th Avenue, STE D, Camas, WA 98607"
- rat-city-studios: 47.50881, -122.36326  (2410, Southwest 106th Street, Seattle, King County, Washington, 98146, United States)
- olympic-coast-creative: NOT FOUND for "1927 E First Street, Port Angeles, WA 98362"
- eastside-pottery: NOT FOUND for "1809 130th Ave NE #124, Bellevue, WA 98005"
- ilwaco-artworks: 46.30916, -124.04349  (109, 1st Avenue North, Ilwaco, Pacific County, Washington, 98624, United States)
- dahl-arts-studio: no address or town to look up
- robbie-lobell: no address or town to look up
- damian-grava: 47.52152, -122.3724  (Westwood Art Studio, 9042, 31st Avenue Southwest, Westwood, Seattle, King County, Washingt)
- uwm-waukesha-field-station: NOT FOUND for "W349 S1480 S. Waterville Road, Oconomowoc, WI 53066"
- adamah-art-studio: 43.05101, -90.12234  (4681, County Road ZZ, Town of Dodgeville, Iowa County, Wisconsin, 53533, United States)
- art-on-the-town: NOT FOUND for "9841 127 Front St., Beaver Dam, WI 53916"
- adamah-art-studios: 43.05101, -90.12234  (4681, County Road ZZ, Town of Dodgeville, Iowa County, Wisconsin, 53533, United States)
- schoolandcollegelistings: no address or town to look up
- grant-ruegnitz: no address or town to look up
- wisconsin-art-hub: no address or town to look up
- clayfestwi: no address or town to look up
- simply-dunn-pottery: NOT FOUND for "2543 461st Street, Menomonie, WI 54751"
- peter-callas: no address or town to look up
