- alsi-ceramics: 39.73924, -104.98486  (Denver, Colorado, United States)
- community-clay: 39.73924, -104.98486  (Denver, Colorado, United States)
- denver-ceramic-studio: 39.73924, -104.98486  (Denver, Colorado, United States)
- alex-schupp-ceramics: 39.73924, -104.98486  (Denver, Colorado, United States)
- asld-art-students-league-of-denver: 39.73924, -104.98486  (Denver, Colorado, United States)
- jl-pottery-justin: 39.6536, -105.1911  (Morrison, Jefferson County, Colorado, United States)
- friend-assembly: 39.74014, -104.87334  (Aurora, Adams County, Colorado, United States)
- flingin-pots: 40.58718, -105.07701  (Fort Collins, Larimer County, Colorado, United States)
- fort-collins-pottery: 40.58718, -105.07701  (Fort Collins, Larimer County, Colorado, United States)
- a-potter-s-place: 40.58718, -105.07701  (Fort Collins, Larimer County, Colorado, United States)
- joseph-miranda-smokestack: 40.58718, -105.07701  (Fort Collins, Larimer County, Colorado, United States)
- stinky-cheese-ceramics: 40.39776, -105.07498  (Loveland, Larimer County, Colorado, United States)
- boulder-potters-guild: 40.01499, -105.27054  (Boulder, Boulder County, Colorado, United States)
- springs-pottery-studio: 38.83396, -104.82535  (Colorado Springs, El Paso County, Colorado, United States)
- cottonwood-center-for-the-arts: 38.83396, -104.82535  (Colorado Springs, El Paso County, Colorado, United States)
- fine-arts-center-at-colorado-college: 38.83396, -104.82535  (Colorado Springs, El Paso County, Colorado, United States)
- carbondale-clay-center: 39.40056, -107.21124  (Carbondale, Garfield County, Colorado, United States)
- colorado-clay-studio-gallery: 37.27695, -107.8766  (Durango, La Plata County, Colorado, United States)
- atlantic-pottery-supply: 30.16547, -81.70163  (Orange Park, Clay County, Florida, United States)
- jane-s-art-center: 29.02581, -80.92713  (New Smyrna Beach, Volusia County, Florida, United States)
- the-clay-co-op: 27.77123, -82.63403  (Saint Petersburg, Pinellas County, Florida, United States)
- clay-center-of-st-petersburg: 27.77123, -82.63403  (Saint Petersburg, Pinellas County, Florida, United States)
- seagrass-pottery: 28.0785, -80.60779  (Melbourne, Brevard County, Florida, United States)
- atlantic-beach-arts-market: 30.33441, -81.3987  (Atlantic Beach, Duval County, Florida, 32233, United States)
- eat-your-yard-jax: 30.32622, -81.65792  (Jacksonville, Duval County, Florida, United States)
- eniko-ujj-nick-phoenix: 30.42131, -87.21691  (Pensacola, Escambia County, Florida, United States)
- pit-fired-ceramics-workshop: 30.63241, -87.03969  (Milton, Santa Rosa County, Florida, United States)
- lemoyne-arts: 30.43808, -84.28093  (Tallahassee, Leon County, Florida, United States)
- super-awesome-cool-pottery: 28.54212, -81.37905  (Orlando, Orange County, Florida, United States)
- peace-and-mud-pottery-studio: 29.8947, -81.31454  (Saint Augustine, Saint Johns County, Florida, 32084, United States)
- make-space: 29.8947, -81.31454  (Saint Augustine, Saint Johns County, Florida, 32084, United States)
- the-clayground: 30.31191, -81.39647  (Neptune Beach, Duval County, Florida, 32266, United States)
- east-orlando-ceramics: 28.54212, -81.37905  (Orlando, Orange County, Florida, United States)
- city-of-orlando-ceramics-studio: 28.54212, -81.37905  (Orlando, Orange County, Florida, United States)
- sarasota-clay-company: 27.33658, -82.53085  (Sarasota, Sarasota County, Florida, United States)
- ceramic-league-of-miami: 25.77416, -80.1936  (Miami, Miami-Dade County, Florida, United States)
- armory-art-center: 26.71536, -80.05329  (West Palm Beach, Palm Beach County, Florida, United States)
- studio-t-m-pottery-and-clay: 29.65197, -82.32498  (Gainesville, Alachua County, Florida, United States)
- first-city-art-center: 30.42131, -87.21691  (Pensacola, Escambia County, Florida, United States)
- southwest-florida-potters-guild: 26.93515, -82.05121  (Punta Gorda, Charlotte County, Florida, 33950, United States)
- richard-rosen-s-studio: no address or town to look up
- let-it-burn-pottery: 26.33981, -81.7787  (Bonita Springs, Lee County, Florida, United States)
- uwf-department-of-art-design: 30.42131, -87.21691  (Pensacola, Escambia County, Florida, United States)
- city-of-tampa-golding-art-studio: 27.94499, -82.45831  (Tampa, Hillsborough County, Florida, United States)
- woodstoke-gulf-coast-kiln-walk-society: 30.40198, -86.87008  (Navarre, Santa Rosa County, Florida, 32566, United States)
- smith-works-studios: no address or town to look up
- college-of-the-florida-keys: 24.55483, -81.80207  (Key West, Monroe County, Florida, United States)
- jacksonville-university: 30.32622, -81.65792  (Jacksonville, Duval County, Florida, United States)
- roger-jamison: 33.10953, -83.80877  (Juliette, Monroe County, Georgia, United States)
- georgia-clay-council: 34.23676, -84.49076  (Canton, Cherokee County, Georgia, United States)
- atlanta-clay-works: 33.75447, -84.38982  (Atlanta, Fulton County, Georgia, United States)
- callanwolde-fine-arts-center: 33.75447, -84.38982  (Atlanta, Fulton County, Georgia, United States)
- spruill-center-for-the-arts: 33.94638, -84.33427  (Dunwoody, DeKalb County, Georgia, United States)
- mudfire-pottery-studio: 30.87366, -84.5741  (Decatur County, Georgia, United States)
- good-dirt-clay-studio: 33.95977, -83.3764  (Athens, Clarke County, Georgia, United States)
- clayer-co: 32.03354, -81.04983  (Thunderbolt, Chatham County, Georgia, United States)
- savannah-clay-community: 32.07901, -81.09213  (Savannah, Chatham County, Georgia, United States)
- annette-howell-turner-center-for-the-arts: 30.8327, -83.27849  (Valdosta, Lowndes County, Georgia, United States)
- maine-college-of-art-continuing-studies: 43.65736, -70.25866  (Portland, Cumberland County, Maine, United States)
- southern-maine-clay-guild: no address or town to look up
- turning-arts-studio: 44.00989, -69.89694  (Bowdoinham, Sagadahoc County, Maine, 04008, United States)
- coastal-maine-raku-pit-firing: 44.28119, -69.00865  (Lincolnville, Waldo County, Maine, United States)
- nate-winter-studios: 43.78942, -70.40834  (Windham, Cumberland County, Maine, 04062, United States)
- downeast-lakes-land-trust: 45.17889, -67.77503  (Grand Lake Stream, Washington County, Maine, 04637, United States)
- jackie-sedlock-pottery: no address or town to look up
- jody-johnstone-pottery: 44.52137, -68.99831  (Swanville, Waldo County, Maine, United States)
- maine-prairie-studio: no address or town to look up
- portland-pottery: 43.65736, -70.25866  (Portland, Cumberland County, Maine, United States)
- belfast-clay-studio: 44.42618, -69.00652  (Belfast, Waldo County, Maine, 04915, United States)
- work-in-progress: 43.99669, -70.06061  (Lisbon, Androscoggin County, Maine, United States)
- starworks: 35.40208, -79.7842  (Star, Montgomery County, North Carolina, United States)
- the-bascom: 35.05259, -83.19682  (Highlands, Macon County, North Carolina, 28741, United States)
- wood-song-pottery: 36.01567, -82.15874  (Bakersville, Mitchell County, North Carolina, 28705, United States)
- doug-dotson-pottery: 35.90999, -79.07529  (Carrboro, Orange County, North Carolina, 27510, United States)
- clayboro-studios: 35.90999, -79.07529  (Carrboro, Orange County, North Carolina, 27510, United States)
- delores-pottery-studios: 35.99665, -78.90181  (Durham, Durham County, North Carolina, United States)
- pasca-pottery: 35.99665, -78.90181  (Durham, Durham County, North Carolina, United States)
- natalie-boorman: 35.91315, -79.05578  (Chapel Hill, Orange County, North Carolina, United States)
- clayworks: 35.22721, -80.84308  (Charlotte, Mecklenburg County, North Carolina, United States)
- charlotte-pottery-studio: 35.22721, -80.84308  (Charlotte, Mecklenburg County, North Carolina, United States)
- cedar-oak-farm-pottery: 35.07681, -80.66924  (Indian Trail, Union County, North Carolina, United States)
- rising-sun-pottery: no address or town to look up
- fat-cat-pottery: 34.23529, -77.94873  (Wilmington, New Hanover County, North Carolina, United States)
- raku-workshop-leland: 34.23643, -78.004  (Leland, Brunswick County, North Carolina, United States)
- avl-clay: 35.59536, -82.55084  (Asheville, Buncombe County, North Carolina, United States)
- odyssey-clayworks: 35.59536, -82.55084  (Asheville, Buncombe County, North Carolina, United States)
- the-village-potters-clay-center: 35.59536, -82.55084  (Asheville, Buncombe County, North Carolina, United States)
- jeff-brown-pottery: 35.54084, -79.77789  (Seagrove, Randolph County, North Carolina, United States)
- middleton-clay-project: 36.5151, -76.17147  (Moyock, Currituck County, North Carolina, United States)
- southwestern-community-college: 35.37373, -83.22592  (Sylva, Jackson County, North Carolina, 28779, United States)
- the-oki-doki-studio-andrew-sartorius: 42.13453, -73.8918  (Town of Germantown, Columbia County, New York, 12526, United States)
- alterwork-studios: 40.8264, -73.68499  (Port Washington, Town of North Hempstead, Nassau County, New York, United States)
- tony-moore-wood-fire-kiln-garrison-art-center: 41.42009, -73.95458  (Village of Cold Spring, Town of Philipstown, Putnam County, New York, United States)
- tim-see-ceramics: 42.93007, -75.8527  (Town of Cazenovia, Madison County, New York, United States)
- uptown-clay-walton-woodfire-kiln: 42.16953, -75.12934  (Village of Walton, Town of Walton, Delaware County, New York, United States)
- craigardan: 44.21627, -73.5908  (Town of Elizabethtown, Essex County, New York, United States)
- salem-art-works: 43.17145, -73.33015  (Salem, Town of Salem, Washington County, New York, United States)
- new-prospect-pottery: 41.61329, -74.29391  (Pine Bush, Town of Crawford, Orange County, New York, United States)
- munson-munson-williams-proctor: 43.1009, -75.23266  (City of Utica, Oneida County, New York, United States)
- woodstock-byrdcliffe-guild: 42.04106, -74.11825  (Town of Woodstock, Ulster County, New York, United States)
- collective: 42.72841, -73.69179  (City of Troy, Rensselaer County, New York, United States)
- studio-sales-pottery: 42.91199, -77.74546  (Village of Avon, Town of Avon, Livingston County, New York, United States)
- buffalo-clayart-center: 42.88642, -78.87815  (Buffalo, Erie County, New York, United States)
- syracuse-ceramic-guild: 43.04812, -76.14742  (City of Syracuse, Onondaga County, New York, United States)
- view-arts-center: 43.7079, -74.96909  (Old Forge, Town of Webb, Herkimer County, New York, United States)
- clayworks-on-columbia-demetria-chappo: 42.2415, -73.67235  (Columbia County, New York, United States)
- artshack-at-camp-singers: 40.7193, -73.99093  (Delancey Street, Lower East Side, Manhattan Community Board 3, Manhattan, New York County,)
- the-d-amico-institute-of-art: 40.98154, -72.13322  (Amagansett, Town of East Hampton, Suffolk County, New York, 11930, United States)
- clay-art-guild-of-the-hamptons: 40.92118, -72.34885  (Water Mill, Town of Southampton, Suffolk County, New York, 11976, United States)
- fall-kill-creative-works: 41.70655, -73.92837  (City of Poughkeepsie, Dutchess County, New York, 12601, United States)
- peekskill-clay-studios: 41.28981, -73.92049  (City of Peekskill, Westchester County, New York, 10566, United States)
- the-pottery-studio: 40.71273, -74.00602  (New York, United States)
- makerspace-nyc: 40.6526, -73.94972  (Brooklyn, Kings County, New York, United States)
- choplet-ceramic-studio: 40.6526, -73.94972  (Brooklyn, Kings County, New York, United States)
- the-potter-s-wheel: 40.71394, -73.83074  (Kew Gardens, Queens, Queens County, New York, 11415, United States)
- brooklyn-clay-industries: 40.6526, -73.94972  (Brooklyn, Kings County, New York, United States)
- kiln-room: 39.96226, -83.00071  (Columbus, Franklin County, Ohio, United States)
- langweil-studio-pottery: 39.85224, -82.88686  (Groveport, Madison Township, Franklin County, Ohio, 43125, United States)
- lifestyle-pottery: 39.96226, -83.00071  (Columbus, Franklin County, Ohio, United States)
- willahollow-pottery: 39.63703, -82.20444  (Perry County, Ohio, United States)
- yellow-springs-raku-day-john-bryan-community-pot: 39.80454, -83.89252  (Yellow Springs, Miami Township, Greene County, Ohio, 45387, United States)
- ohio-university-atmospheric-conference: 39.32418, -82.10156  (Ohio University, East Green Drive, Uptown, Athens, Athens Township, Athens County, Ohio, 4)
- dayton-soda-workshop-hp-bloomer: 39.75895, -84.19161  (Dayton, Montgomery County, Ohio, United States)
- the-cracked-pot-studio: 40.36116, -83.75966  (Bellefontaine, Lake Township, Logan County, Ohio, 43311, United States)
- cleveland-potters-co-op: 41.52005, -81.55624  (Cleveland Heights, Cuyahoga County, Ohio, United States)
- quill-pottery: 41.45532, -81.91792  (Westlake, Cuyahoga County, Ohio, 44145, United States)
- core-clay: 39.15561, -84.45966  (Norwood, Hamilton County, Ohio, 45212, United States)
- sunshine-studios: 41.56283, -83.65382  (Maumee, Lucas County, Ohio, United States)
- don-drumm-studios-jack-s-kiln-repair-training: 41.08306, -81.51848  (Akron, Summit County, Ohio, United States)
- jay-widmer: no address or town to look up
- hikarigama-hiroshi-ogawa-s-kiln: 43.63706, -123.56738  (Elkton, Douglas County, Oregon, United States)
- st-johns-clay-collective: 45.52025, -122.67419  (Portland, Multnomah County, Oregon, United States)
- georgies-ceramic-clay-co: 45.52025, -122.67419  (Portland, Multnomah County, Oregon, United States)
- portland-community-college-kiln-yard: 45.52025, -122.67419  (Portland, Multnomah County, Oregon, United States)
- morning-ceramics-studio: 45.52025, -122.67419  (Portland, Multnomah County, Oregon, United States)
- willamette-art-center: 44.93916, -123.03312  (Salem, Marion County, Oregon, United States)
- clay-kiln-collective: 44.93916, -123.03312  (Salem, Marion County, Oregon, United States)
- wildling-collaborative-arts: 44.05051, -123.09505  (Eugene, Lane County, Oregon, United States)
- pleasant-hill-pottery: 44.05051, -123.09505  (Eugene, Lane County, Oregon, United States)
- club-mud-ceramics-cooperative-maude-kerns: 44.05051, -123.09505  (Eugene, Lane County, Oregon, United States)
- clay-space: 44.05051, -123.09505  (Eugene, Lane County, Oregon, United States)
- calapooia-clay: 44.63651, -123.10593  (Albany, Linn County, Oregon, United States)
- synergy-ceramics: 44.05817, -121.31531  (Bend, Deschutes County, Oregon, United States)
- savecamp-clay: 44.05817, -121.31531  (Bend, Deschutes County, Oregon, United States)
- ashland-clayhouse: 42.19725, -122.7154  (Ashland, Jackson County, Oregon, United States)
- oregon-coast-school-of-art: 43.73014, -124.1106  (Gardiner, Douglas County, Oregon, 97441, United States)
- dragon-s-breath-pottery-supply: 43.98001, -124.10131  (Florence, Lane County, Oregon, 97439, United States)
- community-arts-center: 39.90364, -75.37166  (Wallingford, 141, East Possum Hollow Road, Pendle Hill, South Media, Nether Providence Tow)
- fleisher-art-memorial-allens-lane-art-center: 39.95272, -75.16353  (Philadelphia, Philadelphia County, Pennsylvania, United States)
- yay-clay: 39.95272, -75.16353  (Philadelphia, Philadelphia County, Pennsylvania, United States)
- earth-center-pottery: 40.22968, -74.99949  (Richboro, Northampton Township, Bucks County, Pennsylvania, 18954, United States)
- nate-winter-studios-pa: 40.98643, -75.19466  (Stroudsburg, Monroe County, Pennsylvania, 18360, United States)
- kettle-creek-pottery: 40.98643, -75.19466  (Stroudsburg, Monroe County, Pennsylvania, 18360, United States)
- randolph-pottery-studio-school: 40.15713, -76.30716  (Lititz, Lancaster County, Pennsylvania, 17543, United States)
- lancaster-creative-factory: 40.038, -76.30567  (Lancaster, Lancaster County, Pennsylvania, 17575, United States)
- inspire-pottery-studio: 40.17991, -76.17892  (Ephrata, Lancaster County, Pennsylvania, 17522, United States)
- union-project: 40.4407, -80.00257  (Pittsburgh, Allegheny County, Pennsylvania, United States)
- fireborn-studios: 40.4407, -80.00257  (Pittsburgh, Allegheny County, Pennsylvania, United States)
- laurelville-wood-kiln-workshop: 40.14875, -79.54214  (Mount Pleasant, Westmoreland County, Pennsylvania, United States)
- creek-road-pottery: 41.64591, -76.16132  (Laceyville, Wyoming County, Pennsylvania, United States)
- erie-clayspace: 42.12947, -80.08527  (Erie, Erie County, Pennsylvania, United States)
- northampton-community-college: 40.61789, -75.37865  (Bethlehem, Northampton County, Pennsylvania, United States)
- greeny-gary-greenberg: no address or town to look up
- nixdorf-pottery: no address or town to look up
- kilnjoy-clay-co-op: no address or town to look up
- ryan-mckerley-pottery: 30.27113, -97.7437  (Austin, Travis County, Texas, United States)
- feats-of-clay-pottery: 30.27113, -97.7437  (Austin, Travis County, Texas, United States)
- fireseed-clay-arts-studios: 30.27113, -97.7437  (Austin, Travis County, Texas, United States)
- ceramigos-austin: 30.27113, -97.7437  (Austin, Travis County, Texas, United States)
- tumbleweed-clay: 30.47592, -98.15664  (Spicewood, Burnet County, Texas, United States)
- process-ceramics: 30.34951, -97.37112  (Elgin, Bastrop County, Texas, 78621, United States)
- eye-of-the-dog-art-center: 29.88264, -97.94058  (San Marcos, Hays County, Texas, 78666, United States)
- houston-pottery-studio: 29.75894, -95.3677  (Houston, Harris County, Texas, United States)
- fire-gallery: 29.75894, -95.3677  (Houston, Harris County, Texas, United States)
- four-circle-studio: 29.75894, -95.3677  (Houston, Harris County, Texas, United States)
- third-coast-clay: 29.75894, -95.3677  (Houston, Harris County, Texas, United States)
- potters-place-pottery: 29.61607, -95.55772  (Stafford, Fort Bend County, Texas, 77477, United States)
- lone-star-clay-studio: 30.30195, -95.50659  (Montgomery County, Texas, United States)
- dallas-pottery-studio: 32.77627, -96.79686  (Dallas, Dallas County, Texas, United States)
- marcello-andres-ceramics: no address or town to look up
- cliff-house-studio-and-gallery: 32.75318, -97.33275  (Fort Worth, Tarrant County, Texas, United States)
- cera: 32.75318, -97.33275  (Fort Worth, Tarrant County, Texas, United States)
- log-cabin-village: 32.75318, -97.33275  (Fort Worth, Tarrant County, Texas, United States)
- roadrunner-ceramics: 29.4246, -98.49514  (San Antonio, Bexar County, Texas, United States)
- mcnay-art-museum-utsa: 29.4246, -98.49514  (San Antonio, Bexar County, Texas, United States)
- rockport-center-for-the-arts: 28.02057, -97.05443  (Rockport, Aransas County, Texas, 78382, United States)
- barry-brown-clay-studio: 27.76353, -97.40332  (Corpus Christi, Nueces County, Texas, United States)
- lhuca-clay-studio: 33.58557, -101.84702  (Lubbock, Lubbock County, Texas, United States)
- utsa-ceramics: 29.4246, -98.49514  (San Antonio, Bexar County, Texas, United States)
- seattle-pottery-supply: 47.60383, -122.33006  (Seattle, King County, Washington, United States)
- rat-city-studios: 47.60383, -122.33006  (Seattle, King County, Washington, United States)
- rain-city-clay: 47.57093, -122.38652  (West Seattle, Seattle, King County, Washington, 98116, United States)
- westwood-art-studio-damian-grava: 47.60383, -122.33006  (Seattle, King County, Washington, United States)
- washington-clay-arts-association: 48.00747, -121.73049  (Snohomish County, Washington, United States)
- burnish-clay-studio: 48.7544, -122.47884  (Bellingham, Whatcom County, Washington, United States)
- tacoma-clay: 47.2455, -122.43833  (Tacoma, Pierce County, Washington, United States)
- spun-clay-arts-studio: 47.2455, -122.43833  (Tacoma, Pierce County, Washington, United States)
- kilnfolk-clay-studio: 45.6307, -122.67446  (Vancouver, Clark County, Washington, United States)
- the-clay-connection: 47.65719, -117.42351  (Spokane, Spokane County, Washington, United States)
- gathering-ways: 47.82229, -122.87517  (Quilcene, Jefferson County, Washington, United States)
- olympic-coast-creative: 48.08493, -123.10967  (Sequim, Clallam County, Washington, United States)
- evergreen-coast-pit-workshop: no address or town to look up
