14:45:09 search: 37 new of 37 (each costs 2 Tavily credits)
14:51:13 fetch: 99 places to read (104 total)
14:51:14 fetch: 10 read
14:51:18 fetch: 20 read
14:51:21 fetch: 30 read
14:51:29 fetch: 40 read
14:51:36 fetch: 50 read
14:51:41 fetch: 60 read
14:51:45 fetch: 70 read
14:51:49 fetch: 80 read
14:51:53 fetch: 90 read
14:52:04 judge: 57 places for gemma4:latest
14:52:43 judge 1/57 hawaiipottersguild.org: qualifies (39s)
14:52:57 judge 2/57 hawaiicraftsmen.org: qualifies (14s)
14:53:10 judge 3/57 hawaiicraftsmen.wildapricot.org: qualifies (14s)
14:53:30 judge 4/57 hawaiiceramicsupply.com: qualifies (20s)
14:53:45 judge 5/57 nendostudiohawaii.com: qualifies (15s)
14:53:56 judge 6/57 ickylove.com: qualifies (11s)
14:54:18 judge 7/57 ceramicinfospot.com: reject (22s)
14:54:33 judge 8/57 sculpture.org: qualifies (15s)
14:54:46 judge 9/57 unclepaulsnorthbeach.com: qualifies (13s)
14:54:58 judge 10/57 mudd-studio.com: qualifies (11s)
14:55:08 judge 11/57 volcanoartcenter.org: reject (10s)
14:55:18 judge 12/57 hilobaypottery.com: qualifies (10s)
14:55:31 judge 13/57 patriciamillarceramics.com: reject (13s)
14:55:39 judge 14/57 halswellpotterygroup.com: qualifies (8s)
14:55:46 judge 15/57 community.ceramicartsdaily.org: reject (7s)
14:55:55 judge 16/57 hamishjacksonpottery.com: reject (9s)
14:56:13 judge 17/57 potterystarter.com: reject (18s)
14:56:22 judge 18/57 pauhanastudio.com: reject (9s)
14:56:47 judge 19/57 kilnshare.com: reject (25s)
14:56:55 judge 20/57 potterywithapurpose.com: reject (8s)
14:57:18 judge 21/57 pottersshop.com: reject (23s)
14:57:43 judge 22/57 noheagallery.com: qualifies (25s)
14:58:00 judge 23/57 clayatlas.com: qualifies (17s)
14:58:13 judge 24/57 alohaainapotterystudio.weebly.com: reject (13s)
14:58:27 judge 25/57 communitypottery.org: reject (14s)
14:58:39 judge 26/57 hawaiicannabisexpo.com: qualifies (12s)
14:58:52 judge 27/57 lokahi-studio.com: reject (13s)
14:59:02 judge 28/57 findglocal.com: unclear (10s)
14:59:13 judge 29/57 my.ceramicmaterialsworkshop.com: reject (10s)
14:59:25 judge 30/57 thefoundrypotterystudio.com: reject (12s)
14:59:32 judge 31/57 ebay.com: reject (7s)
14:59:48 judge 32/57 mauihands.com: qualifies (16s)
15:00:01 judge 33/57 mauipotter.com: qualifies (13s)
15:00:14 judge 34/57 calendarmaui.com: qualifies (13s)
15:00:26 judge 35/57 kettpottery.com: qualifies (12s)
15:00:34 judge 36/57 burnoutpotterystudio.com: reject (9s)
15:00:42 judge 37/57 lulakauai.com: unclear (7s)
15:00:54 judge 38/57 haleiwaartgallery.com: qualifies (12s)
15:01:02 judge 39/57 hometownkauai.com: reject (9s)
15:01:15 judge 40/57 islandtimevibes.com: qualifies (13s)
15:01:22 judge 41/57 mudhutkauai.com: reject (7s)
15:01:29 judge 42/57 placesformakers.com: reject (7s)
15:01:38 judge 43/57 mapquest.com: unclear (9s)
15:01:44 judge 44/57 shophandmadehawaii.com: reject (6s)
15:01:56 judge 45/57 clayandkilnstudio.com: reject (12s)
15:02:07 judge 46/57 rakupotteryworks.com: reject (11s)
15:02:14 judge 47/57 euclids.com: reject (6s)
15:02:20 judge 48/57 sheffield-pottery.com: reject (7s)
15:02:33 judge 49/57 en.wikipedia.org: reject (13s)
15:02:42 judge 50/57 emptybowlhawaii.org: reject (9s)
15:02:48 judge 51/57 library.wcc.hawaii.edu: reject (7s)
15:02:59 judge 52/57 studiosevenfinearts.com: qualifies (11s)
15:03:06 judge 53/57 global.kyoto-nokaze.com: reject (7s)
15:03:13 judge 54/57 amemiyaceramics.com: reject (6s)
15:03:31 judge 55/57 katsutaroukikuchi.com: reject (18s)
15:03:38 judge 56/57 raku.com: reject (7s)
15:03:48 judge 57/57 schoolofservice.org: reject (10s)
15:03:48 report: 6 qualify, 18 unclear, 75 rejected, 5 social
