10:40:58 search: 37 new of 37 (each costs 2 Tavily credits)
10:43:38 search failed gas kiln firing service for potters Iowa ddg: No results found.
10:49:17 fetch: 121 places to read (126 total)
10:49:26 fetch: 10 read
10:49:31 fetch: 20 read
10:49:43 fetch: 30 read
10:49:49 fetch: 40 read
10:49:56 fetch: 50 read
10:50:03 fetch: 60 read
10:50:10 fetch: 70 read
10:50:19 fetch: 80 read
10:50:27 fetch: 90 read
10:50:32 fetch: 100 read
10:50:40 fetch: 110 read
10:50:47 fetch: 120 read
10:50:49 judge: 60 places for gemma4:latest
10:51:21 judge 1/60 kunzlerstudios.com: qualifies (32s)
10:51:34 judge 2/60 villagesfolkschool.com: qualifies (13s)
10:51:51 judge 3/60 iowaceramicscenter.org: qualifies (17s)
10:52:00 judge 4/60 crestonarts.org: qualifies (9s)
10:52:12 judge 5/60 amanacolonies.com: qualifies (12s)
10:52:23 judge 6/60 unleashcb.com: qualifies (11s)
10:52:31 judge 7/60 kmaland.com: qualifies (8s)
10:52:40 judge 8/60 ceramicinfospot.com: reject (9s)
10:52:51 judge 9/60 cassvilleanagama.com: reject (11s)
10:52:58 judge 10/60 canvas.kirklandartscenter.org: reject (7s)
10:53:04 judge 11/60 potteryblog.com: reject (6s)
10:53:24 judge 12/60 alisonwestceramics.com: qualifies (20s)
10:53:30 judge 13/60 heatingandprocess.com: reject (6s)
10:53:45 judge 14/60 digitalfire.com: reject (15s)
10:54:02 judge 15/60 plimton.com: qualifies (16s)
10:54:06 judge 16/60 community.ceramicartsdaily.org: reject (4s)
10:54:12 judge 17/60 thefiringpiniowa.com: reject (6s)
10:54:21 judge 18/60 potterystarter.com: reject (9s)
10:54:28 judge 19/60 throwclayla.com: reject (7s)
10:54:31 judge 20/60 iuc.iowa.gov: reject (4s)
10:54:37 judge 21/60 allamakeewoodfiredpottery.com: reject (6s)
10:54:49 judge 22/60 kilnshare.com: reject (13s)
10:54:55 judge 23/60 fivemonkeysinc.com: reject (5s)
10:55:02 judge 24/60 clayandkilnstudio.com: reject (7s)
10:55:13 judge 25/60 hooplanow.com: qualifies (12s)
10:55:19 judge 26/60 studentengagement.iastate.edu: reject (5s)
10:55:24 judge 27/60 ankenyartcenter.org: qualifies (5s)
10:55:29 judge 28/60 summerofthearts.org: reject (5s)
10:55:36 judge 29/60 craftguildic.org: reject (7s)
10:55:40 judge 30/60 potterywithapurpose.com: reject (4s)
10:55:46 judge 31/60 reneesceramiccafe.org: qualifies (6s)
10:55:52 judge 32/60 marketspread.com: qualifies (5s)
10:56:05 judge 33/60 mikeknoxstudio.wordpress.com: qualifies (14s)
10:56:11 judge 34/60 thepottersobsession.com: reject (6s)
10:56:18 judge 35/60 new.hooplanow.com: reject (7s)
10:56:24 judge 36/60 iowaartistdirectory.org: unclear (5s)
10:56:30 judge 37/60 nathanandclay.com: qualifies (6s)
10:56:35 judge 38/60 my.ceramicmaterialsworkshop.com: reject (5s)
10:56:41 judge 39/60 dubuquepotterystudio.com: qualifies (6s)
10:56:46 judge 40/60 makers-clubs.com: reject (5s)
10:56:51 judge 41/60 qccolab.websiteraven.com: reject (5s)
10:56:57 judge 42/60 earthenwarestudio.org: reject (6s)
10:57:03 judge 43/60 arthausdecorah.org: qualifies (6s)
10:57:09 judge 44/60 iowaarttour.com: qualifies (5s)
10:57:12 judge 45/60 burnoutpotterystudio.com: reject (3s)
10:57:17 judge 46/60 potsychaeli.wixsite.com: qualifies (5s)
10:57:21 judge 47/60 sheffield-pottery.com: reject (3s)
10:57:24 judge 48/60 euclids.com: reject (3s)
10:57:36 judge 49/60 tuckers-pottery-supplies-inc.shoplightspeed.com: reject (12s)
10:57:42 judge 50/60 kruegerpottery.com: reject (6s)
10:57:50 judge 51/60 glazequeen.com: reject (8s)
10:58:07 judge 52/60 timesrepublican.com: qualifies (17s)
10:58:15 judge 53/60 iowaheritage.org: reject (8s)
10:58:24 judge 54/60 aaronmoseley.com: qualifies (9s)
10:58:41 judge 55/60 iwcc.edu: qualifies (17s)
10:58:51 judge 56/60 creditcatalog.kirkwood.edu: reject (10s)
10:59:04 judge 57/60 en.wikipedia.org: reject (13s)
10:59:12 judge 58/60 littlevillagemag.com: reject (8s)
10:59:28 judge 59/60 alleekilnclass.blogspot.com: reject (16s)
10:59:40 judge 60/60 schoolofservice.org: reject (12s)
10:59:40 report: 10 qualify, 13 unclear, 98 rejected, 5 social
