09:12:48 search: 37 new of 37 (each costs 2 Tavily credits)
09:20:04 fetch: 115 places to read (118 total)
09:20:05 fetch: 10 read
09:20:12 fetch: 20 read
09:20:18 fetch: 30 read
09:20:28 fetch: 40 read
09:20:36 fetch: 50 read
09:20:42 fetch: 60 read
09:20:52 fetch: 70 read
09:20:57 fetch: 80 read
09:21:02 fetch: 90 read
09:21:10 fetch: 100 read
09:21:15 fetch: 110 read
09:21:22 judge: 59 places for gemma4:latest
09:22:07 judge 1/59 meetup.com: qualifies (45s)
09:22:35 judge 2/59 artsourcegallery.com: qualifies (29s)
09:23:14 judge 3/59 ceramicaboise.com: qualifies (39s)
09:23:44 judge 4/59 catalystartscollaborative.com: qualifies (30s)
09:24:15 judge 5/59 ceramicinfospot.com: reject (31s)
09:24:39 judge 6/59 rockrose.studio: reject (24s)
09:25:09 judge 7/59 clayartistsofsandiego.org: reject (30s)
09:25:32 judge 8/59 canvas.kirklandartscenter.org: reject (24s)
09:26:04 judge 9/59 idahoartlab.org: qualifies (32s)
09:26:37 judge 10/59 awaywithclaystudio.com: qualifies (33s)
09:27:15 judge 11/59 byui.edu: qualifies (38s)
09:27:45 judge 12/59 cademy.io: reject (29s)
09:28:20 judge 13/59 alisonwestceramics.com: reject (36s)
09:28:50 judge 14/59 alexmandli.com: reject (29s)
09:29:06 judge 15/59 nwcg.gov: reject (16s)
09:29:29 judge 16/59 classcentral.com: reject (23s)
09:30:11 judge 17/59 plimton.com: reject (43s)
09:30:29 judge 18/59 studio4707.com: reject (18s)
09:31:08 judge 19/59 clay-king.com: reject (39s)
09:31:27 judge 20/59 potterywithapurpose.com: reject (19s)
09:31:43 judge 21/59 kilnfrog.com: reject (16s)
09:31:59 judge 22/59 thepotterscenter.com: reject (16s)
09:32:19 judge 23/59 euclids.com: reject (20s)
09:32:42 judge 24/59 historicorps.tfaforms.net: reject (22s)
09:32:57 judge 25/59 prisonlegalnews.org: reject (15s)
09:33:22 judge 26/59 historictrades.org: qualifies (25s)
09:33:47 judge 27/59 claycollectiv.com: reject (25s)
09:34:27 judge 28/59 claydirectory.com: qualifies (40s)
09:34:43 judge 29/59 katabaticpottery.net: reject (16s)
09:35:04 judge 30/59 theartroomboise.com: reject (21s)
09:35:23 judge 31/59 handstoart.com: reject (19s)
09:35:47 judge 32/59 my.ceramicmaterialsworkshop.com: unclear (24s)
09:36:20 judge 33/59 spokesman.com: qualifies (33s)
09:36:44 judge 34/59 theartmuseum.org: reject (24s)
09:37:21 judge 35/59 sandpointceramics.com: unclear (37s)
09:37:47 judge 36/59 sandpoint.com: qualifies (26s)
09:38:08 judge 37/59 clayandkilnstudio.com: reject (21s)
09:38:33 judge 38/59 portsidepottery.com: reject (25s)
09:38:55 judge 39/59 mapquest.com: qualifies (22s)
09:39:10 judge 40/59 bouldermtnclay.org: qualifies (15s)
09:39:32 judge 41/59 visitsunvalley.com: qualifies (21s)
09:39:52 judge 42/59 domaincousa.com: qualifies (21s)
09:40:09 judge 43/59 terracottapullman.com: qualifies (17s)
09:40:29 judge 44/59 wildwoodpottery.com: qualifies (20s)
09:40:42 judge 45/59 possiblypicasso.com: reject (12s)
09:41:06 judge 46/59 burnoutpotterystudio.com: reject (24s)
09:41:32 judge 47/59 cetrain.isu.edu: qualifies (26s)
09:41:48 judge 48/59 isu.edu: reject (16s)
09:42:08 judge 49/59 spokanepottersguild.org: reject (20s)
09:42:19 judge 50/59 flashandash.com: reject (11s)
09:42:36 judge 51/59 kilnshare.com: reject (17s)
09:42:48 judge 52/59 en.wikipedia.org: reject (12s)
09:43:04 judge 53/59 gledhillpottery.com: qualifies (16s)
09:43:21 judge 54/59 anagama-west.com: reject (17s)
09:43:34 judge 55/59 cassvilleanagama.com: reject (13s)
09:43:44 judge 56/59 whitefishpottery.com: reject (10s)
09:44:08 judge 57/59 katsutaroukikuchi.com: reject (24s)
09:44:26 judge 58/59 schoolofservice.org: reject (18s)
09:44:48 judge 59/59 brockwaycatart.org: reject (21s)
09:44:48 report: 4 qualify, 17 unclear, 94 rejected, 3 social
