07:12:24 fetch: 0 places to read (129 total)
07:12:24 judge: 76 places for gemma4:latest
07:13:01 judge 1/76 claycompany.kilnfire.com: qualifies (36s)
07:13:06 judge 2/76 mudmakers.org: qualifies (5s)
07:13:12 judge 3/76 enrole.com: qualifies (7s)
07:13:20 judge 4/76 tickettailor.com: qualifies (7s)
07:13:26 judge 5/76 chicagokilnservice.com: qualifies (6s)
07:13:35 judge 6/76 clayplayarts.com: qualifies (10s)
07:13:41 judge 7/76 yutangceramics.com: qualifies (6s)
07:13:47 judge 8/76 rubysclaystudio.org: qualifies (5s)
07:13:54 judge 9/76 ceramicinfospot.com: reject (7s)
07:13:58 judge 10/76 flashandash.com: reject (5s)
07:14:05 judge 11/76 lillstreet.com: qualifies (7s)
07:14:09 judge 12/76 samanthahostert.com: reject (3s)
07:14:14 judge 13/76 saltcreekpottery.net: qualifies (6s)
07:14:17 judge 14/76 willieggerman.com: reject (3s)
07:14:28 judge 15/76 alexmandli.com: qualifies (10s)
07:14:34 judge 16/76 littlecreekceramics.com: qualifies (6s)
07:14:40 judge 17/76 simonlevin.com: qualifies (5s)
07:14:46 judge 18/76 ceramicreview.com: reject (7s)
07:14:53 judge 19/76 lighthousearts.org: qualifies (7s)
07:14:57 judge 20/76 fsi.illinois.edu: reject (4s)
07:15:01 judge 21/76 potterywithapurpose.com: reject (4s)
07:15:13 judge 22/76 clay-king.com: reject (12s)
07:15:17 judge 23/76 kilnfrog.com: reject (4s)
07:15:21 judge 24/76 alpinekilns.com: reject (4s)
07:15:28 judge 25/76 infernoclaystudio.org: qualifies (7s)
07:15:36 judge 26/76 in-chicagocity.com: qualifies (8s)
07:15:44 judge 27/76 chicagoceramiccenter.com: qualifies (8s)
07:15:52 judge 28/76 kilnfire.com: reject (8s)
07:15:57 judge 29/76 qetiwei.com: reject (5s)
07:16:01 judge 30/76 chicagoclayclub.com: reject (4s)
07:16:06 judge 31/76 thedigschicago.com: qualifies (5s)
07:16:13 judge 32/76 communitypottery.org: reject (7s)
07:16:19 judge 33/76 mapquest.com: qualifies (6s)
07:16:26 judge 34/76 alleycatstudios.org: qualifies (7s)
07:16:32 judge 35/76 potshop.com: qualifies (6s)
07:16:38 judge 36/76 cityofevanston.org: qualifies (6s)
07:16:46 judge 37/76 kilnspot.com: qualifies (8s)
07:16:53 judge 38/76 evanstonroundtable.com: qualifies (7s)
07:16:58 judge 39/76 evanstonartcenter.org: reject (5s)
07:17:06 judge 40/76 cupotters.org: qualifies (7s)
07:17:12 judge 41/76 smilepolitely.com: qualifies (6s)
07:17:19 judge 42/76 urbanaartandsoul.com: reject (7s)
07:17:26 judge 43/76 registration.extension.illinois.edu: qualifies (7s)
07:17:33 judge 44/76 clayandkilnstudio.com: reject (7s)
07:17:37 judge 45/76 burnoutpotterystudio.com: reject (4s)
07:17:45 judge 46/76 wheelartpottery.studio: qualifies (8s)
07:17:50 judge 47/76 peoriaartguild.org: reject (5s)
07:17:58 judge 48/76 peoriaartguild.coursestorm.com: qualifies (8s)
07:18:03 judge 49/76 extension.illinois.edu: qualifies (6s)
07:18:07 judge 50/76 sites.google.com: unclear (4s)
07:18:11 judge 51/76 community.ceramicartsdaily.org: reject (4s)
07:18:15 judge 52/76 homemade.education: reject (4s)
07:18:21 judge 53/76 threeravenspottery.com: unclear (5s)
07:18:26 judge 54/76 thepotterylounge.com: reject (5s)
07:18:32 judge 55/76 findglocal.com: qualifies (6s)
07:18:38 judge 56/76 bizarchive.com: reject (6s)
07:18:43 judge 57/76 womanspace-rockford.org: reject (5s)
07:18:48 judge 58/76 artsforeveryone.com: qualifies (5s)
07:18:54 judge 59/76 leeinnovationsstudio.com: reject (6s)
07:19:01 judge 60/76 theliamfoundation.org: qualifies (7s)
07:19:06 judge 61/76 carbondaleclaycenter.app.neoncrm.com: reject (5s)
07:19:15 judge 62/76 kdnk.org: qualifies (8s)
07:19:18 judge 63/76 sheffield-pottery.com: reject (4s)
07:19:23 judge 64/76 kruegerpottery.com: reject (5s)
07:19:27 judge 65/76 euclids.com: reject (4s)
07:19:31 judge 66/76 glazequeen.com: reject (4s)
07:19:38 judge 67/76 realwoodstock.com: qualifies (7s)
07:19:43 judge 68/76 clayworkersguild.com: unclear (5s)
07:19:49 judge 69/76 waubonsee.edu: reject (5s)
07:19:56 judge 70/76 en.wikipedia.org: reject (7s)
07:20:04 judge 71/76 cassvilleanagama.com: reject (8s)
07:20:13 judge 72/76 siue.edu: qualifies (9s)
07:20:18 judge 73/76 rakumn.com: reject (5s)
07:20:23 judge 74/76 omniform1.com: qualifies (6s)
07:20:29 judge 75/76 spindriftstudio.art: qualifies (6s)
07:20:36 judge 76/76 acreresidency.org: reject (7s)
07:20:36 report: 8 qualify, 33 unclear, 85 rejected, 3 social
