07:20:23 search: 40 new of 40 (each costs 2 Tavily credits)
07:24:14 search failed cone 10 gas reduction community pottery studio membership Fort Wayne IN ddg: No results found.
07:28:40 fetch: 141 places to read (147 total)
07:28:47 fetch: 10 read
07:28:52 fetch: 20 read
07:28:56 fetch: 30 read
07:29:02 fetch: 40 read
07:29:08 fetch: 50 read
07:29:16 fetch: 60 read
07:29:20 fetch: 70 read
07:29:24 fetch: 80 read
07:29:27 fetch: 90 read
07:29:31 fetch: 100 read
07:29:34 fetch: 110 read
07:29:37 fetch: 120 read
07:29:44 fetch: 130 read
07:29:52 fetch: 140 read
07:44:18 fetch: 0 places to read (147 total)
07:44:18 judge: 85 places for gemma4:latest
07:44:27 judge 1/85 discover.events.com: qualifies (8s)
07:44:35 judge 2/85 https://www.active.com/indianapolis-in/pottery-and-ceramics/classes/raku-art-lab-2026-110116908: qualifies (8s)
07:44:50 judge 3/85 tekventure.org: qualifies (16s)
07:45:03 judge 4/85 indianadunes.com: qualifies (13s)
07:45:19 judge 5/85 bealepottery.com: unclear (16s)
07:45:33 judge 6/85 amphoraceramicstudio.kilnfire.com: qualifies (14s)
07:45:47 judge 7/85 eastsidepottery.com: qualifies (15s)
07:46:10 judge 8/85 indyartcenter.org: qualifies (23s)
07:46:24 judge 9/85 https://www.active.com/indianapolis-in/pottery-and-ceramics/classes/make-it-take-it-horse-hair-raku-2025: qualifies (13s)
07:46:36 judge 10/85 laimaceramics.com: qualifies (12s)
07:46:50 judge 11/85 indianaartisan.org: reject (14s)
07:47:03 judge 12/85 ceramicinfospot.com: reject (13s)
07:47:15 judge 13/85 commonclayspace.com: qualifies (13s)
07:47:28 judge 14/85 indianaclay.org: qualifies (13s)
07:47:42 judge 15/85 johnbrittpottery.com: reject (14s)
07:47:53 judge 16/85 cidercreekcollective.com: qualifies (12s)
07:48:06 judge 17/85 alleycatceramics.com: qualifies (13s)
07:48:20 judge 18/85 buckcreekpottery.org: qualifies (14s)
07:48:36 judge 19/85 greaterlafayetteclayguild.org: qualifies (16s)
07:48:53 judge 20/85 simpletix.com: qualifies (17s)
07:49:07 judge 21/85 ceramicreview.com: reject (14s)
07:49:20 judge 22/85 indianacapitalchronicle.com: reject (13s)
07:49:38 judge 23/85 clayartspace.com: qualifies (17s)
07:49:50 judge 24/85 dailyjournal.net: reject (12s)
07:50:07 judge 25/85 potterystarter.com: reject (17s)
07:50:21 judge 26/85 digitalfire.com: reject (15s)
07:50:30 judge 27/85 classcentral.com: reject (9s)
07:50:40 judge 28/85 potterywithapurpose.com: reject (10s)
07:50:56 judge 29/85 pottersshop.com: reject (16s)
07:51:16 judge 30/85 clay-king.com: reject (20s)
07:51:25 judge 31/85 kilnfrog.com: reject (9s)
07:51:36 judge 32/85 euclids.com: reject (11s)
07:51:57 judge 33/85 kilnshare.com: reject (21s)
07:52:14 judge 34/85 cursist-courses.com: reject (17s)
07:52:35 judge 35/85 smokeinthemountainspottery.com: qualifies (20s)
07:52:48 judge 36/85 claystuff.com: qualifies (13s)
07:52:59 judge 37/85 prayingmantispottery.com: qualifies (11s)
07:53:15 judge 38/85 kilnfire.com: reject (16s)
07:53:32 judge 39/85 potteryteachers.com: qualifies (17s)
07:53:54 judge 40/85 claydirectory.com: qualifies (22s)
07:54:07 judge 41/85 communitypottery.org: qualifies (13s)
07:54:17 judge 42/85 yellowpages.com: reject (10s)
07:54:29 judge 43/85 potteryhousestudio.com: qualifies (12s)
07:54:44 judge 44/85 idsnews.com: qualifies (14s)
07:54:54 judge 45/85 enrichment.kids: reject (10s)
07:55:07 judge 46/85 srceramicsstudio.com: reject (14s)
07:55:19 judge 47/85 burnoutpotterystudio.com: reject (12s)
07:55:30 judge 48/85 bisqueitpottery.com: reject (11s)
07:55:42 judge 49/85 twowomenandawheel.com: qualifies (12s)
07:55:52 judge 50/85 pigeonhenpottery.com: reject (10s)
07:56:11 judge 51/85 southbendtribune.com: qualifies (19s)
07:56:26 judge 52/85 fireartsinc.com: qualifies (15s)
07:56:39 judge 53/85 clayandkilnstudio.com: reject (13s)
07:56:49 judge 54/85 southbendart.org: unclear (10s)
07:57:04 judge 55/85 angipetersonpottery.com: qualifies (15s)
07:57:18 judge 56/85 lalagallery.com: qualifies (14s)
07:57:30 judge 57/85 allfiredupwestlafayette.com: reject (12s)
07:57:42 judge 58/85 artlafayette.org: qualifies (11s)
07:57:53 judge 59/85 my.ceramicmaterialsworkshop.com: unclear (11s)
07:58:05 judge 60/85 madeinmuncie.com: qualifies (12s)
07:58:15 judge 61/85 downtownmuncie.org: reject (10s)
07:58:30 judge 62/85 jonespottery.net: qualifies (15s)
07:58:44 judge 63/85 evansvilleliving.com: reject (14s)
07:58:53 judge 64/85 getdirtyceramics.com: reject (9s)
07:59:01 judge 65/85 nowwhatpotteryworks.com: reject (8s)
07:59:13 judge 66/85 earthenwarestudio.org: reject (12s)
07:59:26 judge 67/85 midsouthceramics.com: reject (12s)
07:59:37 judge 68/85 spearspottery.com: unclear (12s)
07:59:47 judge 69/85 browncounty.com: reject (10s)
07:59:57 judge 70/85 placesformakers.com: reject (10s)
08:00:06 judge 71/85 glazequeen.com: reject (9s)
08:00:18 judge 72/85 sheffield-pottery.com: reject (11s)
08:00:26 judge 73/85 christinedavispottery.net: reject (8s)
08:00:42 judge 74/85 silivingmag.com: qualifies (16s)
08:00:52 judge 75/85 goshenclayguild.org: reject (10s)
08:01:06 judge 76/85 monteyoungpottery.com: qualifies (14s)
08:01:15 judge 77/85 thecommunitylearningcenter.org: unclear (9s)
08:01:23 judge 78/85 eskenazi.indiana.edu: reject (8s)
08:01:38 judge 79/85 en.wikipedia.org: reject (15s)
08:01:51 judge 80/85 cassvilleanagama.com: reject (13s)
08:02:09 judge 81/85 scottpots.com: qualifies (18s)
08:02:23 judge 82/85 anagama-west.com: reject (14s)
08:02:39 judge 83/85 meirmoheban.com: qualifies (17s)
08:02:54 judge 84/85 creativehandsstudio.net: qualifies (14s)
08:03:11 judge 85/85 navneetstudiopottery.in: reject (17s)
08:03:11 report: 10 qualify, 33 unclear, 98 rejected, 6 social
