11:15:10 search: 37 new of 37 (each costs 2 Tavily credits)
11:20:52 fetch: 117 places to read (121 total)
11:20:58 fetch: 10 read
11:21:00 fetch: 20 read
11:21:03 fetch: 30 read
11:21:10 fetch: 40 read
11:21:16 fetch: 50 read
11:21:20 fetch: 60 read
11:21:25 fetch: 70 read
11:21:32 fetch: 80 read
11:21:38 fetch: 90 read
11:21:45 fetch: 100 read
11:21:50 fetch: 110 read
11:21:58 judge: 52 places for gemma4:latest
11:22:23 judge 1/52 ceramicinfospot.com: reject (26s)
11:22:28 judge 2/52 admissions.ku.edu: reject (5s)
11:22:33 judge 3/52 canvas.kirklandartscenter.org: reject (5s)
11:22:36 judge 4/52 willieggerman.com: reject (4s)
11:22:41 judge 5/52 art.ku.edu: reject (4s)
11:22:46 judge 6/52 potterywithapurpose.com: reject (5s)
11:22:53 judge 7/52 tallgrassartistresidency.org: qualifies (7s)
11:22:57 judge 8/52 pitfire.com: reject (4s)
11:23:02 judge 9/52 campsingers.com: qualifies (5s)
11:23:05 judge 10/52 claystation.com: reject (3s)
11:23:15 judge 11/52 kintekfurnace.com: reject (9s)
11:23:24 judge 12/52 potterystarter.com: reject (10s)
11:23:32 judge 13/52 throwclayla.com: reject (7s)
11:23:36 judge 14/52 community.ceramicartsdaily.org: reject (4s)
11:23:40 judge 15/52 prokilnsupply.com: reject (4s)
11:23:52 judge 16/52 clay-king.com: reject (12s)
11:23:56 judge 17/52 kilnfrog.com: reject (4s)
11:24:00 judge 18/52 euclids.com: reject (4s)
11:24:12 judge 19/52 communityartscenter.org: qualifies (12s)
11:24:19 judge 20/52 wichitapottery.com: qualifies (7s)
11:24:24 judge 21/52 kswichitaweb.myvscloud.com: reject (5s)
11:24:29 judge 22/52 wichita.gov: reject (5s)
11:24:36 judge 23/52 clayandkilnstudio.com: reject (7s)
11:24:42 judge 24/52 wichita.colormemine.com: qualifies (6s)
11:24:46 judge 25/52 makeict.org: reject (5s)
11:24:51 judge 26/52 evansceramics.com: reject (5s)
11:24:56 judge 27/52 troybeckerpottery.com: reject (5s)
11:25:00 judge 28/52 sunfireceramics.com: reject (4s)
11:25:04 judge 29/52 lawrenceclaycollective.com: unclear (4s)
11:25:11 judge 30/52 lawrenceartscenter.org: qualifies (7s)
11:25:16 judge 31/52 lawrencepottersguild.com: unclear (5s)
11:25:20 judge 32/52 placesformakers.com: reject (4s)
11:25:29 judge 33/52 newsbreak.com: qualifies (9s)
11:25:36 judge 34/52 findglocal.com: qualifies (7s)
11:25:42 judge 35/52 manhattanarts.org: reject (6s)
11:25:49 judge 36/52 themakersguildinc.com: qualifies (7s)
11:25:58 judge 37/52 kilnfire.com: reject (9s)
11:26:04 judge 38/52 uncorkedinspiration.com: reject (6s)
11:26:11 judge 39/52 hunthalloween.com: qualifies (7s)
11:26:18 judge 40/52 houseofclay.kilnfire.com: qualifies (7s)
11:26:25 judge 41/52 emporiaksarts.org: qualifies (6s)
11:26:29 judge 42/52 my.ceramicmaterialsworkshop.com: unclear (5s)
11:26:35 judge 43/52 emporiagazette.com: qualifies (6s)
11:26:42 judge 44/52 kwustudentmedia.com: reject (7s)
11:26:46 judge 45/52 goodearthclays.com: reject (4s)
11:26:58 judge 46/52 brackers.com: qualifies (12s)
11:27:25 judge 47/52 tuckers-pottery-supplies-inc.shoplightspeed.com: reject (26s)
11:27:32 judge 48/52 flashandash.com: reject (8s)
11:27:55 judge 49/52 kilnshare.com: reject (23s)
11:28:09 judge 50/52 en.wikipedia.org: reject (14s)
11:28:24 judge 51/52 cassvilleanagama.com: reject (15s)
11:28:36 judge 52/52 art.ksu.edu: reject (13s)
11:28:36 report: 5 qualify, 12 unclear, 100 rejected, 4 social
