08:28:01 search: 37 new of 37 (each costs 2 Tavily credits)
08:34:14 fetch: 118 places to read (124 total)
08:34:21 fetch: 10 read
08:34:26 fetch: 20 read
08:34:37 fetch: 30 read
08:34:44 fetch: 40 read
08:34:53 fetch: 50 read
08:34:56 fetch: 60 read
08:35:00 fetch: 70 read
08:35:07 fetch: 80 read
08:35:09 fetch: 90 read
08:35:12 fetch: 100 read
08:35:13 fetch: 110 read
10:13:57 fetch: 0 places to read (124 total)
10:13:57 judge: 57 places for gemma4:latest
10:14:19 judge 1/57 cotuit.org: qualifies (22s)
10:14:43 judge 2/57 finearts.uky.edu: reject (24s)
10:15:10 judge 3/57 thecuriousforge.org: qualifies (27s)
10:15:35 judge 4/57 danvilleky.org: qualifies (25s)
10:16:11 judge 5/57 danvillekentucky.com: qualifies (37s)
10:16:42 judge 6/57 artcenterky.org: qualifies (31s)
10:17:06 judge 7/57 ceramicinfospot.com: reject (24s)
10:17:33 judge 8/57 ryandurbinceramics.com: qualifies (27s)
10:17:56 judge 9/57 broadwayclaypay.square.site: qualifies (23s)
10:18:18 judge 10/57 kymudworks.com: qualifies (22s)
10:18:36 judge 11/57 willieggerman.com: reject (18s)
10:18:55 judge 12/57 potterywithapurpose.com: reject (19s)
10:19:24 judge 13/57 maxt.pike13.com: qualifies (29s)
10:19:44 judge 14/57 gomry.com: qualifies (19s)
10:20:03 judge 15/57 kentuckycooperagetours.com: reject (19s)
10:20:23 judge 16/57 conebluepottery.com: reject (20s)
10:21:01 judge 17/57 digitalfire.com: reject (38s)
10:21:26 judge 18/57 kintekfurnace.com: reject (24s)
10:21:54 judge 19/57 kilnshare.com: reject (29s)
10:22:21 judge 20/57 clay-king.com: reject (26s)
10:22:40 judge 21/57 clayartspace.com: qualifies (19s)
10:22:57 judge 22/57 olympickilns.com: reject (17s)
10:23:36 judge 23/57 amnews.com: qualifies (39s)
10:24:02 judge 24/57 alexadamsclaywork.com: qualifies (26s)
10:24:21 judge 25/57 suzyhatcherpottery.com: qualifies (19s)
10:24:42 judge 26/57 kilnfire.com: reject (20s)
10:25:01 judge 27/57 my.ceramicmaterialsworkshop.com: unclear (19s)
10:25:15 judge 28/57 louisville.makerfaire.com: qualifies (15s)
10:25:25 judge 29/57 clayartpotterygroup.com: reject (9s)
10:25:32 judge 30/57 thepotteryplaceartspace.com: reject (7s)
10:25:40 judge 31/57 shopfayette-mall.com: reject (8s)
10:25:53 judge 32/57 findglocal.com: qualifies (13s)
10:26:04 judge 33/57 clayandkilnstudio.com: reject (11s)
10:26:15 judge 34/57 merchantcircle.com: qualifies (10s)
10:26:25 judge 35/57 taterknob.com: reject (11s)
10:26:35 judge 36/57 berea.edu: reject (10s)
10:26:46 judge 37/57 lex18.com: unclear (11s)
10:26:56 judge 38/57 bereaartscouncil.networkforgood.com: qualifies (10s)
10:27:03 judge 39/57 community.ceramicartsdaily.org: reject (7s)
10:27:09 judge 40/57 homemade.education: reject (6s)
10:27:17 judge 41/57 baileypottery.com: reject (7s)
10:27:26 judge 42/57 8dayspotterystudio.com: qualifies (9s)
10:27:40 judge 43/57 warrenpl.org: qualifies (14s)
10:27:51 judge 44/57 etsy.com: qualifies (11s)
10:27:59 judge 45/57 lynndeestudios.com: reject (8s)
10:28:06 judge 46/57 meetnky.com: reject (7s)
10:28:12 judge 47/57 sandmstudios.com: reject (6s)
10:28:26 judge 48/57 psad.westkentucky.kctcs.edu: qualifies (14s)
10:28:33 judge 49/57 burnoutpotterystudio.com: reject (7s)
10:28:40 judge 50/57 sheffield-pottery.com: reject (7s)
10:28:46 judge 51/57 euclids.com: reject (6s)
10:28:52 judge 52/57 glazequeen.com: reject (6s)
10:28:58 judge 53/57 flashandash.com: reject (7s)
10:29:06 judge 54/57 kjonespottery.com: qualifies (7s)
10:29:16 judge 55/57 warehomestudios.com: qualifies (10s)
10:29:24 judge 56/57 sinclairemarie.com: unclear (8s)
10:29:33 judge 57/57 moreheadstate.edu: reject (9s)
10:29:33 report: 7 qualify, 20 unclear, 91 rejected, 6 social
