12:13:27 search: 34 new of 34 (each costs 2 Tavily credits)
12:18:00 search failed Lafayette Louisiana clay studio kiln firing workshop ddg: No results found.
12:20:48 fetch: 117 places to read (122 total)
12:20:55 fetch: 10 read
12:20:58 fetch: 20 read
12:21:02 fetch: 30 read
12:21:11 fetch: 40 read
12:21:18 fetch: 50 read
12:21:25 fetch: 60 read
12:21:30 fetch: 70 read
12:21:35 fetch: 80 read
12:21:40 fetch: 90 read
12:21:45 fetch: 100 read
12:21:53 fetch: 110 read
12:22:02 judge: 56 places for gemma4:latest
12:22:28 judge 1/56 earthandfirestudio.com: qualifies (26s)
12:22:32 judge 2/56 nclac.org: unclear (4s)
12:22:38 judge 3/56 laimaceramics.squarespace.com: qualifies (6s)
12:22:43 judge 4/56 ruttenbergceramics.com: reject (5s)
12:22:50 judge 5/56 ceramicinfospot.com: reject (8s)
12:22:57 judge 6/56 canvas.kirklandartscenter.org: reject (7s)
12:23:03 judge 7/56 crescentcityclayworks.com: unclear (5s)
12:23:12 judge 8/56 fireundertheoaks.com: qualifies (9s)
12:23:16 judge 9/56 willieggerman.com: reject (4s)
12:23:23 judge 10/56 louisianapottery.com: qualifies (7s)
12:23:29 judge 11/56 pitfire.com: reject (6s)
12:23:37 judge 12/56 throwclayla.com: qualifies (8s)
12:23:41 judge 13/56 classcentral.com: reject (4s)
12:23:44 judge 14/56 community.ceramicartsdaily.org: reject (3s)
12:23:55 judge 15/56 digitalfire.com: reject (11s)
12:23:58 judge 16/56 potterywithapurpose.com: reject (3s)
12:24:09 judge 17/56 clay-king.com: reject (11s)
12:24:13 judge 18/56 kilnfrog.com: reject (3s)
12:24:25 judge 19/56 kilnshare.com: reject (12s)
12:24:29 judge 20/56 cursist-courses.com: reject (4s)
12:24:33 judge 21/56 euclids.com: reject (3s)
12:24:36 judge 22/56 heattreatnow.com: reject (4s)
12:24:46 judge 23/56 smokeinthemountainspottery.com: qualifies (10s)
12:24:59 judge 24/56 claydirectory.com: reject (13s)
12:25:03 judge 25/56 potterylist.com: reject (4s)
12:25:09 judge 26/56 thelondonclayworks.com: qualifies (5s)
12:25:16 judge 27/56 nolaclay.org: qualifies (8s)
12:25:25 judge 28/56 kilnfire.com: reject (9s)
12:25:31 judge 29/56 chezclay.com: reject (6s)
12:25:38 judge 30/56 communitypottery.org: reject (7s)
12:25:44 judge 31/56 puddleclayworks.com: reject (6s)
12:25:49 judge 32/56 bayoubendstudio.com: qualifies (5s)
12:25:56 judge 33/56 clayandkilnstudio.com: reject (7s)
12:26:02 judge 34/56 inregister.com: reject (6s)
12:26:07 judge 35/56 potteryalley.com: qualifies (5s)
12:26:14 judge 36/56 app.advcollective.com: qualifies (7s)
12:26:20 judge 37/56 factorytoursusa.com: qualifies (6s)
12:26:24 judge 38/56 burnoutpotterystudio.com: reject (4s)
12:26:30 judge 39/56 theclaygroundla.com: qualifies (6s)
12:26:40 judge 40/56 clayatlas.com: qualifies (10s)
12:26:43 judge 41/56 theartfactoryswla.com: reject (4s)
12:26:50 judge 42/56 visitlakecharles.org: qualifies (6s)
12:26:57 judge 43/56 monroeclayworks.barbaracostanzo.com: qualifies (7s)
12:27:02 judge 44/56 my.ceramicmaterialsworkshop.com: unclear (6s)
12:27:06 judge 45/56 news.monroelocal.org: reject (4s)
12:27:14 judge 46/56 alligatorclay.com: reject (8s)
12:27:28 judge 47/56 aardvarkclay.com: reject (15s)
12:27:35 judge 48/56 flashandash.com: reject (7s)
12:27:44 judge 49/56 thelittlepottershouse.com: reject (9s)
12:27:53 judge 50/56 alvincollege.edu: unclear (9s)
12:28:02 judge 51/56 ladualenrollment.com: qualifies (10s)
12:28:16 judge 52/56 en.wikipedia.org: reject (14s)
12:28:29 judge 53/56 laborne.org: qualifies (13s)
12:28:44 judge 54/56 cassvilleanagama.com: reject (15s)
12:29:03 judge 55/56 katsutaroukikuchi.com: reject (19s)
12:29:19 judge 56/56 clemson.world: qualifies (16s)
12:29:19 report: 0 qualify, 23 unclear, 94 rejected, 5 social
