00:09:02 locate: 474 places
00:09:09 locate 25/474
00:09:20 locate 50/474
00:09:29 locate 75/474
00:09:37 locate 100/474
00:09:45 locate 125/474
00:09:53 locate 150/474
00:10:04 locate 175/474
00:10:14 locate 200/474
00:10:26 locate 225/474
00:10:36 locate 250/474
00:10:46 locate 275/474
00:10:56 locate 300/474
00:11:06 locate 325/474
00:11:16 locate 350/474
00:11:28 locate 375/474
00:11:40 locate 400/474
00:11:49 locate 425/474
00:12:00 locate 450/474
00:24:05 locate: 200 confirmed in filed state, 4 in another state, 270 no address found
  CT -> DE: Lakeside Pottery (Lewes)
  IL -> NC: Southern Illinois University Edwardsville (Raleigh)
  KS -> IL: House of Clay (Chicago)
  VT -> IL: Distinguished Teaching (Chicago)
00:24:05 locate: done
