02:06:54 locate: 572 places
02:07:01 locate 25/572
02:07:16 locate 50/572
02:07:26 locate 75/572
02:07:37 locate 100/572
02:07:46 locate 125/572
02:07:54 locate 150/572
02:08:07 locate 175/572
02:08:17 locate 200/572
02:08:29 locate 225/572
02:08:42 locate 250/572
02:08:51 locate 275/572
02:09:03 locate 300/572
02:09:14 locate 325/572
02:09:25 locate 350/572
02:09:38 locate 375/572
02:09:48 locate 400/572
02:10:02 locate 425/572
02:10:15 locate 450/572
02:10:29 locate 475/572
02:10:38 locate 500/572
02:10:51 locate 525/572
02:11:03 locate 550/572
02:25:13 locate: 242 confirmed in filed state, 3 in another state, 327 no address found
  ME -> KY: AA Clay - Ceramics Studio (Louisiville)
  ND -> GA: Macon Arts Alliance (St. Macon)
  ND -> SC: South Carolina Arts Commission (Columbia)
02:25:13 locate: done
