23:14:20 locate: 554 places
23:14:27 locate 25/554
23:14:41 locate 50/554
23:14:49 locate 75/554
23:14:59 locate 100/554
23:15:08 locate 125/554
23:15:16 locate 150/554
23:15:26 locate 175/554
23:15:36 locate 200/554
23:15:50 locate 225/554
23:16:02 locate 250/554
23:16:11 locate 275/554
23:16:21 locate 300/554
23:16:32 locate 325/554
23:16:44 locate 350/554
23:16:55 locate 375/554
23:17:10 locate 400/554
23:17:21 locate 425/554
23:17:34 locate 450/554
23:17:42 locate 475/554
23:17:55 locate 500/554
23:18:06 locate 525/554
23:18:18 locate 550/554
23:32:22 locate: 234 confirmed in filed state, 2 in another state, 318 no address found
  FL -> KY: alexadamsclaywork (Louisiville)
  VA -> DC: Clay Café (Washington)
23:32:22 locate: done
