05:26:57 locate: 512 places
05:27:06 locate 25/512
05:27:16 locate 50/512
05:27:25 locate 75/512
05:27:34 locate 100/512
05:27:43 locate 125/512
05:27:49 locate 150/512
05:28:01 locate 175/512
05:28:11 locate 200/512
05:28:25 locate 225/512
05:28:33 locate 250/512
05:28:42 locate 275/512
05:28:55 locate 300/512
05:29:09 locate 325/512
05:29:22 locate 350/512
05:29:34 locate 375/512
05:29:47 locate 400/512
05:29:57 locate 425/512
05:30:06 locate 450/512
05:30:19 locate 475/512
05:30:29 locate 500/512
05:43:46 locate: 242 confirmed in filed state, 3 in another state, 267 no address found
  CO -> CA: Clay Play & Arts (Northridge)
  CT -> GA: Chris Jones Pottery (Blue Ridge)
  IN -> WA: Creative Hands Studio (Bothell)
05:43:46 locate: done
