23:38:10 locate: 488 places
23:38:17 locate 25/488
23:38:27 locate 50/488
23:38:37 locate 75/488
23:38:46 locate 100/488
23:38:55 locate 125/488
23:39:03 locate 150/488
23:39:13 locate 175/488
23:39:25 locate 200/488
23:39:36 locate 225/488
23:39:48 locate 250/488
23:39:58 locate 275/488
23:40:08 locate 300/488
23:40:23 locate 325/488
23:40:32 locate 350/488
23:40:43 locate 375/488
23:40:55 locate 400/488
23:41:08 locate 425/488
23:41:19 locate 450/488
23:41:28 locate 475/488
23:53:13 locate: 186 confirmed in filed state, 21 in another state, 281 no address found
  CT -> DE: Lakeside Pottery (Lewes)
  CT -> TN: Canton Clay Works (PEGRAM)
  DC -> MD: Glen Echo Park (Boulevard Glen Echo)
  DC -> NJ: BISC Pottery Studio (Scotch Plains)
  HI -> CA: Uncle Paul's (Broadway San Francisco)
  IL -> AZ: Mud Makers (Ave Chino Valley)
  IL -> NC: Southern Illinois University Edwardsville (Raleigh)
  IL -> WA: Yu Tang Ceramics (Avenue North Seattle)
  IL -> CA: ruby's clay studio (San Francisco)
  IN -> WA: Eastside Pottery (Bellevue)
  IN -> CA: Cider Creek Collective (Albion)
  KS -> PA: Community Arts Center (Wallingford)
  KS -> IL: House of Clay (Chicago)
  LA -> NC: Smoke in the Mountains Pottery (Brasstown)
  ND -> MT: MonDak Heritage Center (Sidney)
  NH -> IN: Truro Center for the Arts at Castle Hill (New Harmony)
  NY -> CA: The Pottery Studio (Drive Culver City)
  RI -> CA: Studio Channel Islands (Camarillo)
  VT -> IL: Distinguished Teaching (Chicago)
  WV -> PA: business.ligonier (Ligonier)
  WY -> VA: Workhouse Arts Center (Workhouse Way Lorton)
23:53:13 locate: done
