13:14:02 search: 34 new of 34 (each costs 2 Tavily credits)
13:15:05 fetch: 136 places to read (142 total)
13:15:11 fetch: 10 read
13:15:13 fetch: 20 read
13:15:15 fetch: 30 read
13:15:19 fetch: 40 read
13:15:20 fetch: 50 read
13:15:25 fetch: 60 read
13:15:28 fetch: 70 read
13:15:30 fetch: 80 read
13:15:32 fetch: 90 read
13:15:39 fetch: 100 read
13:15:41 fetch: 110 read
13:15:43 fetch: 120 read
13:15:48 fetch: 130 read
13:16:02 judge: 106 places for gemma4:latest
13:16:42 judge 1/106 ceramicinfospot.com: reject (40s)
13:17:51 judge 2/106 paseopottery.com: qualifies (69s)
13:18:34 judge 3/106 higherfirestudios.com: reject (42s)
13:19:42 judge 4/106 thepottersshopandschool.com: qualifies (68s)
13:20:26 judge 5/106 shelbyprindaville.com: reject (44s)
13:21:13 judge 6/106 clayartistsofsandiego.org: reject (47s)
13:21:56 judge 7/106 dev.theumbrellaarts.org: qualifies (43s)
13:22:58 judge 8/106 theumbrellaarts.org: qualifies (62s)
13:23:34 judge 9/106 dewclawstudios.com: qualifies (35s)
13:24:18 judge 10/106 snowfarm.org: qualifies (44s)
13:24:57 judge 11/106 newportartmuseum.org: reject (39s)
13:25:46 judge 12/106 mudflat.org: qualifies (49s)
13:26:27 judge 13/106 theclayschool.com: qualifies (40s)
13:27:22 judge 14/106 beneberleceramic.com: qualifies (55s)
13:27:41 judge 15/106 indigofirestudio.com: qualifies (19s)
13:28:08 judge 16/106 ofa.fas.harvard.edu: qualifies (28s)
13:28:46 judge 17/106 berkshireartcenter.org: qualifies (37s)
13:29:21 judge 18/106 meeshpottery.com: qualifies (36s)
13:29:47 judge 19/106 hopartscenter.org: reject (25s)
13:30:06 judge 20/106 kilnfire.com: reject (19s)
13:30:25 judge 21/106 potterywithapurpose.com: qualifies (19s)
13:30:39 judge 22/106 mayapask.com: reject (14s)
13:31:00 judge 23/106 cantonclayworks.com: qualifies (21s)
13:31:21 judge 24/106 turningearth.org: reject (21s)
13:31:33 judge 25/106 classcentral.com: reject (12s)
13:31:45 judge 26/106 katherinefortnumceramics.com: reject (13s)
13:32:06 judge 27/106 lexart.org: qualifies (21s)
13:32:33 judge 28/106 oldschoolclayandceramics.com: qualifies (27s)
13:32:43 judge 29/106 berkshires.org: qualifies (10s)
13:32:57 judge 30/106 calendar.vineyardgazette.com: qualifies (14s)
13:33:08 judge 31/106 mudstonestudios.com: qualifies (10s)
13:33:27 judge 32/106 bobgreenpottery.com: qualifies (19s)
13:33:39 judge 33/106 centerceramics.com: qualifies (12s)
13:34:00 judge 34/106 pottery-boston.com: qualifies (22s)
13:34:18 judge 35/106 feetofclaypottery.com: qualifies (18s)
13:34:37 judge 36/106 claydreaming.com: unclear (19s)
13:34:56 judge 37/106 castlehill.org: qualifies (19s)
13:35:07 judge 38/106 untoday.org: reject (11s)
13:35:20 judge 39/106 csbsju.edu: qualifies (12s)
13:35:38 judge 40/106 newenglandwfc.com: qualifies (18s)
13:35:58 judge 41/106 massart.edu: reject (21s)
13:36:07 judge 42/106 firebrickpottery.com: qualifies (8s)
13:36:25 judge 43/106 backdoorpottery.com: reject (19s)
13:36:32 judge 44/106 sheffield-pottery.com: reject (7s)
13:36:47 judge 45/106 maudandmabel.com: reject (15s)
13:37:05 judge 46/106 getpotteryclass.com: reject (18s)
13:37:28 judge 47/106 kilncambridge.com: qualifies (23s)
13:37:40 judge 48/106 communitypottery.org: reject (12s)
13:37:48 judge 49/106 theclaytable.com: reject (8s)
13:37:57 judge 50/106 community.ceramicartsdaily.org: qualifies (8s)
13:38:12 judge 51/106 claytivitypottery.com: reject (15s)
13:38:32 judge 52/106 triskelceramics.com: reject (20s)
13:38:45 judge 53/106 fireboxpotterystudio.com: reject (13s)
13:38:57 judge 54/106 hopewellstudios.co.uk: reject (11s)
13:39:06 judge 55/106 biscpotterystudio.com: reject (10s)
13:39:24 judge 56/106 worcestercraftcenter.org: qualifies (17s)
13:39:34 judge 57/106 goclayground.com: reject (11s)
13:39:47 judge 58/106 slowfireceramics.com: reject (13s)
13:39:53 judge 59/106 cone10studios.blogspot.com: reject (6s)
13:40:04 judge 60/106 cone6ceramics.com: qualifies (11s)
13:40:20 judge 61/106 theclaypotpottery.com: qualifies (16s)
13:40:29 judge 62/106 tiffanyhilton.com: reject (9s)
13:40:41 judge 63/106 brush-it-off.com: qualifies (12s)
13:40:55 judge 64/106 cultural-center.org: reject (14s)
13:41:07 judge 65/106 truroclayworks.com: reject (11s)
13:41:16 judge 66/106 cotuit.org: qualifies (9s)
13:41:26 judge 67/106 meetinghouseclay.com: qualifies (10s)
13:41:33 judge 68/106 capecodpotterytrail.com: reject (7s)
13:41:39 judge 69/106 falmouthart.org: reject (6s)
13:41:49 judge 70/106 southcountyart.org: reject (10s)
13:42:06 judge 71/106 potterybylois.com: qualifies (17s)
13:42:20 judge 72/106 merme.in: reject (13s)
13:42:40 judge 73/106 claydirectory.com: qualifies (20s)
13:42:46 judge 74/106 gokidoz.com: qualifies (7s)
13:42:53 judge 75/106 taprootartsinsight.com: qualifies (7s)
13:43:00 judge 76/106 my.ceramicmaterialsworkshop.com: reject (7s)
13:43:09 judge 77/106 clayandkilnstudio.com: reject (9s)
13:43:15 judge 78/106 nohopottery.com: reject (6s)
13:43:23 judge 79/106 scopegallery.org: reject (8s)
13:43:30 judge 80/106 sunsetcanyonpottery.com: qualifies (7s)
13:43:39 judge 81/106 northadamsclay.com: reject (8s)
13:43:48 judge 82/106 artspacegreenfield.org: reject (9s)
13:43:58 judge 83/106 capecodpotters.org: qualifies (11s)
13:44:06 judge 84/106 conezeroceramics.com: reject (8s)
13:44:14 judge 85/106 blogfinger.net: qualifies (8s)
13:44:26 judge 86/106 gustinceramics.com: qualifies (12s)
13:44:35 judge 87/106 westga.edu: reject (9s)
13:44:43 judge 88/106 groundworksartlab.org: qualifies (8s)
13:44:51 judge 89/106 farmandfire.com: reject (8s)
13:44:58 judge 90/106 dartmouth.theweektoday.com: qualifies (6s)
13:45:02 judge 91/106 potsonwheels.org: reject (4s)
13:45:08 judge 92/106 mapquest.com: reject (6s)
13:45:16 judge 93/106 ctclayguild.com: qualifies (9s)
13:45:25 judge 94/106 kruegerpottery.com: reject (9s)
13:45:36 judge 95/106 aardvarkclay.com: reject (10s)
13:45:46 judge 96/106 taboracademy.org: qualifies (11s)
13:45:58 judge 97/106 middlesex.mass.edu: reject (12s)
13:46:12 judge 98/106 middlesex.edu: qualifies (14s)
13:46:27 judge 99/106 info.taboracademy.org: qualifies (15s)
13:46:39 judge 100/106 visitmathews.com: reject (12s)
13:46:58 judge 101/106 calliopemadrid.com: reject (19s)
13:47:11 judge 102/106 omniform1.com: qualifies (12s)
13:47:21 judge 103/106 lukeiannuzzipottery.com: qualifies (10s)
13:47:47 judge 104/106 oribefiring.com: qualifies (26s)
13:48:00 judge 105/106 schoolofservice.org: reject (13s)
13:48:08 judge 106/106 artaxis.org: reject (8s)
13:48:08 report: 28 qualify, 26 unclear, 82 rejected, 6 social
