07:29:53 search: 40 new of 40 (each costs 2 Tavily credits)
07:36:37 fetch: 126 places to read (130 total)
07:36:39 fetch: 10 read
07:36:44 fetch: 20 read
07:36:51 fetch: 30 read
07:37:05 fetch: 40 read
07:37:09 fetch: 50 read
07:37:12 fetch: 60 read
07:37:15 fetch: 70 read
07:37:19 fetch: 80 read
07:37:23 fetch: 90 read
07:37:31 fetch: 100 read
07:37:35 fetch: 110 read
07:37:43 fetch: 120 read
08:03:11 fetch: 0 places to read (130 total)
08:03:11 judge: 68 places for gemma4:latest
08:03:30 judge 1/68 entradasx.com: qualifies (19s)
08:03:40 judge 2/68 madewithclay.com: qualifies (10s)
08:03:46 judge 3/68 timisaacpottery.com: qualifies (6s)
08:03:53 judge 4/68 ceramicinfospot.com: reject (7s)
08:04:03 judge 5/68 woodfiring.net: reject (10s)
08:04:16 judge 6/68 bradleybirkhimer.com: qualifies (12s)
08:04:22 judge 7/68 catoctincreekpottery.com: qualifies (7s)
08:04:29 judge 8/68 jayneshatzpottery.com: reject (7s)
08:04:40 judge 9/68 baltimoreclayworks.org: qualifies (11s)
08:04:47 judge 10/68 pottersguild.org: qualifies (7s)
08:04:53 judge 11/68 hfclay.com: qualifies (6s)
08:04:58 judge 12/68 canvas.districtclaycenter.com: qualifies (5s)
08:05:07 judge 13/68 foxhavenfarm.org: qualifies (9s)
08:05:15 judge 14/68 clayguildeasternshore.com: qualifies (9s)
08:05:26 judge 15/68 mesquitefineartscenter.com: qualifies (11s)
08:05:38 judge 16/68 en.wikipedia.org: reject (12s)
08:05:43 judge 17/68 classcentral.com: reject (5s)
08:05:52 judge 18/68 potterystarter.com: reject (9s)
08:05:57 judge 19/68 regulations.justia.com: reject (4s)
08:06:01 judge 20/68 napeef.org: reject (5s)
08:06:06 judge 21/68 hafersguns.com: reject (5s)
08:06:11 judge 22/68 potterywithapurpose.com: reject (4s)
08:06:22 judge 23/68 clay-king.com: reject (12s)
08:06:28 judge 24/68 thecreativehollow.com: qualifies (6s)
08:06:36 judge 25/68 ashtonpottery.com: qualifies (7s)
08:06:43 judge 26/68 potterylist.com: qualifies (8s)
08:06:49 judge 27/68 crackedpottery.com: unclear (6s)
08:06:57 judge 28/68 kilnfire.com: reject (8s)
08:07:05 judge 29/68 claystuff.com: qualifies (8s)
08:07:11 judge 30/68 canvas.baltimoreclayworks.org: qualifies (6s)
08:07:20 judge 31/68 baltimore.com: qualifies (9s)
08:07:25 judge 32/68 burnoutpotterystudio.com: reject (5s)
08:07:32 judge 33/68 communitypottery.org: reject (7s)
08:07:39 judge 34/68 annapolismomsmedia.com: qualifies (7s)
08:07:43 judge 35/68 larswestbyclay.com: reject (4s)
08:07:50 judge 36/68 clayandkilnstudio.com: reject (7s)
08:07:57 judge 37/68 my.ceramicmaterialsworkshop.com: unclear (7s)
08:08:02 judge 38/68 stamp.umd.edu: reject (5s)
08:08:18 judge 39/68 rakuasiandining.com: qualifies (16s)
08:08:24 judge 40/68 usarestaurants.info: reject (6s)
08:08:30 judge 41/68 restaurantjump.com: qualifies (6s)
08:08:37 judge 42/68 whataretheysaying.com: reject (7s)
08:08:42 judge 43/68 raku.wheree.com: reject (5s)
08:08:46 judge 44/68 bethesdamagazine.com: reject (4s)
08:08:52 judge 45/68 grubhub.com: reject (6s)
08:08:57 judge 46/68 glenechopark.org: reject (5s)
08:09:04 judge 47/68 glenechopottery.org: qualifies (7s)
08:09:14 judge 48/68 visartscenter.org: qualifies (11s)
08:09:19 judge 49/68 pottersguildoffrederick.com: reject (5s)
08:09:24 judge 50/68 artspirationfred.com: reject (5s)
08:09:31 judge 51/68 earthenwarestudio.org: reject (7s)
08:09:36 judge 52/68 salisburyartspace.org: unclear (5s)
08:09:47 judge 53/68 amusedstudios.com: qualifies (11s)
08:09:51 judge 54/68 stardem.com: reject (4s)
08:09:58 judge 55/68 twinmoonspottery.com: qualifies (7s)
08:10:05 judge 56/68 wrighthanddrums.com: reject (7s)
08:10:13 judge 57/68 hihopscotch.com: reject (8s)
08:10:18 judge 58/68 washingtoncountyarts.com: reject (5s)
08:10:22 judge 59/68 sheffield-pottery.com: reject (4s)
08:10:31 judge 60/68 pottersshop.com: reject (9s)
08:10:45 judge 61/68 theceramicshop.com: reject (14s)
08:10:49 judge 62/68 euclids.com: reject (4s)
08:10:57 judge 63/68 clayworkssupplies.com: qualifies (7s)
08:11:20 judge 64/68 kilnshare.com: reject (23s)
08:11:30 judge 65/68 chesapeakearts.org: unclear (10s)
08:11:41 judge 66/68 catalog.ccbcmd.edu: reject (11s)
08:11:53 judge 67/68 artistpotters.com: reject (12s)
08:12:13 judge 68/68 katsutaroukikuchi.com: reject (20s)
08:12:13 report: 4 qualify, 26 unclear, 96 rejected, 4 social
