06:13:46 search: 27 new of 27 (each costs 2 Tavily credits)
06:14:38 fetch: 104 places to read (109 total)
06:14:42 fetch: 10 read
06:14:47 fetch: 20 read
06:14:52 fetch: 30 read
06:14:55 fetch: 40 read
06:15:00 fetch: 50 read
06:15:04 fetch: 60 read
06:15:08 fetch: 70 read
06:15:13 fetch: 80 read
06:15:17 fetch: 90 read
06:15:23 fetch: 100 read
06:15:29 judge: 87 places for gemma4:latest
06:15:49 judge 1/87 mainecrafts.org: qualifies (20s)
06:16:01 judge 2/87 southernmaineclayguild.com: qualifies (11s)
06:16:09 judge 3/87 creativeportland.com: qualifies (8s)
06:16:20 judge 4/87 watershedceramics.org: qualifies (12s)
06:16:34 judge 5/87 ceramicartsnetwork.org: qualifies (14s)
06:16:47 judge 6/87 turningartsstudio.com: qualifies (13s)
06:16:51 judge 7/87 workinprogress.me: qualifies (5s)
06:16:58 judge 8/87 seatownpottery.com: qualifies (7s)
06:17:08 judge 9/87 coastalmaineraku.com: qualifies (10s)
06:17:15 judge 10/87 inside.mga.edu: reject (7s)
06:17:27 judge 11/87 paseopottery.com: qualifies (12s)
06:17:35 judge 12/87 corrannyforestpottery.com: qualifies (9s)
06:17:42 judge 13/87 noahwoodfired.com: reject (7s)
06:17:48 judge 14/87 eastcreekart.org: reject (6s)
06:18:05 judge 15/87 munson.art: qualifies (17s)
06:18:13 judge 16/87 groundworksartlab.org: qualifies (8s)
06:18:19 judge 17/87 cursist-courses.com: reject (6s)
06:18:30 judge 18/87 farmington.edu: qualifies (11s)
06:18:37 judge 19/87 higherfirestudios.com: reject (7s)
06:18:43 judge 20/87 shelbyprindaville.com: reject (7s)
06:18:51 judge 21/87 wgme.com: qualifies (7s)
06:18:57 judge 22/87 atlanticpotterysupply.com: reject (6s)
06:19:09 judge 23/87 creamcityclay.com: qualifies (12s)
06:19:17 judge 24/87 clayguildeasternshore.com: qualifies (8s)
06:19:32 judge 25/87 schoolandcollegelistings.com: qualifies (15s)
06:19:49 judge 26/87 amazon.com: reject (16s)
06:20:22 judge 27/87 upinsmokepottery.com: qualifies (34s)
06:21:02 judge 28/87 natewinterstudios.com: qualifies (39s)
06:21:26 judge 29/87 downeastlakes.org: qualifies (24s)
06:21:48 judge 30/87 taoofclay.com: qualifies (23s)
06:22:22 judge 31/87 turningearth.org: reject (34s)
06:22:47 judge 32/87 slowfireceramics.com: qualifies (25s)
06:23:10 judge 33/87 kilnfrog.com: reject (23s)
06:23:28 judge 34/87 maineprairiestudio.com: qualifies (18s)
06:23:46 judge 35/87 haystack-mtn.org: qualifies (17s)
06:24:17 judge 36/87 events.humanitix.com: qualifies (32s)
06:24:59 judge 37/87 jackiesedlock.com: qualifies (42s)
06:25:38 judge 38/87 portlandpottery.com: qualifies (39s)
06:26:11 judge 39/87 kilnfire.com: reject (33s)
06:26:52 judge 40/87 maineclay.org: qualifies (42s)
06:27:31 judge 41/87 handfulstudios.com: reject (39s)
06:28:07 judge 42/87 millpondceramicsstudio.com: qualifies (36s)
06:28:37 judge 43/87 watervillecreates.org: qualifies (30s)
06:29:17 judge 44/87 alexadamsclaywork.com: qualifies (40s)
06:29:49 judge 45/87 untoday.org: reject (32s)
06:30:28 judge 46/87 ratcitystudios.com: reject (39s)
06:31:15 judge 47/87 kilnfolkclay.com: reject (47s)
06:31:57 judge 48/87 jodyjohnstonepottery.com: qualifies (42s)
06:32:31 judge 49/87 nhpottersguild.org: qualifies (34s)
06:33:05 judge 50/87 salemartworks.org: qualifies (34s)
06:33:32 judge 51/87 mainepublic.org: qualifies (27s)
06:33:58 judge 52/87 maudandmabel.com: reject (26s)
06:34:21 judge 53/87 jansenartcenter.org: qualifies (23s)
06:35:03 judge 54/87 mainepotterytour.org: qualifies (42s)
06:35:29 judge 55/87 maineadulted.org: qualifies (27s)
06:35:46 judge 56/87 https://www.eventbrite.com/d/me--brunswick/ceramics-class: qualifies (16s)
06:36:10 judge 57/87 brunswickclaycollective.studio: reject (24s)
06:36:41 judge 58/87 thebat.studio: reject (31s)
06:37:15 judge 59/87 waterfallarts.org: reject (34s)
06:37:38 judge 60/87 my.ceramicmaterialsworkshop.com: reject (23s)
06:38:17 judge 61/87 meca.edu: reject (39s)
06:38:40 judge 62/87 nccshop.org: reject (22s)
06:38:57 judge 63/87 belfastclaystudio.com: qualifies (17s)
06:39:14 judge 64/87 kingstonceramicsstudio.com: reject (18s)
06:39:32 judge 65/87 merrymeetingartscenter.org: qualifies (17s)
06:39:46 judge 66/87 jemmagascoine.com: qualifies (14s)
06:39:59 judge 67/87 eventbrite.com.au: reject (14s)
06:40:16 judge 68/87 heartofbiddeford.org: reject (17s)
06:40:32 judge 69/87 mainepottersmarket.com: qualifies (16s)
06:40:42 judge 70/87 hillpotters.square.site: reject (10s)
06:41:10 judge 71/87 tylergulden.com: qualifies (28s)
06:41:19 judge 72/87 ceramic.school: reject (9s)
06:41:34 judge 73/87 seattlepotterysupply.com: reject (16s)
06:42:08 judge 74/87 georgies.com: qualifies (34s)
06:42:26 judge 75/87 studiosalespottery.com: reject (18s)
06:42:47 judge 76/87 aardvarkclay.com: reject (22s)
06:42:55 judge 77/87 midsouthceramics.com: reject (8s)
06:43:09 judge 78/87 torch.ox.ac.uk: reject (14s)
06:43:26 judge 79/87 gustinceramics.com: qualifies (17s)
06:43:45 judge 80/87 nalatanalata.com: reject (19s)
06:44:13 judge 81/87 anagama-west.com: reject (28s)
06:44:23 judge 82/87 kilnroomcolumbus.com: reject (10s)
06:44:30 judge 83/87 calliopemadrid.com: reject (7s)
06:44:47 judge 84/87 projectart01026.com: qualifies (18s)
06:45:14 judge 85/87 ceramicsfieldguide.org: qualifies (27s)
06:45:28 judge 86/87 visitmaine.com: qualifies (14s)
06:45:41 judge 87/87 moca-ny.org: reject (14s)
06:45:41 report: 24 qualify, 26 unclear, 54 rejected, 5 social
