11:52:26 search: 27 new of 27 (each costs 2 Tavily credits)
11:53:19 fetch: 128 places to read (133 total)
11:53:22 fetch: 10 read
11:53:24 fetch: 20 read
11:53:28 fetch: 30 read
11:53:32 fetch: 40 read
11:53:36 fetch: 50 read
11:53:38 fetch: 60 read
11:53:40 fetch: 70 read
11:53:44 fetch: 80 read
11:53:50 fetch: 90 read
11:53:55 fetch: 100 read
11:53:58 fetch: 110 read
11:54:02 fetch: 120 read
11:54:13 judge: 99 places for gemma4:latest
11:54:53 judge 1/99 potterylanegr.com: qualifies (40s)
11:55:32 judge 2/99 oribefiring.com: qualifies (39s)
11:55:49 judge 3/99 lisayorkarts.com: qualifies (17s)
11:56:02 judge 4/99 johndix.com: qualifies (14s)
11:56:21 judge 5/99 thepottersstudio.org: qualifies (18s)
11:56:43 judge 6/99 kiarts.org: qualifies (23s)
11:57:27 judge 7/99 theokidokistudio.com: qualifies (43s)
11:57:38 judge 8/99 rotirotiartcenter.org: reject (12s)
11:58:02 judge 9/99 paseopottery.com: qualifies (24s)
11:58:15 judge 10/99 wce.macomb.edu: qualifies (14s)
11:58:37 judge 11/99 pottersguild.net: qualifies (22s)
11:59:11 judge 12/99 glenarborart.org: qualifies (34s)
11:59:35 judge 13/99 theworkshopattimberridge.com: qualifies (24s)
11:59:52 judge 14/99 clayplayarts.com: qualifies (18s)
12:00:04 judge 15/99 higherfirestudios.com: reject (12s)
12:00:19 judge 16/99 laimaceramics.com: qualifies (15s)
12:00:35 judge 17/99 app.amilia.com: qualifies (16s)
12:00:47 judge 18/99 shelbyprindaville.com: reject (13s)
12:01:10 judge 19/99 kalamazooarts.org: qualifies (23s)
12:01:23 judge 20/99 noahwoodfired.com: reject (12s)
12:01:35 judge 21/99 eastcreekart.org: reject (12s)
12:01:50 judge 22/99 ceramicinfospot.com: reject (15s)
12:02:04 judge 23/99 thomasfossier.com: reject (14s)
12:02:17 judge 24/99 cotuit.org: qualifies (14s)
12:02:34 judge 25/99 cademy.io: reject (17s)
12:02:57 judge 26/99 ceramicartsnetwork.org: reject (23s)
12:03:13 judge 27/99 cantonclayworks.com: qualifies (16s)
12:03:27 judge 28/99 lemoyne.org: qualifies (14s)
12:03:43 judge 29/99 taoofclay.com: qualifies (16s)
12:04:09 judge 30/99 ceramicsschool.com: qualifies (27s)
12:04:29 judge 31/99 clayworkspottery.net: qualifies (20s)
12:04:42 judge 32/99 westmichiganclay.com: qualifies (12s)
12:04:54 judge 33/99 ceramic.school: reject (12s)
12:05:06 judge 34/99 michigan.gov: reject (12s)
12:05:27 judge 35/99 turningearth.org: reject (21s)
12:05:48 judge 36/99 digitalfire.com: reject (21s)
12:05:55 judge 37/99 community.ceramicartsdaily.org: reject (7s)
12:06:05 judge 38/99 munson.art: qualifies (10s)
12:06:20 judge 39/99 newprospectpottery.com: qualifies (15s)
12:06:26 judge 40/99 kzookilnroom.com: qualifies (7s)
12:06:31 judge 41/99 willieggerman.com: reject (4s)
12:06:41 judge 42/99 creativeartsstudios.com: qualifies (10s)
12:06:57 judge 43/99 kilnfire.com: reject (16s)
12:07:07 judge 44/99 untoday.org: reject (10s)
12:07:18 judge 45/99 ratcitystudios.com: reject (11s)
12:07:27 judge 46/99 hopewellstudios.co.uk: reject (9s)
12:07:37 judge 47/99 maudandmabel.com: reject (10s)
12:07:47 judge 48/99 merme.in: reject (10s)
12:07:55 judge 49/99 specklesandsplatter.com: reject (8s)
12:08:04 judge 50/99 clawsonclayguild.com: qualifies (9s)
12:08:16 judge 51/99 mapquest.com: qualifies (12s)
12:08:24 judge 52/99 aadl.org: qualifies (8s)
12:08:30 judge 53/99 michigan.org: qualifies (6s)
12:08:41 judge 54/99 kilnfolkclay.com: reject (10s)
12:08:52 judge 55/99 annarborartcenter.org: reject (11s)
12:09:02 judge 56/99 youristpottery.com: qualifies (10s)
12:09:10 judge 57/99 flashandash.com: qualifies (8s)
12:09:18 judge 58/99 earthboundgr.com: reject (8s)
12:09:32 judge 59/99 visitdowntowngr.org: reject (14s)
12:10:03 judge 60/99 clayspacetc.com: qualifies (32s)
12:10:19 judge 61/99 eastownpottery.com: qualifies (15s)
12:10:35 judge 62/99 crackedpotstudiotour.com: qualifies (16s)
12:10:54 judge 63/99 artunlimitedgallery.net: reject (19s)
12:11:17 judge 64/99 alexadamsclaywork.com: qualifies (24s)
12:11:45 judge 65/99 findapotteryclass.com: qualifies (27s)
12:11:56 judge 66/99 centralclaystudio.org: reject (11s)
12:12:10 judge 67/99 clayworkstudio.com: reject (14s)
12:12:24 judge 68/99 salishseaceramicstudio.com: qualifies (14s)
12:12:42 judge 69/99 corrannyforestpottery.com: qualifies (18s)
12:12:58 judge 70/99 tchandzonart.com: reject (16s)
12:13:21 judge 71/99 themagickiln.com: reject (23s)
12:13:39 judge 72/99 sleepingbearresort.com: reject (18s)
12:14:00 judge 73/99 wmich.edu: qualifies (22s)
12:14:36 judge 74/99 theceramicstudioetc.com: qualifies (36s)
12:14:53 judge 75/99 kalamazooartisans.com: reject (17s)
12:15:10 judge 76/99 1000.blackbaudhosting.com: qualifies (17s)
12:15:24 judge 77/99 pottery-lane.wheree.com: reject (14s)
12:15:34 judge 78/99 jeffhamceramics.com: reject (10s)
12:15:54 judge 79/99 westmichiganpottersguild.com: qualifies (20s)
12:16:12 judge 80/99 villagepottersguild.org: qualifies (18s)
12:16:36 judge 81/99 hellojerico.com: reject (24s)
12:16:51 judge 82/99 kalamazooarthop.org: qualifies (15s)
12:17:51 judge 83/99 communityartscenter.org: qualifies (60s)
12:18:16 judge 84/99 oaklandcc.edu: qualifies (24s)
12:18:45 judge 85/99 rovinceramics.com: reject (29s)
12:19:17 judge 86/99 seattlepotterysupply.com: qualifies (32s)
12:19:35 judge 87/99 https://www.eventbrite.com/e/raku-firing-workshop-at-seattle-pottery-supply-tickets-1076175974309?viewDetails=true: reject (18s)
12:19:49 judge 88/99 runyanpotterysupply.com: reject (14s)
12:20:07 judge 89/99 fortwayneclay.com: qualifies (18s)
12:20:29 judge 90/99 upnorthmichigan.com: reject (23s)
12:20:55 judge 91/99 en.wikipedia.org: reject (26s)
12:21:19 judge 92/99 raclinmurphymuseum.nd.edu: qualifies (24s)
12:21:41 judge 93/99 westga.edu: reject (22s)
12:21:58 judge 94/99 albionmich.net: qualifies (17s)
12:22:12 judge 95/99 kilnroomcolumbus.com: reject (14s)
12:22:35 judge 96/99 calliopemadrid.com: reject (23s)
12:22:49 judge 97/99 visitglenarbor.com: reject (14s)
12:23:11 judge 98/99 ohio.edu: reject (22s)
12:23:48 judge 99/99 ceramicsnow.org: qualifies (36s)
12:23:48 report: 25 qualify, 28 unclear, 75 rejected, 5 social
