07:20:36 search: 34 new of 34 (each costs 2 Tavily credits)
07:26:54 fetch: 112 places to read (115 total)
07:27:01 fetch: 10 read
07:27:05 fetch: 20 read
07:27:12 fetch: 30 read
07:27:17 fetch: 40 read
07:27:22 fetch: 50 read
07:27:27 fetch: 60 read
07:27:31 fetch: 70 read
07:27:36 fetch: 80 read
07:27:42 fetch: 90 read
07:27:44 fetch: 100 read
07:27:52 fetch: 110 read
07:27:55 judge: 70 places for gemma4:latest
07:28:20 judge 1/70 visitwarroad.com: qualifies (25s)
07:28:25 judge 2/70 warroadriverplace.org: qualifies (5s)
07:28:32 judge 3/70 thisiswarroad.com: qualifies (7s)
07:28:37 judge 4/70 buffaloartguild.org: qualifies (5s)
07:28:47 judge 5/70 minnetonkaarts.org: qualifies (10s)
07:28:53 judge 6/70 bendingpinespottery.com: qualifies (5s)
07:28:58 judge 7/70 northhouse.org: qualifies (6s)
07:29:06 judge 8/70 ceramicinfospot.com: reject (7s)
07:29:11 judge 9/70 commonclayspace.com: qualifies (5s)
07:29:19 judge 10/70 cassvilleanagama.com: reject (8s)
07:29:25 judge 11/70 canvas.kirklandartscenter.org: reject (7s)
07:29:31 judge 12/70 the-workshop-mpls.square.site: qualifies (6s)
07:29:35 judge 13/70 willieggerman.com: reject (4s)
07:29:41 judge 14/70 nemaa.org: qualifies (6s)
07:29:51 judge 15/70 kindaclayful.com: reject (10s)
07:29:57 judge 16/70 theclaypitstudio.com: qualifies (6s)
07:30:01 judge 17/70 potterywithapurpose.com: reject (4s)
07:30:10 judge 18/70 kilnfire.com: reject (8s)
07:30:23 judge 19/70 firedupstudios.com: qualifies (14s)
07:30:30 judge 20/70 ceramicreview.com: reject (7s)
07:30:34 judge 21/70 community.ceramicartsdaily.org: reject (4s)
07:30:39 judge 22/70 cafac.org: reject (5s)
07:30:50 judge 23/70 digitalfire.com: reject (10s)
07:30:53 judge 24/70 conebluepottery.com: reject (4s)
07:31:05 judge 25/70 pottersshop.com: reject (12s)
07:31:19 judge 26/70 kilnshare.com: reject (14s)
07:31:25 judge 27/70 clayartspace.com: qualifies (6s)
07:31:28 judge 28/70 kilnfrog.com: reject (3s)
07:31:37 judge 29/70 mprnews.org: qualifies (8s)
07:31:46 judge 30/70 csbsju.edu: qualifies (9s)
07:31:52 judge 31/70 claradelattreceramics.com: qualifies (7s)
07:31:58 judge 32/70 sites.google.com: qualifies (5s)
07:32:01 judge 33/70 logan-chyla.squarespace.com: unclear (4s)
07:32:08 judge 34/70 formaclay.com: reject (6s)
07:32:16 judge 35/70 communitypottery.org: reject (9s)
07:32:23 judge 36/70 northernclaycenter.org: qualifies (7s)
07:32:33 judge 37/70 discoverthecities.com: qualifies (9s)
07:32:40 judge 38/70 midwayclay.com: qualifies (7s)
07:32:46 judge 39/70 nccshop.org: qualifies (6s)
07:32:50 judge 40/70 worthpoint.com: reject (4s)
07:32:54 judge 41/70 desmoinesartsfestival.org: reject (4s)
07:32:57 judge 42/70 sivertson.com: reject (4s)
07:33:01 judge 43/70 etsy.com: reject (4s)
07:33:06 judge 44/70 duluthart.org: reject (4s)
07:33:12 judge 45/70 dragonfireceramics.net: qualifies (7s)
07:33:19 judge 46/70 claystuff.com: qualifies (7s)
07:33:26 judge 47/70 exploreminnesota.com: qualifies (7s)
07:33:30 judge 48/70 featherstonepottery.com: unclear (4s)
07:33:37 judge 49/70 redwing.org: qualifies (7s)
07:33:45 judge 50/70 republicaneagle.com: qualifies (7s)
07:33:52 judge 51/70 redwingarts.org: qualifies (7s)
07:33:58 judge 52/70 redwingchamber.com: reject (6s)
07:34:02 judge 53/70 waynebranum.com: reject (4s)
07:34:05 judge 54/70 unanegozio.com: reject (4s)
07:34:11 judge 55/70 kcapstudio.com: reject (5s)
07:34:17 judge 56/70 clayandkilnstudio.com: reject (7s)
07:34:23 judge 57/70 125livemn.org: reject (6s)
07:34:30 judge 58/70 artheadsemporium.com: qualifies (7s)
07:34:36 judge 59/70 mnclay.com: qualifies (7s)
07:34:40 judge 60/70 euclids.com: reject (4s)
07:34:54 judge 61/70 theceramicshop.com: reject (14s)
07:35:02 judge 62/70 continentalclay.com: reject (8s)
07:35:08 judge 63/70 cooterpottery.com: qualifies (5s)
07:35:12 judge 64/70 ceramics.umn.edu: reject (4s)
07:35:19 judge 65/70 en.wikipedia.org: reject (8s)
07:35:23 judge 66/70 kilnbuilders.com: reject (4s)
07:35:26 judge 67/70 flashandash.com: reject (3s)
07:35:33 judge 68/70 tsclayartgallery.com: qualifies (6s)
07:35:39 judge 69/70 lakevillemn.gov: qualifies (7s)
07:35:44 judge 70/70 theresidencyreview.com: reject (4s)
07:35:44 report: 11 qualify, 23 unclear, 78 rejected, 3 social
07:36:01 fetch: 0 places to read (115 total)
07:36:01 judge: 0 places for gemma4:latest
07:36:01 report: 11 qualify, 23 unclear, 78 rejected, 3 social
