10:59:41 search: 37 new of 37 (each costs 2 Tavily credits)
11:05:52 fetch: 117 places to read (122 total)
11:05:52 fetch: 10 read
11:05:58 fetch: 20 read
11:06:01 fetch: 30 read
11:06:07 fetch: 40 read
11:06:12 fetch: 50 read
11:06:17 fetch: 60 read
11:06:23 fetch: 70 read
11:06:27 fetch: 80 read
11:06:30 fetch: 90 read
11:06:33 fetch: 100 read
11:06:38 fetch: 110 read
11:06:46 judge: 49 places for gemma4:latest
11:07:23 judge 1/49 belgerarts.org: qualifies (36s)
11:07:40 judge 2/49 backdoorpottery.com: qualifies (18s)
11:07:52 judge 3/49 ceramicinfospot.com: reject (12s)
11:08:00 judge 4/49 canvas.kirklandartscenter.org: reject (8s)
11:08:08 judge 5/49 kcclayguild.wildapricot.org: qualifies (8s)
11:08:19 judge 6/49 kcclayguild.org: qualifies (11s)
11:08:26 judge 7/49 willieggerman.com: reject (7s)
11:08:39 judge 8/49 munson.art: qualifies (13s)
11:08:47 judge 9/49 potterywithapurpose.com: reject (8s)
11:08:56 judge 10/49 artskcgo.com: qualifies (9s)
11:09:08 judge 11/49 fireandmuckpottery.com: qualifies (12s)
11:09:14 judge 12/49 classcentral.com: reject (7s)
11:09:21 judge 13/49 community.ceramicartsdaily.org: reject (6s)
11:09:39 judge 14/49 clay-king.com: reject (19s)
11:09:46 judge 15/49 euclids.com: reject (6s)
11:09:52 judge 16/49 kilnfrog.com: reject (6s)
11:09:58 judge 17/49 heattreatnow.com: reject (6s)
11:10:06 judge 18/49 cursist-courses.com: reject (8s)
11:10:13 judge 19/49 flashandash.com: reject (7s)
11:10:21 judge 20/49 wildwoodgreenarts.org: qualifies (8s)
11:10:29 judge 21/49 kruegerpottery.com: unclear (8s)
11:10:38 judge 22/49 luraystudio.com: qualifies (9s)
11:11:00 judge 23/49 southbroadwayartproject.org: qualifies (22s)
11:11:17 judge 24/49 kilnfire.com: reject (16s)
11:11:27 judge 25/49 clayandkilnstudio.com: reject (11s)
11:11:36 judge 26/49 placesformakers.com: reject (8s)
11:11:43 judge 27/49 kcur.org: reject (8s)
11:12:00 judge 28/49 houseofclaykc.com: qualifies (17s)
11:12:17 judge 29/49 mudroomstudio.com: qualifies (17s)
11:12:26 judge 30/49 schoolofservice.org: reject (8s)
11:12:38 judge 31/49 findglocal.com: qualifies (12s)
11:12:50 judge 32/49 springfieldpottery.com: qualifies (12s)
11:13:01 judge 33/49 square.site: qualifies (12s)
11:13:07 judge 34/49 firehousepottery.com: reject (6s)
11:13:17 judge 35/49 artistreepottery.com: qualifies (10s)
11:13:23 judge 36/49 ceramicaclay.com: qualifies (6s)
11:13:31 judge 37/49 my.ceramicmaterialsworkshop.com: unclear (8s)
11:13:42 judge 38/49 visitvillagepottery.com: qualifies (11s)
11:13:48 judge 39/49 mitchyung.com: reject (7s)
11:13:55 judge 40/49 themarksproject.org: reject (7s)
11:14:00 judge 41/49 claykilncollective.kilnfire.com: reject (5s)
11:14:04 judge 42/49 sheffield-pottery.com: reject (4s)
11:14:08 judge 43/49 glazequeen.com: reject (4s)
11:14:15 judge 44/49 mapquest.com: reject (7s)
11:14:20 judge 45/49 visualstudies.missouri.edu: reject (5s)
11:14:38 judge 46/49 kilnshare.com: reject (18s)
11:14:48 judge 47/49 mssu.edu: qualifies (10s)
11:14:58 judge 48/49 en.wikipedia.org: reject (11s)
11:15:10 judge 49/49 cassvilleanagama.com: reject (11s)
11:15:10 report: 8 qualify, 13 unclear, 96 rejected, 5 social
