12:29:20 search: 34 new of 34 (each costs 2 Tavily credits)
12:34:40 fetch: 118 places to read (122 total)
12:34:47 fetch: 10 read
12:34:53 fetch: 20 read
12:34:58 fetch: 30 read
12:35:05 fetch: 40 read
12:35:11 fetch: 50 read
12:35:16 fetch: 60 read
12:35:22 fetch: 70 read
12:35:28 fetch: 80 read
12:35:33 fetch: 90 read
12:35:37 fetch: 100 read
12:35:44 fetch: 110 read
12:36:15 judge: 55 places for gemma4:latest
12:36:54 judge 1/55 fireundertheoaks.com: qualifies (39s)
12:37:09 judge 2/55 community.ceramicartsdaily.org: qualifies (15s)
12:37:17 judge 3/55 julietbravopottery.com: qualifies (8s)
12:37:33 judge 4/55 ceramicinfospot.com: reject (16s)
12:37:40 judge 5/55 canvas.kirklandartscenter.org: reject (7s)
12:37:47 judge 6/55 workingtheflame.com: reject (7s)
12:37:57 judge 7/55 georgeohr.org: qualifies (10s)
12:38:04 judge 8/55 conebluepottery.com: reject (6s)
12:38:24 judge 9/55 digitalfire.com: reject (20s)
12:38:36 judge 10/55 plasketpottery.com: reject (12s)
12:38:56 judge 11/55 clay-king.com: reject (19s)
12:39:03 judge 12/55 potterywithapurpose.com: reject (7s)
12:39:09 judge 13/55 kilnfrog.com: reject (6s)
12:39:15 judge 14/55 euclids.com: reject (6s)
12:39:20 judge 15/55 jenkenkilns.com: reject (6s)
12:39:27 judge 16/55 cursist-courses.com: reject (6s)
12:39:44 judge 17/55 thepotterywheel.com: reject (17s)
12:40:02 judge 18/55 kilnshare.com: reject (19s)
12:40:23 judge 19/55 theceramicshop.com: reject (20s)
12:40:29 judge 20/55 heattreatnow.com: reject (6s)
12:40:38 judge 21/55 neris.fsri.org: reject (9s)
12:40:47 judge 22/55 localgovs.com: reject (10s)
12:40:52 judge 23/55 chamberofcommerce.com: reject (5s)
12:40:57 judge 24/55 fox8live.com: reject (4s)
12:41:08 judge 25/55 kilnutility.com: reject (11s)
12:41:19 judge 26/55 downtown-jackson.com: qualifies (11s)
12:41:26 judge 27/55 kapotterystudio.com: reject (7s)
12:41:40 judge 28/55 fatcatartcafe.com: qualifies (14s)
12:41:51 judge 29/55 clayandkilnstudio.com: reject (11s)
12:41:59 judge 30/55 mshclay.com: qualifies (8s)
12:42:09 judge 31/55 msmuseumart.org: qualifies (10s)
12:42:23 judge 32/55 communitypottery.org: reject (13s)
12:42:31 judge 33/55 burnoutpotterystudio.com: reject (8s)
12:42:37 judge 34/55 potterylist.com: reject (6s)
12:42:45 judge 35/55 oxfordkilns.com: qualifies (8s)
12:42:56 judge 36/55 createacraftos.com: reject (11s)
12:43:13 judge 37/55 mississippifreepress.org: reject (17s)
12:43:21 judge 38/55 my.ceramicmaterialsworkshop.com: reject (9s)
12:43:28 judge 39/55 findglocal.com: qualifies (7s)
12:43:37 judge 40/55 pailofpaintpyop.com: reject (8s)
12:43:45 judge 41/55 mainstreetco.us: qualifies (8s)
12:43:56 judge 42/55 hattiesburgms.com: qualifies (11s)
12:44:06 judge 43/55 dogwoodceramics.com: qualifies (10s)
12:44:11 judge 44/55 sheffield-pottery.com: reject (4s)
12:44:15 judge 45/55 mclendonpottery.com: reject (4s)
12:44:21 judge 46/55 mississippiencyclopedia.org: reject (6s)
12:44:29 judge 47/55 crownandpumpkin.com: qualifies (8s)
12:44:41 judge 48/55 olemiss.edu: qualifies (12s)
12:44:48 judge 49/55 hindscc.edu: reject (7s)
12:44:55 judge 50/55 placesformakers.com: reject (6s)
12:45:06 judge 51/55 en.wikipedia.org: reject (11s)
12:45:17 judge 52/55 cassvilleanagama.com: reject (11s)
12:45:22 judge 53/55 eastcreekart.org: reject (5s)
12:45:28 judge 54/55 mississippimudstudio.com: reject (6s)
12:45:43 judge 55/55 ceramicsfieldguide.org: reject (15s)
12:45:44 report: 1 qualify, 14 unclear, 103 rejected, 4 social
