09:44:48 search: 37 new of 37 (each costs 2 Tavily credits)
09:51:24 fetch: 127 places to read (131 total)
09:51:26 fetch: 10 read
09:51:31 fetch: 20 read
09:51:34 fetch: 30 read
09:51:43 fetch: 40 read
09:51:50 fetch: 50 read
09:51:55 fetch: 60 read
09:52:00 fetch: 70 read
09:52:07 fetch: 80 read
09:52:10 fetch: 90 read
09:52:15 fetch: 100 read
09:52:18 fetch: 110 read
09:52:23 fetch: 120 read
09:52:30 judge: 69 places for gemma4:latest
09:52:52 judge 1/69 themakingplacemt.com: qualifies (22s)
09:53:17 judge 2/69 montanaharvestmoon.com: qualifies (25s)
09:53:57 judge 3/69 moabsunnews.com: reject (40s)
09:54:18 judge 4/69 airbnb.com.mt: reject (21s)
09:54:40 judge 5/69 theclaystudioofmissoula.org: qualifies (22s)
09:55:03 judge 6/69 missoulaevents.com: qualifies (23s)
09:55:25 judge 7/69 whitefishpottery.com: unclear (22s)
09:55:47 judge 8/69 ceramicinfospot.com: reject (22s)
09:56:23 judge 9/69 archiebray.org: qualifies (36s)
09:56:53 judge 10/69 canvas.kirklandartscenter.org: reject (29s)
09:57:20 judge 11/69 workroommontana.com: unclear (28s)
09:57:46 judge 12/69 stumptownartstudio.org: qualifies (26s)
09:58:19 judge 13/69 tinworksart.org: qualifies (33s)
09:58:52 judge 14/69 bckstudio.com: qualifies (32s)
09:59:28 judge 15/69 teachinart.com: qualifies (36s)
09:59:59 judge 16/69 dnrc.mt.gov: reject (31s)
10:00:21 judge 17/69 classcentral.com: reject (22s)
10:01:04 judge 18/69 potterystarter.com: reject (44s)
10:01:27 judge 19/69 potterywithapurpose.com: reject (22s)
10:02:06 judge 20/69 clay-king.com: reject (39s)
10:02:26 judge 21/69 kilnfrog.com: reject (20s)
10:03:13 judge 22/69 euclids.com: reject (47s)
10:04:05 judge 23/69 kilnshare.com: reject (52s)
10:04:31 judge 24/69 cursist-courses.com: reject (26s)
10:04:57 judge 25/69 clayartspace.com: reject (26s)
10:05:22 judge 26/69 missoulaevents.net: qualifies (25s)
10:06:18 judge 27/69 staging.destinationmissoula.org: qualifies (56s)
10:06:47 judge 28/69 potterylist.com: unclear (29s)
10:07:15 judge 29/69 destinationmissoula.org: qualifies (28s)
10:08:03 judge 30/69 theclaystudioofmissoula.app.neoncrm.com: qualifies (48s)
10:08:27 judge 31/69 throwceramics.com: reject (24s)
10:08:55 judge 32/69 artsmissoula.org: qualifies (28s)
10:09:24 judge 33/69 clayartsguildofhelena.com: qualifies (29s)
10:09:42 judge 34/69 ebay.com: reject (18s)
10:10:29 judge 35/69 montanaclaytour.com: unclear (47s)
10:10:52 judge 36/69 montanaclay.org: qualifies (23s)
10:11:24 judge 37/69 thepotteryden.com: qualifies (32s)
10:11:58 judge 38/69 freighttrainceramics.com: qualifies (34s)
10:12:34 judge 39/69 northridgeceramics.com: reject (36s)
10:13:05 judge 40/69 kilnfire.com: reject (31s)
10:13:24 judge 41/69 bozemanclayatelier.com: reject (19s)
10:13:48 judge 42/69 my.ceramicmaterialsworkshop.com: unclear (24s)
10:14:08 judge 43/69 fireholepottery.com: reject (20s)
10:14:32 judge 44/69 msubillings.edu: qualifies (24s)
10:14:54 judge 45/69 billingspottery.com: qualifies (23s)
10:15:21 judge 46/69 hiddenmt.com: reject (27s)
10:15:56 judge 47/69 artescaperetreat.com: qualifies (35s)
10:16:25 judge 48/69 dailyinterlake.com: qualifies (29s)
10:16:48 judge 49/69 montanamodernfineart.com: reject (23s)
10:17:17 judge 50/69 clayandkilnstudio.com: reject (29s)
10:17:44 judge 51/69 joannagriffinpottery.com: reject (26s)
10:18:04 judge 52/69 greatfallsstudios.com: reject (21s)
10:18:29 judge 53/69 the-square.org: qualifies (25s)
10:18:47 judge 54/69 greatwheelstudio.kilnfire.com: qualifies (18s)
10:19:09 judge 55/69 brushcrazy.com: qualifies (21s)
10:19:32 judge 56/69 burnoutpotterystudio.com: reject (23s)
10:19:52 judge 57/69 explorewhitefish.com: qualifies (21s)
10:20:17 judge 58/69 flatheadevents.net: qualifies (25s)
10:20:41 judge 59/69 digitalfire.com: reject (24s)
10:21:09 judge 60/69 community.ceramicartsdaily.org: reject (28s)
10:21:32 judge 61/69 glazequeen.com: reject (22s)
10:22:01 judge 62/69 sheffield-pottery.com: reject (30s)
10:22:30 judge 63/69 art.montana.edu: reject (28s)
10:22:52 judge 64/69 en.wikipedia.org: reject (22s)
10:23:18 judge 65/69 missoulian.com: qualifies (27s)
10:23:48 judge 66/69 jerrybaldwinceramics.com: qualifies (30s)
10:24:13 judge 67/69 warehomestudios.com: qualifies (25s)
10:24:29 judge 68/69 rakumn.com: reject (16s)
10:24:51 judge 69/69 redlodgeclaycenter.com: reject (22s)
10:24:51 report: 7 qualify, 28 unclear, 92 rejected, 4 social
