07:25:33 search: 33 new of 33 (each costs 2 Tavily credits)
07:26:07 search failed Penland North Carolina clay studio kiln firing workshop fetch failed
07:26:17 search failed Raleigh North Carolina clay studio kiln firing workshop fetch failed
07:26:28 search failed raku or wood firing pottery studio Greensboro NC fetch failed
07:26:38 search failed Greensboro North Carolina clay studio kiln firing workshop fetch failed
07:26:38 search failed pottery supply store raku firing North Carolina fetch failed
07:26:49 search failed potters guild wood firing North Carolina fetch failed
07:26:49 search failed raku party book a private firing North Carolina fetch failed
07:26:57 fetch: 120 places to read (125 total)
07:27:02 fetch: 10 read
07:27:04 fetch: 20 read
07:27:06 fetch: 30 read
07:27:09 fetch: 40 read
07:27:12 fetch: 50 read
07:27:18 fetch: 60 read
07:27:19 fetch: 70 read
07:27:27 fetch: 80 read
07:27:28 fetch: 90 read
07:27:30 fetch: 100 read
07:27:34 fetch: 110 read
07:27:39 fetch: 120 read
07:27:39 judge: 96 places for gemma4:latest
07:28:05 judge 1/96 paseopottery.com: qualifies (26s)
07:28:27 judge 2/96 clayplayarts.com: qualifies (22s)
07:28:42 judge 3/96 higherfirestudios.com: reject (14s)
07:29:00 judge 4/96 starworksnc.org: qualifies (18s)
07:29:17 judge 5/96 laimaceramics.com: qualifies (17s)
07:29:51 judge 6/96 ncclayclub.blogspot.com: qualifies (33s)
07:30:17 judge 7/96 dougdotsonpottery.com: qualifies (26s)
07:30:29 judge 8/96 gertrudegrahamsmith.com: qualifies (12s)
07:30:49 judge 9/96 thebascom.org: qualifies (20s)
07:31:07 judge 10/96 theclaylady.com: qualifies (18s)
07:31:44 judge 11/96 ceramicartsnetwork.org: qualifies (37s)
07:32:03 judge 12/96 core77.com: reject (19s)
07:32:17 judge 13/96 noahwoodfired.com: reject (14s)
07:32:31 judge 14/96 nica-ceramic-art.myshopify.com: qualifies (14s)
07:32:53 judge 15/96 jcgep.org: qualifies (21s)
07:33:16 judge 16/96 clayworksinc.org: qualifies (23s)
07:33:43 judge 17/96 risingsunpottery.com: qualifies (27s)
07:33:57 judge 18/96 activekids.com: qualifies (14s)
07:34:14 judge 19/96 generationscenter.org: qualifies (17s)
07:34:28 judge 20/96 charlottepotterystudio.com: qualifies (14s)
07:34:45 judge 21/96 cedaroakfarmpottery.com: qualifies (17s)
07:34:54 judge 22/96 ceramicasupply.com: reject (9s)
07:35:18 judge 23/96 fatcatpottery.com: qualifies (24s)
07:35:39 judge 24/96 turningearth.org: reject (21s)
07:35:59 judge 25/96 cantonclayworks.com: qualifies (21s)
07:36:21 judge 26/96 benowenpottery.com: qualifies (22s)
07:36:36 judge 27/96 taoofclay.com: qualifies (15s)
07:36:48 judge 28/96 lemoyne.org: qualifies (12s)
07:37:01 judge 29/96 reg121.imperisoft.com: reject (13s)
07:37:21 judge 30/96 familyvacationsus.com: qualifies (20s)
07:37:32 judge 31/96 exploreasheville.com: qualifies (11s)
07:37:45 judge 32/96 middletonclayproject.com: qualifies (13s)
07:37:55 judge 33/96 avlclay.com: qualifies (11s)
07:38:11 judge 34/96 ratcitystudios.com: reject (15s)
07:38:31 judge 35/96 kilnfolkclay.com: reject (20s)
07:38:54 judge 36/96 site.corsizio.com: qualifies (23s)
07:39:05 judge 37/96 theclaypotpottery.com: qualifies (12s)
07:39:17 judge 38/96 discoverseagrove.com: qualifies (12s)
07:39:26 judge 39/96 jeffbrownpottery.com: qualifies (8s)
07:39:34 judge 40/96 visitnc.com: reject (8s)
07:39:45 judge 41/96 heartofnorthcarolina.com: qualifies (11s)
07:39:57 judge 42/96 dailyyonder.com: qualifies (12s)
07:40:10 judge 43/96 folkschool.org: qualifies (13s)
07:40:16 judge 44/96 woodfirenc.com: qualifies (6s)
07:40:25 judge 45/96 craftcouncil.org: reject (9s)
07:40:32 judge 46/96 csbsju.edu: reject (7s)
07:40:36 judge 47/96 shawnirelandpottery.com: reject (4s)
07:40:46 judge 48/96 smokeinthemountainspottery.com: qualifies (9s)
07:40:53 judge 49/96 clayatlas.com: qualifies (8s)
07:41:01 judge 50/96 connect.artsavl.org: qualifies (7s)
07:41:08 judge 51/96 battonclayworks.com: reject (7s)
07:41:18 judge 52/96 odysseyclayworks.com: qualifies (10s)
07:41:26 judge 53/96 thevillagepotters.com: qualifies (8s)
07:41:33 judge 54/96 fireflyvalleydesign.com: qualifies (7s)
07:41:44 judge 55/96 penland.org: qualifies (11s)
07:41:54 judge 56/96 studiotouya.com: qualifies (10s)
07:42:03 judge 57/96 clayboro.com: qualifies (9s)
07:42:09 judge 58/96 ncpotterycenter.org: qualifies (7s)
07:42:29 judge 59/96 thetrianglestudio.com: qualifies (19s)
07:42:54 judge 60/96 fromthegrounduppots.com: qualifies (25s)
07:43:05 judge 61/96 pascapottery.com: qualifies (11s)
07:43:14 judge 62/96 potteryteachers.com: qualifies (9s)
07:43:35 judge 63/96 alexadamsclaywork.com: qualifies (21s)
07:43:52 judge 64/96 natalieboorman.com: qualifies (16s)
07:44:12 judge 65/96 delorespottery.corsizio.com: qualifies (21s)
07:44:34 judge 66/96 thepathbesttraveled.com: qualifies (22s)
07:44:53 judge 67/96 findapotteryclass.com: qualifies (19s)
07:45:14 judge 68/96 puppersgrovepottery.com: qualifies (21s)
07:45:46 judge 69/96 kilnfire.com: reject (32s)
07:46:00 judge 70/96 untoday.org: reject (14s)
07:46:10 judge 71/96 durhamarts.org: reject (9s)
07:46:31 judge 72/96 thetriangleweekender.com: qualifies (21s)
07:46:42 judge 73/96 claymakers.org: unclear (11s)
07:46:57 judge 74/96 salishseaceramicstudio.com: qualifies (15s)
07:47:08 judge 75/96 liveauctioneers.com: reject (11s)
07:47:29 judge 76/96 maudandmabel.com: reject (21s)
07:47:48 judge 77/96 smallhandsbigart.com: reject (19s)
07:48:04 judge 78/96 lhkclaystudio.com: reject (16s)
07:48:19 judge 79/96 starnewsonline.com: qualifies (14s)
07:48:33 judge 80/96 saltyceramics.com: reject (15s)
07:48:53 judge 81/96 thepaintedgnome.com: reject (19s)
07:49:09 judge 82/96 mintzceramics.com: qualifies (16s)
07:49:28 judge 83/96 delawaretoday.com: reject (19s)
07:49:41 judge 84/96 orangestreetpottery.com: reject (13s)
07:49:58 judge 85/96 alittletwistedpottery.com: qualifies (17s)
07:50:26 judge 86/96 podielski.com: qualifies (28s)
07:50:51 judge 87/96 kingstonceramicsstudio.com: qualifies (24s)
07:51:09 judge 88/96 pexels.com: reject (18s)
07:51:34 judge 89/96 sawtooth.org: qualifies (25s)
07:51:49 judge 90/96 chapelhillnc.gov: reject (15s)
07:52:08 judge 91/96 haywood.edu: qualifies (19s)
07:52:38 judge 92/96 southwesterncc.edu: qualifies (29s)
07:53:01 judge 93/96 en.wikipedia.org: reject (23s)
07:53:26 judge 94/96 josephsandpottery.com: qualifies (25s)
07:53:46 judge 95/96 guelmann.com: qualifies (20s)
07:54:03 judge 96/96 figurativeceramics.org: reject (17s)
07:54:03 report: 32 qualify, 36 unclear, 52 rejected, 5 social
