14:00:16 search: 31 new of 31 (each costs 2 Tavily credits)
14:06:04 fetch: 116 places to read (120 total)
14:06:10 fetch: 10 read
14:06:13 fetch: 20 read
14:06:18 fetch: 30 read
14:06:31 fetch: 40 read
14:06:37 fetch: 50 read
14:06:42 fetch: 60 read
14:06:46 fetch: 70 read
14:06:53 fetch: 80 read
14:06:59 fetch: 90 read
14:07:01 fetch: 100 read
14:07:07 fetch: 110 read
14:07:13 judge: 50 places for gemma4:latest
14:07:37 judge 1/50 dakotapotters.com: qualifies (24s)
14:07:46 judge 2/50 en.wikipedia.org: reject (9s)
14:07:56 judge 3/50 ceramicinfospot.com: reject (10s)
14:08:00 judge 4/50 thomasfossier.com: reject (4s)
14:08:06 judge 5/50 canvas.kirklandartscenter.org: reject (5s)
14:08:13 judge 6/50 lisayorkarts.com: qualifies (8s)
14:08:17 judge 7/50 willieggerman.com: reject (4s)
14:08:22 judge 8/50 pitfire.com: reject (4s)
14:08:26 judge 9/50 nwcg.gov: reject (4s)
14:08:30 judge 10/50 classcentral.com: reject (5s)
14:08:36 judge 11/50 dmr.nd.gov: reject (5s)
14:08:40 judge 12/50 potterywithapurpose.com: reject (4s)
14:08:43 judge 13/50 kilnfrog.com: reject (4s)
14:08:47 judge 14/50 euclids.com: reject (4s)
14:08:59 judge 15/50 kilnshare.com: reject (12s)
14:09:03 judge 16/50 heattreatnow.com: reject (4s)
14:09:08 judge 17/50 cursist-courses.com: reject (5s)
14:09:20 judge 18/50 inforum.com: qualifies (11s)
14:09:32 judge 19/50 ilovetheburg.com: qualifies (12s)
14:09:38 judge 20/50 dailywise.com: reject (7s)
14:09:44 judge 21/50 risingdawnceramics.com: unclear (6s)
14:09:48 judge 22/50 clayyourway.com: reject (4s)
14:09:55 judge 23/50 wfparks.org: reject (7s)
14:10:00 judge 24/50 ndsu.edu: reject (6s)
14:10:08 judge 25/50 clayandkilnstudio.com: reject (7s)
14:10:15 judge 26/50 communitypottery.org: reject (8s)
14:10:24 judge 27/50 bismarckstate.edu: qualifies (9s)
14:10:28 judge 28/50 burnoutpotterystudio.com: reject (4s)
14:10:34 judge 29/50 visitgrandforks.com: unclear (6s)
14:10:41 judge 30/50 ndtourism.com: qualifies (7s)
14:10:47 judge 31/50 my.ceramicmaterialsworkshop.com: unclear (6s)
14:10:54 judge 32/50 minotstateu.edu: qualifies (7s)
14:11:09 judge 33/50 roundupweb.com: qualifies (15s)
14:11:26 judge 34/50 minotdailynews.com: qualifies (17s)
14:11:34 judge 35/50 visitminot.org: reject (8s)
14:11:41 judge 36/50 misu.nodak.edu: unclear (8s)
14:11:54 judge 37/50 newsbreak.com: qualifies (13s)
14:12:02 judge 38/50 livingkilnpotterystudio.com: reject (8s)
14:12:08 judge 39/50 livingkilnstudio.kilnfire.com: reject (6s)
14:12:14 judge 40/50 community.ceramicartsdaily.org: reject (6s)
14:12:20 judge 41/50 nowwhatpotteryworks.com: reject (6s)
14:12:26 judge 42/50 prokilnsupply.com: reject (6s)
14:12:31 judge 43/50 sheffield-pottery.com: reject (6s)
14:12:43 judge 44/50 aardvarkclay.com: reject (12s)
14:12:58 judge 45/50 arts-sciences.und.edu: qualifies (15s)
14:13:04 judge 46/50 campusreel.org: reject (6s)
14:13:17 judge 47/50 cassvilleanagama.com: reject (13s)
14:13:34 judge 48/50 scottpots.com: reject (16s)
14:13:44 judge 49/50 communitycreativecenter.org: reject (11s)
14:13:54 judge 50/50 theresidencyreview.com: reject (9s)
14:13:54 report: 3 qualify, 12 unclear, 101 rejected, 4 social
