11:28:37 search: 34 new of 34 (each costs 2 Tavily credits)
11:34:43 fetch: 106 places to read (113 total)
11:34:52 fetch: 10 read
11:34:57 fetch: 20 read
11:34:59 fetch: 30 read
11:35:03 fetch: 40 read
11:35:09 fetch: 50 read
11:35:18 fetch: 60 read
11:35:22 fetch: 70 read
11:35:25 fetch: 80 read
11:35:27 fetch: 90 read
11:35:33 fetch: 100 read
11:35:42 judge: 39 places for gemma4:latest
11:36:19 judge 1/39 omahapotterystudio.com: qualifies (38s)
11:36:29 judge 2/39 makittakit.com: qualifies (10s)
11:36:42 judge 3/39 bonecreek.org: qualifies (13s)
11:36:57 judge 4/39 en.wikipedia.org: reject (15s)
11:37:08 judge 5/39 bigtablestudios.com: qualifies (10s)
11:37:22 judge 6/39 ceramicinfospot.com: reject (14s)
11:37:29 judge 7/39 canvas.kirklandartscenter.org: reject (7s)
11:37:35 judge 8/39 willieggerman.com: reject (6s)
11:37:43 judge 9/39 saydosay.com: reject (8s)
11:37:54 judge 10/39 truepottery.com: qualifies (11s)
11:38:06 judge 11/39 kilnfire.com: reject (12s)
11:38:14 judge 12/39 artscouncil.nebraska.gov: qualifies (8s)
11:38:21 judge 13/39 pitfire.com: reject (7s)
11:38:34 judge 14/39 nebraskasfmtd.ne.gov: reject (13s)
11:38:41 judge 15/39 glaserceramics.com: reject (8s)
11:38:49 judge 16/39 potterywithapurpose.com: reject (7s)
11:39:07 judge 17/39 clay-king.com: reject (18s)
11:39:12 judge 18/39 kilnfrog.com: reject (6s)
11:39:19 judge 19/39 euclids.com: reject (6s)
11:39:26 judge 20/39 cursist-courses.com: reject (7s)
11:39:37 judge 21/39 omahaclayworks.com: qualifies (11s)
11:39:47 judge 22/39 my.ceramicmaterialsworkshop.com: unclear (10s)
11:40:01 judge 23/39 luxcenter.org: reject (14s)
11:40:10 judge 24/39 lincoln.org: qualifies (9s)
11:40:16 judge 25/39 placesformakers.com: reject (6s)
11:40:25 judge 26/39 lincolncity-culturalcenter.org: qualifies (9s)
11:40:35 judge 27/39 clayandkilnstudio.com: reject (10s)
11:40:43 judge 28/39 islandpotterystudio.com: reject (9s)
11:40:51 judge 29/39 cendeavorsnw.com: reject (7s)
11:41:00 judge 30/39 elodiesoddities.com: reject (9s)
11:41:06 judge 31/39 sheffield-pottery.com: reject (6s)
11:41:13 judge 32/39 goodearthclays.com: reject (7s)
11:41:19 judge 33/39 psh.ca: reject (5s)
11:41:31 judge 34/39 aardvarkclay.com: reject (12s)
11:41:37 judge 35/39 flashandash.com: reject (6s)
11:41:47 judge 36/39 mycatalog.mccneb.edu: reject (10s)
11:42:00 judge 37/39 cassvilleanagama.com: reject (13s)
11:42:10 judge 38/39 schoolofservice.org: reject (10s)
11:42:15 judge 39/39 morningceramics.com: reject (6s)
11:42:15 report: 6 qualify, 4 unclear, 96 rejected, 7 social
