08:03:13 search: 37 new of 37 (each costs 2 Tavily credits)
08:10:19 fetch: 116 places to read (120 total)
08:10:20 fetch: 10 read
08:10:27 fetch: 20 read
08:10:31 fetch: 30 read
08:10:39 fetch: 40 read
08:10:46 fetch: 50 read
08:10:49 fetch: 60 read
08:10:55 fetch: 70 read
08:10:59 fetch: 80 read
08:11:04 fetch: 90 read
08:11:11 fetch: 100 read
08:11:16 fetch: 110 read
09:16:35 fetch: 0 places to read (120 total)
09:16:35 judge: 51 places for gemma4:latest
09:16:53 judge 1/51 timisaacpottery.com: qualifies (18s)
09:17:06 judge 2/51 canvas.snowfarm.org: qualifies (13s)
09:17:18 judge 3/51 nhpottersguild.org: qualifies (12s)
09:17:50 judge 4/51 newenglandwfc.com: qualifies (32s)
09:18:07 judge 5/51 canvas.artscenterlive.org: qualifies (17s)
09:18:21 judge 6/51 550arts.com: reject (14s)
09:18:32 judge 7/51 fireflypotterynh.com: unclear (11s)
09:18:46 judge 8/51 couchsurfing.com: qualifies (14s)
09:18:59 judge 9/51 rootedinclay.com: qualifies (13s)
09:19:11 judge 10/51 firedonthemountain.com: reject (12s)
09:19:19 judge 11/51 bookwhen.com: reject (9s)
09:19:41 judge 12/51 mesquitefineartscenter.com: qualifies (22s)
09:19:51 judge 13/51 bostonkiln.com: reject (10s)
09:20:20 judge 14/51 pottersshop.com: reject (29s)
09:20:30 judge 15/51 potterywithapurpose.com: reject (10s)
09:20:51 judge 16/51 mail.bostonkiln.com: reject (21s)
09:21:09 judge 17/51 kilnfire.com: reject (18s)
09:21:20 judge 18/51 mudworksnh.com: reject (11s)
09:21:48 judge 19/51 digitalfire.com: reject (28s)
09:22:23 judge 20/51 blackolivepottery.com: qualifies (34s)
09:23:00 judge 21/51 newsbreak.com: qualifies (38s)
09:23:29 judge 22/51 thewheelhousenh.com: qualifies (29s)
09:23:59 judge 23/51 jonkeenan.com: qualifies (30s)
09:24:29 judge 24/51 clayandkilnstudio.com: reject (30s)
09:24:55 judge 25/51 khs.keeneschoolsnh.org: reject (25s)
09:25:19 judge 26/51 baileypottery.com: reject (25s)
09:25:44 judge 27/51 timetoclay.com: reject (24s)
09:26:23 judge 28/51 clayatlas.com: reject (40s)
09:26:54 judge 29/51 my.ceramicmaterialsworkshop.com: unclear (30s)
09:27:26 judge 30/51 ccsa.placefull.com: qualifies (32s)
09:27:57 judge 31/51 findglocal.com: reject (31s)
09:28:29 judge 32/51 potterydayz.com: reject (33s)
09:28:58 judge 33/51 gatherstudio.blogspot.com: reject (29s)
09:29:20 judge 34/51 tworiversceramics.com: reject (21s)
09:29:48 judge 35/51 maxt.pike13.com: qualifies (28s)
09:30:18 judge 36/51 burnoutpotterystudio.com: reject (30s)
09:30:40 judge 37/51 maxtmakerspace.org: qualifies (22s)
09:31:19 judge 38/51 doverpottery.studio: unclear (39s)
09:31:36 judge 39/51 shop.folkwarestudio.com: reject (17s)
09:31:51 judge 40/51 shop.app: reject (15s)
09:32:12 judge 41/51 discoverdovernh.com: reject (21s)
09:32:32 judge 42/51 dovernh.org: reject (19s)
09:32:47 judge 43/51 sheffield-pottery.com: reject (16s)
09:33:07 judge 44/51 mapquest.com: reject (20s)
09:33:37 judge 45/51 concordmonitor.com: qualifies (30s)
09:34:01 judge 46/51 en.wikipedia.org: reject (23s)
09:34:34 judge 47/51 community.ceramicartsdaily.org: reject (34s)
09:34:55 judge 48/51 artescapenh.com: qualifies (21s)
09:35:15 judge 49/51 visitmathews.com: qualifies (20s)
09:35:36 judge 50/51 nhclayproject.org: qualifies (21s)
09:36:03 judge 51/51 manchesterjournal.com: qualifies (27s)
09:36:03 report: 5 qualify, 18 unclear, 93 rejected, 4 social
