07:37:52 search: 40 new of 40 (each costs 2 Tavily credits)
07:45:41 fetch: 107 places to read (111 total)
07:45:42 fetch: 10 read
07:45:47 fetch: 20 read
07:46:02 fetch: 30 read
07:46:10 fetch: 40 read
07:46:18 fetch: 50 read
07:46:22 fetch: 60 read
07:46:30 fetch: 70 read
07:46:34 fetch: 80 read
07:46:37 fetch: 90 read
07:46:42 fetch: 100 read
08:12:14 fetch: 0 places to read (111 total)
08:12:14 judge: 60 places for gemma4:latest
08:12:26 judge 1/60 nynjceramics.com: qualifies (13s)
08:12:57 judge 2/60 jerseyclay.com: qualifies (30s)
08:13:22 judge 3/60 theclaypotpottery.com: qualifies (25s)
08:13:50 judge 4/60 burntmillpotters.com: qualifies (28s)
08:14:21 judge 5/60 artcenternj.org: qualifies (31s)
08:14:50 judge 6/60 artcenternj.augusoft.net: qualifies (29s)
08:15:16 judge 7/60 en.wikipedia.org: reject (26s)
08:15:44 judge 8/60 ceramicinfospot.com: reject (28s)
08:16:15 judge 9/60 canvas.artscenterlive.org: qualifies (32s)
08:16:44 judge 10/60 petersvalley.org: qualifies (29s)
08:17:18 judge 11/60 dwaynesackey.com: qualifies (34s)
08:17:42 judge 12/60 wootenclayworks.com: qualifies (23s)
08:18:23 judge 13/60 mudclaystudio.com: qualifies (41s)
08:19:01 judge 14/60 pottersguildnj.org: qualifies (39s)
08:19:34 judge 15/60 hunterdonartmuseum.org: qualifies (33s)
08:20:08 judge 16/60 camdencc.edu: reject (34s)
08:20:26 judge 17/60 classcentral.com: reject (18s)
08:20:51 judge 18/60 rcsj.edu: reject (25s)
08:21:10 judge 19/60 potterywithapurpose.com: reject (18s)
08:21:49 judge 20/60 theceramicshop.com: qualifies (39s)
08:22:28 judge 21/60 clay-king.com: reject (39s)
08:22:46 judge 22/60 allkilnservices.com: reject (18s)
08:23:23 judge 23/60 clayartspace.com: qualifies (37s)
08:23:40 judge 24/60 kilnfrog.com: reject (17s)
08:24:11 judge 25/60 newenglandwfc.com: qualifies (31s)
08:24:33 judge 26/60 csbsju.edu: reject (22s)
08:25:22 judge 27/60 kiln.woodlandsun.com: reject (49s)
08:25:55 judge 28/60 myfamilytravels.com: qualifies (33s)
08:26:43 judge 29/60 getpotteryclass.com: qualifies (48s)
08:27:11 judge 30/60 clayandkilnstudio.com: reject (28s)
08:27:40 judge 31/60 newarkhappening.com: qualifies (28s)
08:28:13 judge 32/60 claygroundps.com: qualifies (34s)
08:28:46 judge 33/60 communitypottery.org: reject (33s)
08:29:06 judge 34/60 atacamaclaystudio.com: unclear (20s)
08:29:40 judge 35/60 njea.org: reject (34s)
08:30:14 judge 36/60 indistudio.net: qualifies (34s)
08:30:45 judge 37/60 community.ceramicartsdaily.org: reject (31s)
08:31:19 judge 38/60 plimton.com: reject (34s)
08:31:48 judge 39/60 princeton.colormemine.com: reject (30s)
08:32:12 judge 40/60 studiomontclair.org: unclear (24s)
08:32:42 judge 41/60 montclairartmuseum.org: qualifies (30s)
08:33:16 judge 42/60 themontclairgirl.com: reject (34s)
08:33:47 judge 43/60 tcapnj.org: unclear (31s)
08:34:14 judge 44/60 katiesclaystudio.com: reject (27s)
08:34:37 judge 45/60 nextdoor.com: qualifies (23s)
08:35:07 judge 46/60 apclay.com: qualifies (30s)
08:35:37 judge 47/60 my.ceramicmaterialsworkshop.com: qualifies (30s)
08:36:04 judge 48/60 cherryhillpotters.org: reject (27s)
08:36:33 judge 49/60 hugsceramics.com: reject (29s)
08:37:02 judge 50/60 patch.com: qualifies (29s)
08:37:26 judge 51/60 arrowheadart.org: reject (24s)
08:37:56 judge 52/60 stonehillpotteryshop.com: qualifies (30s)
08:38:25 judge 53/60 visitsomersetnj.org: qualifies (29s)
08:38:56 judge 54/60 mapquest.com: reject (31s)
08:39:15 judge 55/60 sheffield-pottery.com: reject (19s)
08:39:40 judge 56/60 thepottersguild.com: reject (25s)
08:40:12 judge 57/60 scottpots.com: reject (32s)
08:40:51 judge 58/60 katsutaroukikuchi.com: reject (39s)
08:41:15 judge 59/60 jerrylue.com: reject (24s)
08:41:37 judge 60/60 pocosinarts.org: qualifies (23s)
08:41:37 report: 7 qualify, 25 unclear, 75 rejected, 4 social
