13:48:09 search: 31 new of 31 (each costs 2 Tavily credits)
13:49:11 fetch: 123 places to read (130 total)
13:49:13 fetch: 10 read
13:49:20 fetch: 20 read
13:49:25 fetch: 30 read
13:49:29 fetch: 40 read
13:49:33 fetch: 50 read
13:49:36 fetch: 60 read
13:49:39 fetch: 70 read
13:49:44 fetch: 80 read
13:49:51 fetch: 90 read
13:49:54 fetch: 100 read
13:50:00 fetch: 110 read
13:50:07 fetch: 120 read
13:50:15 judge: 77 places for gemma4:latest
13:50:48 judge 1/77 paseopottery.com: qualifies (34s)
13:51:07 judge 2/77 nmclay.com: qualifies (19s)
13:51:23 judge 3/77 shelbyprindaville.com: qualifies (15s)
13:51:34 judge 4/77 community.ceramicartsdaily.org: reject (11s)
13:51:51 judge 5/77 eastcreekart.org: reject (18s)
13:52:07 judge 6/77 groundworksartlab.org: qualifies (15s)
13:52:23 judge 7/77 numberanalytics.com: reject (16s)
13:52:44 judge 8/77 museumfoundation.org: qualifies (21s)
13:53:04 judge 9/77 newmexicomagazine.org: qualifies (20s)
13:53:21 judge 10/77 santafeselection.com: qualifies (17s)
13:53:38 judge 11/77 ceramicreview.com: reject (16s)
13:54:09 judge 12/77 cantonclayworks.com: qualifies (31s)
13:54:23 judge 13/77 en.ceramic.school: reject (14s)
13:54:40 judge 14/77 oldschoolclayandceramics.com: qualifies (17s)
13:54:57 judge 15/77 classcentral.com: reject (18s)
13:55:16 judge 16/77 artdepartment.nmsu.edu: reject (18s)
13:55:35 judge 17/77 rottenstonegallery.com: qualifies (20s)
13:55:59 judge 18/77 okeeffemuseum.org: qualifies (24s)
13:56:08 judge 19/77 nmhistoricsites.org: reject (8s)
13:56:23 judge 20/77 nmpotters.org: qualifies (16s)
13:56:40 judge 21/77 otakipotteryclub.org: reject (17s)
13:56:58 judge 22/77 taoofclay.com: qualifies (17s)
13:57:16 judge 23/77 claycrocks.com: reject (19s)
13:57:25 judge 24/77 val-g.blogspot.com: reject (8s)
13:57:46 judge 25/77 fusenm.wordpress.com: qualifies (22s)
13:58:05 judge 26/77 makesantafe.org: qualifies (19s)
13:58:22 judge 27/77 ceramicaabq.com: qualifies (16s)
13:58:44 judge 28/77 alexadamsclaywork.com: qualifies (23s)
13:58:57 judge 29/77 untoday.org: reject (13s)
13:59:13 judge 30/77 creativitywarehouse.com: qualifies (16s)
13:59:34 judge 31/77 kilnfire.com: reject (21s)
13:59:55 judge 32/77 brooklynclayindustries.com: reject (21s)
14:00:08 judge 33/77 kilnitnm.com: reject (13s)
14:00:29 judge 34/77 craftstudio.unm.edu: reject (21s)
14:00:48 judge 35/77 coyoteclay.com: qualifies (19s)
14:01:00 judge 36/77 mapquest.com: qualifies (13s)
14:01:14 judge 37/77 feverup.com: qualifies (14s)
14:01:31 judge 38/77 greenriverpottery.com: qualifies (17s)
14:01:45 judge 39/77 mud-on-main.com: reject (14s)
14:01:55 judge 40/77 cone10studios.blogspot.com: reject (10s)
14:02:08 judge 41/77 gasworksnyc.com: reject (12s)
14:02:30 judge 42/77 conezeroceramics.com: qualifies (23s)
14:02:57 judge 43/77 taosceramics.com: qualifies (27s)
14:03:12 judge 44/77 nmestateauctions.com: reject (15s)
14:03:36 judge 45/77 pottersguildlc.org: qualifies (24s)
14:03:50 judge 46/77 salishseaceramicstudio.com: reject (14s)
14:04:16 judge 47/77 cysoda.com: qualifies (27s)
14:04:32 judge 48/77 enchantedcirclepottery.com: reject (15s)
14:04:45 judge 49/77 lafondataos.com: qualifies (14s)
14:04:52 judge 50/77 harwoodmuseum.org: reject (7s)
14:05:07 judge 51/77 ls-ceramics.com: qualifies (15s)
14:05:36 judge 52/77 merme.in: reject (30s)
14:05:52 judge 53/77 maudandmabel.com: reject (15s)
14:06:04 judge 54/77 levityinteriors.com: reject (12s)
14:06:20 judge 55/77 ancientpottery.how: qualifies (17s)
14:06:36 judge 56/77 sunsetcanyonpottery.com: qualifies (15s)
14:06:52 judge 57/77 dacc.nmsu.edu: qualifies (16s)
14:07:02 judge 58/77 still-life-studio.com: reject (11s)
14:07:09 judge 59/77 earthfired.com: reject (7s)
14:07:27 judge 60/77 jcgep.org: qualifies (17s)
14:07:55 judge 61/77 digitalfire.com: qualifies (28s)
14:08:11 judge 62/77 blueridge.edu: reject (16s)
14:08:33 judge 63/77 silvercityart.com: qualifies (22s)
14:08:49 judge 64/77 bearmountainlodge.com: qualifies (15s)
14:09:02 judge 65/77 claytivitypottery.com: reject (13s)
14:09:10 judge 66/77 stoneleafpottery.com: reject (8s)
14:09:29 judge 67/77 seattlepotterysupply.com: reject (19s)
14:09:41 judge 68/77 santafe.org: qualifies (13s)
14:09:58 judge 69/77 en.wikipedia.org: reject (16s)
14:10:12 judge 70/77 unm.edu: qualifies (15s)
14:10:28 judge 71/77 questacreative.org: qualifies (16s)
14:10:46 judge 72/77 drivingcreek.nz: reject (18s)
14:11:00 judge 73/77 visitmathews.com: reject (14s)
14:11:19 judge 74/77 calliopemadrid.com: qualifies (18s)
14:11:34 judge 75/77 vrpotteryobx.com: reject (16s)
14:11:58 judge 76/77 loganwannamaker.com: qualifies (23s)
14:12:16 judge 77/77 theresidencyreview.com: qualifies (18s)
14:12:16 report: 24 qualify, 17 unclear, 82 rejected, 7 social
