08:46:50 search: 34 new of 34 (each costs 2 Tavily credits)
08:52:06 fetch: 113 places to read (118 total)
08:52:07 fetch: 10 read
08:52:13 fetch: 20 read
08:52:22 fetch: 30 read
08:52:25 fetch: 40 read
08:52:31 fetch: 50 read
08:52:35 fetch: 60 read
08:52:39 fetch: 70 read
08:52:44 fetch: 80 read
08:52:46 fetch: 90 read
08:52:53 fetch: 100 read
08:52:59 fetch: 110 read
08:53:06 judge: 55 places for gemma4:latest
08:53:18 judge 1/55 animalhousepottery.com: qualifies (12s)
08:53:40 judge 2/55 tuscarorapottery.com: qualifies (22s)
08:54:13 judge 3/55 events.unr.edu: qualifies (33s)
08:54:28 judge 4/55 thecuriousforge.org: reject (15s)
08:54:45 judge 5/55 blueskieslongbranch.kilnfire.com: reject (17s)
08:55:11 judge 6/55 ceramicinfospot.com: reject (25s)
08:55:37 judge 7/55 woodfiring.net: reject (26s)
08:55:54 judge 8/55 abc-directory.com: qualifies (17s)
08:56:07 judge 9/55 pitfire.com: reject (13s)
08:56:23 judge 10/55 nvclay.org: qualifies (16s)
08:56:37 judge 11/55 taoofclay.com: qualifies (15s)
08:56:49 judge 12/55 4safenv.state.nv.us: reject (11s)
08:57:09 judge 13/55 nvfirechf.org: reject (20s)
08:57:21 judge 14/55 nwcg.gov: reject (12s)
08:57:32 judge 15/55 classcentral.com: reject (12s)
08:57:43 judge 16/55 clayartsvegas.com: unclear (11s)
08:57:52 judge 17/55 chloespottery.com: reject (9s)
08:58:12 judge 18/55 clay-king.com: reject (19s)
08:58:23 judge 19/55 potterywithapurpose.com: reject (12s)
08:58:37 judge 20/55 kilnfrog.com: reject (14s)
08:59:04 judge 21/55 euclids.com: reject (27s)
08:59:27 judge 22/55 kilnfire.com: reject (22s)
08:59:49 judge 23/55 neon.reviewjournal.com: qualifies (23s)
09:00:10 judge 24/55 potterylist.com: qualifies (21s)
09:00:35 judge 25/55 joewinterpottery.com: reject (25s)
09:01:09 judge 26/55 nevadagram.com: qualifies (33s)
09:01:35 judge 27/55 thewedgeceramics.com: qualifies (27s)
09:01:57 judge 28/55 dtrpottery.com: qualifies (22s)
09:02:30 judge 29/55 clayandkilnstudio.com: reject (33s)
09:03:02 judge 30/55 theclaycanvasreno.com: reject (32s)
09:03:23 judge 31/55 nnbw.com: qualifies (21s)
09:03:38 judge 32/55 ogresholmpottery.com: qualifies (15s)
09:03:56 judge 33/55 campusce.net: qualifies (17s)
09:04:10 judge 34/55 nellisauction.com: qualifies (15s)
09:04:33 judge 35/55 lisaloveceramics.com: qualifies (22s)
09:05:00 judge 36/55 klineglazeservice.com: qualifies (27s)
09:05:17 judge 37/55 playfulpotter.com: reject (17s)
09:05:51 judge 38/55 virgingifts.com: reject (34s)
09:06:05 judge 39/55 kreative-sparks.com: reject (15s)
09:06:25 judge 40/55 elkocountyarts.org: qualifies (20s)
09:06:46 judge 41/55 community.ceramicartsdaily.org: reject (21s)
09:07:04 judge 42/55 glazequeen.com: reject (18s)
09:07:22 judge 43/55 aardvarkclay.com: reject (18s)
09:07:43 judge 44/55 flashandash.com: reject (21s)
09:08:04 judge 45/55 unr.edu: reject (21s)
09:08:46 judge 46/55 kilnshare.com: reject (42s)
09:09:13 judge 47/55 en.wikipedia.org: reject (27s)
09:09:29 judge 48/55 global.kyoto-nokaze.com: reject (16s)
09:10:02 judge 49/55 cassvilleanagama.com: reject (33s)
09:10:23 judge 50/55 rockrose.studio: reject (21s)
09:10:47 judge 51/55 anagama-west.com: reject (24s)
09:11:20 judge 52/55 katsutaroukikuchi.com: reject (33s)
09:11:45 judge 53/55 resy.com: reject (25s)
09:12:14 judge 54/55 raku-las-vegas.com: reject (29s)
09:12:48 judge 55/55 everythingelko.com: qualifies (34s)
09:12:48 report: 7 qualify, 13 unclear, 93 rejected, 5 social
