07:54:05 search: 33 new of 33 (each costs 2 Tavily credits)
07:55:18 fetch: 149 places to read (156 total)
07:55:20 fetch: 10 read
07:55:25 fetch: 20 read
07:55:29 fetch: 30 read
07:55:31 fetch: 40 read
07:55:36 fetch: 50 read
07:55:38 fetch: 60 read
07:55:43 fetch: 70 read
07:55:46 fetch: 80 read
07:55:48 fetch: 90 read
07:55:53 fetch: 100 read
07:55:55 fetch: 110 read
07:55:57 fetch: 120 read
07:56:01 fetch: 130 read
07:56:10 fetch: 140 read
07:56:18 judge: 129 places for gemma4:latest
07:56:52 judge 1/129 paseopottery.com: qualifies (34s)
07:57:29 judge 2/129 higherfirestudios.com: qualifies (37s)
07:57:56 judge 3/129 laimaceramics.com: qualifies (27s)
07:58:30 judge 4/129 studiosalespottery.com: qualifies (34s)
07:58:43 judge 5/129 hisawyer.com: qualifies (13s)
07:59:03 judge 6/129 shelbyprindaville.com: reject (20s)
07:59:35 judge 7/129 choplet.com: qualifies (32s)
07:59:55 judge 8/129 clayartcenter.org: reject (19s)
08:00:26 judge 9/129 tonymoorekiln.com: qualifies (31s)
08:01:14 judge 10/129 munson.art: qualifies (48s)
08:02:18 judge 11/129 theokidokistudio.com: qualifies (64s)
08:02:39 judge 12/129 groundworksartlab.org: qualifies (21s)
08:03:00 judge 13/129 andrewsartoriusceramics.com: qualifies (21s)
08:03:19 judge 14/129 woodstockguild.org: qualifies (19s)
08:03:35 judge 15/129 community.ceramicartsdaily.org: qualifies (15s)
08:04:27 judge 16/129 oribefiring.com: qualifies (52s)
08:04:50 judge 17/129 thepottersstudio.org: qualifies (23s)
08:05:08 judge 18/129 https://coursehorse.com/nyc/classes/art/pottery/handbuilding/raku-handbuilding-workshop: qualifies (18s)
08:05:31 judge 19/129 reg127.imperisoft.com: qualifies (23s)
08:05:57 judge 20/129 nynjceramics.com: qualifies (26s)
08:06:12 judge 21/129 pioneerworks.org: reject (15s)
08:06:26 judge 22/129 timisaacpottery.com: qualifies (14s)
08:06:48 judge 23/129 potterybyshikha.com: reject (22s)
08:07:17 judge 24/129 cademy.io: reject (28s)
08:07:56 judge 25/129 cantonclayworks.com: qualifies (39s)
08:08:10 judge 26/129 ceramic.school: reject (15s)
08:08:48 judge 27/129 classbento.co.uk: reject (37s)
08:09:09 judge 28/129 demetriachappo.com: qualifies (22s)
08:09:29 judge 29/129 damico-art.org: qualifies (20s)
08:09:46 judge 30/129 wetravel.com: qualifies (18s)
08:10:11 judge 31/129 uptown-clay.com: qualifies (24s)
08:10:44 judge 32/129 craigardan.org: qualifies (33s)
08:10:57 judge 33/129 https://classbento.com/beach-pit-firing-pottery-course-los-angeles: reject (13s)
08:11:25 judge 34/129 salemartworks.org: qualifies (28s)
08:11:41 judge 35/129 nysata.memberclicks.net: qualifies (16s)
08:11:54 judge 36/129 https://www.eventbrite.com/e/the-salt-fire-experience-an-all-levels-ceramic-workshop-tickets-1992090418066: qualifies (13s)
08:12:31 judge 37/129 amoca.org: qualifies (37s)
08:12:41 judge 38/129 28aclay.com: qualifies (10s)
08:12:59 judge 39/129 gasworksnyc.com: qualifies (18s)
08:13:16 judge 40/129 sculpturespacenyc.com: qualifies (18s)
08:13:41 judge 41/129 turningearth.org: qualifies (25s)
08:14:09 judge 42/129 newprospectpottery.com: qualifies (28s)
08:14:28 judge 43/129 craftcouncil.org: reject (19s)
08:14:57 judge 44/129 timseeceramics.com: qualifies (28s)
08:15:13 judge 45/129 https://www.eventbrite.com/e/raku-pottery-brooklyn-and-staten-island-tickets-1999413947941?aff=ebdssbdestsearch: qualifies (16s)
08:15:32 judge 46/129 findapotteryclass.com: qualifies (19s)
08:15:51 judge 47/129 stayhappening.com: qualifies (19s)
08:16:12 judge 48/129 happeningnext.com: qualifies (21s)
08:16:30 judge 49/129 pottery-nyc.com: qualifies (18s)
08:16:50 judge 50/129 thepotterystudio.com: qualifies (20s)
08:16:59 judge 51/129 https://www.eventbrite.com/e/raku-pottery-brooklyn-and-staten-island-tickets-1999413947941: qualifies (10s)
08:17:12 judge 52/129 https://allevents.in/brooklyn/raku-in-brooklyn-glaze-and-firing-demonstration/100001987080472183: qualifies (13s)
08:17:26 judge 53/129 https://allevents.in/brooklyn/raku-pottery-brooklyn-and-staten-island/100001999413947941: qualifies (13s)
08:17:43 judge 54/129 maudandmabel.com: reject (17s)
08:18:00 judge 55/129 inhabit.corcoran.com: qualifies (17s)
08:18:26 judge 56/129 powerhousearts.org: qualifies (25s)
08:18:37 judge 57/129 greenwichhouse.org: reject (12s)
08:18:48 judge 58/129 lamanopottery.com: qualifies (11s)
08:18:57 judge 59/129 92ny.org: reject (9s)
08:19:10 judge 60/129 alterworkstudios.com: qualifies (13s)
08:19:21 judge 61/129 potterswheelny.com: qualifies (12s)
08:19:45 judge 62/129 viewarts.org: qualifies (24s)
08:19:57 judge 63/129 findglocal.com: reject (12s)
08:20:15 judge 64/129 brooklynclayindustries.com: qualifies (18s)
08:20:25 judge 65/129 bushwickceramics.com: qualifies (10s)
08:20:35 judge 66/129 clayhousebrooklyn.com: reject (10s)
08:20:47 judge 67/129 bklynclay.com: qualifies (12s)
08:21:01 judge 68/129 baileypottery.com: qualifies (14s)
08:21:14 judge 69/129 hudsonvalleypottery.weebly.com: qualifies (13s)
08:21:25 judge 70/129 hudsonvalleyatelier.com: qualifies (11s)
08:21:44 judge 71/129 fallkillcreativeworks.org: qualifies (19s)
08:21:53 judge 72/129 hvmag.com: qualifies (9s)
08:22:08 judge 73/129 hudsonvalleypottery.com: qualifies (15s)
08:22:22 judge 74/129 peekskillclaystudios.com: qualifies (14s)
08:22:31 judge 75/129 thenewburghpottery.com: qualifies (9s)
08:22:45 judge 76/129 ratcitystudios.com: qualifies (14s)
08:22:52 judge 77/129 hopewellstudios.co.uk: reject (6s)
08:23:03 judge 78/129 merme.in: reject (11s)
08:23:10 judge 79/129 westendceramics.com: reject (7s)
08:23:17 judge 80/129 clayschoolithaca.com: reject (7s)
08:23:24 judge 81/129 littlesparrowceramics.com: reject (7s)
08:23:33 judge 82/129 thestudiorochester.com: qualifies (8s)
08:23:43 judge 83/129 wheelandslab.com: qualifies (10s)
08:23:52 judge 84/129 studios.crockd.com: reject (9s)
08:24:03 judge 85/129 buffaloclayart.com: qualifies (11s)
08:24:08 judge 86/129 artspherestudio.com: reject (6s)
08:24:16 judge 87/129 artyardstudio.com: qualifies (8s)
08:24:23 judge 88/129 buffaloclayartcenter.kilnfire.com: qualifies (7s)
08:24:33 judge 89/129 kilnfire.com: reject (10s)
08:24:39 judge 90/129 waterbrookpotters.com: qualifies (6s)
08:24:54 judge 91/129 alexadamsclaywork.com: qualifies (15s)
08:25:12 judge 92/129 kilnfolkclay.com: reject (18s)
08:25:36 judge 93/129 syracuseceramicguild.com: qualifies (24s)
08:25:46 judge 94/129 untoday.org: reject (10s)
08:25:56 judge 95/129 eventbrite.com.au: reject (10s)
08:26:06 judge 96/129 pexels.com: reject (10s)
08:26:32 judge 97/129 clay-king.com: reject (26s)
08:26:47 judge 98/129 greatwheelstudio.com: qualifies (15s)
08:27:01 judge 99/129 clayscapespottery.com: qualifies (15s)
08:27:10 judge 100/129 capitalceramicsupply.com: reject (9s)
08:27:21 judge 101/129 ceramicsofny.com: reject (11s)
08:27:37 judge 102/129 lukeiannuzzipottery.com: qualifies (16s)
08:27:51 judge 103/129 clayandkilnstudio.com: reject (14s)
08:28:04 judge 104/129 tiartscenter.org: qualifies (13s)
08:28:17 judge 105/129 hamptonsclayart.org: qualifies (13s)
08:28:26 judge 106/129 femmesole.com: reject (9s)
08:28:45 judge 107/129 longislandclay.com: qualifies (18s)
08:28:59 judge 108/129 islandpotterystudio.com: qualifies (14s)
08:29:17 judge 109/129 liu.edu: qualifies (18s)
08:29:30 judge 110/129 clayatlas.com: qualifies (13s)
08:29:39 judge 111/129 jlpottery.com: qualifies (9s)
08:29:53 judge 112/129 westga.edu: reject (13s)
08:30:09 judge 113/129 torch.ox.ac.uk: reject (16s)
08:30:25 judge 114/129 nalatanalata.com: reject (16s)
08:30:46 judge 115/129 tonymooreart.com: qualifies (21s)
08:30:57 judge 116/129 citypotters.com: qualifies (11s)
08:31:10 judge 117/129 folkartguild.org: reject (13s)
08:31:20 judge 118/129 hamishjacksonpottery.com: qualifies (10s)
08:31:39 judge 119/129 newenglandwfc.com: qualifies (19s)
08:31:57 judge 120/129 patchoguearts.org: qualifies (18s)
08:32:09 judge 121/129 claycoopstpete.com: qualifies (12s)
08:32:26 judge 122/129 corrannyforestpottery.com: reject (16s)
08:32:37 judge 123/129 alfred.edu: reject (12s)
08:32:46 judge 124/129 sites.cnr.ncsu.edu: reject (9s)
08:33:00 judge 125/129 opencallartist.com: reject (13s)
08:33:13 judge 126/129 artgoat.com: reject (13s)
08:33:26 judge 127/129 theresidencyreview.com: reject (13s)
08:33:53 judge 128/129 ceramicartsnetwork.org: reject (27s)
08:34:00 judge 129/129 saratogaclayarts.org: reject (7s)
08:34:00 report: 44 qualify, 42 unclear, 63 rejected, 7 social
