11:19:41 search: 27 new of 27 (each costs 2 Tavily credits)
11:20:32 fetch: 112 places to read (117 total)
11:20:33 fetch: 10 read
11:20:39 fetch: 20 read
11:20:43 fetch: 30 read
11:20:49 fetch: 40 read
11:20:55 fetch: 50 read
11:20:57 fetch: 60 read
11:21:02 fetch: 70 read
11:21:06 fetch: 80 read
11:21:09 fetch: 90 read
11:21:12 fetch: 100 read
11:21:19 fetch: 110 read
11:21:25 judge: 86 places for gemma4:latest
11:21:38 judge 1/86 munson.art: qualifies (13s)
11:21:45 judge 2/86 noahwoodfired.com: reject (7s)
11:21:52 judge 3/86 eastcreekart.org: reject (7s)
11:22:10 judge 4/86 theokidokistudio.com: qualifies (18s)
11:22:19 judge 5/86 groundworksartlab.org: qualifies (9s)
11:22:26 judge 6/86 cursist-courses.com: reject (7s)
11:22:32 judge 7/86 willahollowpottery.com: qualifies (6s)
11:22:45 judge 8/86 langweilstudiopottery.com: qualifies (13s)
11:22:58 judge 9/86 paseopottery.com: qualifies (13s)
11:23:14 judge 10/86 higherfirestudios.com: qualifies (16s)
11:23:22 judge 11/86 shelbyprindaville.com: reject (8s)
11:23:31 judge 12/86 clayartistsofsandiego.org: reject (9s)
11:23:50 judge 13/86 ceramicartsnetwork.org: qualifies (19s)
11:23:59 judge 14/86 yellowspringsohio.org: qualifies (10s)
11:24:07 judge 15/86 kilnroomcolumbus.com: qualifies (7s)
11:24:21 judge 16/86 cantonart.org: qualifies (14s)
11:25:00 judge 17/86 cantonclayworks.com: qualifies (39s)
11:25:08 judge 18/86 potteryalley.com: reject (8s)
11:25:50 judge 19/86 oribefiring.com: reject (42s)
11:26:11 judge 20/86 ryandurbinceramics.com: reject (20s)
11:26:45 judge 21/86 ohio.edu: qualifies (34s)
11:27:05 judge 22/86 lifestyle-pottery.com: qualifies (21s)
11:27:17 judge 23/86 uakron.edu: reject (11s)
11:27:37 judge 24/86 simpletix.com: qualifies (21s)
11:27:58 judge 25/86 https://allevents.in/bellefontaine/saggar-firing/200028451623126: qualifies (21s)
11:28:14 judge 26/86 tomradca.com: qualifies (16s)
11:28:41 judge 27/86 turningearth.org: reject (27s)
11:29:07 judge 28/86 raincityclay.com: reject (26s)
11:29:20 judge 29/86 community.ceramicartsdaily.org: reject (12s)
11:29:51 judge 30/86 familyvacationsus.com: qualifies (31s)
11:30:15 judge 31/86 taoofclay.com: qualifies (24s)
11:30:35 judge 32/86 littlecreekceramics.com: qualifies (20s)
11:31:17 judge 33/86 577foundation.org: qualifies (42s)
11:31:49 judge 34/86 alexadamsclaywork.com: qualifies (32s)
11:32:14 judge 35/86 ideastream.org: qualifies (25s)
11:32:58 judge 36/86 kilnfire.com: reject (44s)
11:33:26 judge 37/86 findapotteryclass.com: reject (28s)
11:33:51 judge 38/86 columbusmakesart.com: qualifies (25s)
11:34:12 judge 39/86 experiencecolumbus.com: qualifies (21s)
11:34:24 judge 40/86 jonsteinpottery.com: unclear (12s)
11:34:49 judge 41/86 ratcitystudios.com: reject (25s)
11:35:14 judge 42/86 thepotteryplacecincy.com: reject (25s)
11:35:27 judge 43/86 sunparlorstudio.com: reject (13s)
11:35:40 judge 44/86 alchemystudiocle.com: reject (13s)
11:35:57 judge 45/86 thekilnbrecksville.com: reject (16s)
11:36:28 judge 46/86 akronmakerspace.org: reject (32s)
11:37:01 judge 47/86 coreclay.com: qualifies (32s)
11:37:20 judge 48/86 daap.uc.edu: unclear (20s)
11:37:50 judge 49/86 doodlinpottery.com: reject (30s)
11:38:06 judge 50/86 covingtonclay.com: reject (16s)
11:38:37 judge 51/86 jackskilnrepair.com: qualifies (31s)
11:39:01 judge 52/86 rastall.art: reject (23s)
11:39:36 judge 53/86 en.wikipedia.org: reject (35s)
11:39:54 judge 54/86 untoday.org: reject (18s)
11:40:18 judge 55/86 kilnfolkclay.com: reject (24s)
11:40:41 judge 56/86 salishseaceramicstudio.com: qualifies (23s)
11:41:29 judge 57/86 merme.in: reject (48s)
11:41:56 judge 58/86 oxcombepottery.co.uk: reject (27s)
11:42:19 judge 59/86 maudandmabel.com: reject (23s)
11:42:46 judge 60/86 corrannyforestpottery.com: reject (28s)
11:43:03 judge 61/86 eventbrite.com.au: reject (17s)
11:43:26 judge 62/86 kingstonceramicsstudio.com: qualifies (23s)
11:43:46 judge 63/86 communitypottery.org: unclear (20s)
11:44:14 judge 64/86 playkettering.org: qualifies (27s)
11:44:29 judge 65/86 fittoncenter.org: reject (15s)
11:44:51 judge 66/86 sunshinestudio.org: qualifies (22s)
11:45:14 judge 67/86 sheffield-pottery.com: reject (23s)
11:45:33 judge 68/86 seattlepotterysupply.com: reject (19s)
11:45:57 judge 69/86 kruegerpottery.com: reject (24s)
11:46:27 judge 70/86 aardvarkclay.com: reject (30s)
11:46:48 judge 71/86 midsouthceramics.com: reject (21s)
11:47:13 judge 72/86 dairybarn.coursestorm.com: qualifies (25s)
11:47:35 judge 73/86 sleddinghillpottery.com: reject (22s)
11:48:02 judge 74/86 artandclayonmain.com: qualifies (27s)
11:48:41 judge 75/86 communityartscenter.org: qualifies (40s)
11:49:07 judge 76/86 jcgep.org: qualifies (26s)
11:49:26 judge 77/86 torch.ox.ac.uk: reject (18s)
11:49:48 judge 78/86 westga.edu: reject (23s)
11:50:02 judge 79/86 jlpottery.com: reject (14s)
11:50:25 judge 80/86 nalatanalata.com: reject (22s)
11:50:51 judge 81/86 newsbreak.com: qualifies (27s)
11:51:10 judge 82/86 escortbayan2.com: qualifies (19s)
11:51:25 judge 83/86 quillpottery.com: qualifies (15s)
11:51:45 judge 84/86 calliopemadrid.com: reject (20s)
11:52:06 judge 85/86 hisawyer.com: qualifies (21s)
11:52:24 judge 86/86 warehomestudios.com: qualifies (18s)
11:52:25 report: 20 qualify, 23 unclear, 69 rejected, 5 social
