11:42:16 search: 34 new of 34 (each costs 2 Tavily credits)
11:48:02 fetch: 111 places to read (114 total)
11:48:03 fetch: 10 read
11:48:10 fetch: 20 read
11:48:18 fetch: 30 read
11:48:24 fetch: 40 read
11:48:29 fetch: 50 read
11:48:37 fetch: 60 read
11:48:40 fetch: 70 read
11:48:44 fetch: 80 read
11:48:50 fetch: 90 read
11:48:57 fetch: 100 read
11:49:05 fetch: 110 read
11:49:07 judge: 55 places for gemma4:latest
11:49:35 judge 1/55 okcpotterystudio.com: qualifies (29s)
11:49:43 judge 2/55 catulsa.org: qualifies (7s)
11:49:50 judge 3/55 downtowntulsa.com: qualifies (7s)
11:49:55 judge 4/55 warriorsforfreedom.org: qualifies (5s)
11:50:01 judge 5/55 oklahomacontemporary.org: qualifies (6s)
11:50:07 judge 6/55 riverwoodpottery.com: qualifies (5s)
11:50:13 judge 7/55 waterworksartcenter.com: qualifies (6s)
11:50:20 judge 8/55 ceramicinfospot.com: reject (7s)
11:50:25 judge 9/55 okeefepottery.com: qualifies (6s)
11:50:30 judge 10/55 canvas.kirklandartscenter.org: reject (4s)
11:50:36 judge 11/55 prairiepottery.com: qualifies (6s)
11:50:43 judge 12/55 unearththevoyage.com: qualifies (8s)
11:50:49 judge 13/55 redheatceramics.com: qualifies (6s)
11:50:54 judge 14/55 oklahoma.gov: reject (5s)
11:50:58 judge 15/55 classcentral.com: reject (4s)
11:51:09 judge 16/55 clay-king.com: reject (12s)
11:51:13 judge 17/55 potterywithapurpose.com: reject (4s)
11:51:17 judge 18/55 kilnfrog.com: reject (4s)
11:51:21 judge 19/55 heattreatnow.com: reject (4s)
11:51:25 judge 20/55 olympickilns.com: reject (4s)
11:51:29 judge 21/55 euclids.com: reject (4s)
11:51:35 judge 22/55 kilnarts.org: reject (7s)
11:51:48 judge 23/55 kilnshare.com: reject (13s)
11:51:53 judge 24/55 flashandash.com: reject (4s)
11:51:56 judge 25/55 eastcreekart.org: reject (4s)
11:52:06 judge 26/55 oklahomacity.com: reject (10s)
11:52:17 judge 27/55 kilnfire.com: reject (10s)
11:52:23 judge 28/55 thehouseofclay.com: qualifies (6s)
11:52:28 judge 29/55 tulsafirefly.com: qualifies (6s)
11:52:33 judge 30/55 thetulsaartsdistrict.org: reject (5s)
11:52:39 judge 31/55 clayworkstulsa.com: qualifies (6s)
11:52:45 judge 32/55 kilnartsoftulsa.com: qualifies (6s)
11:52:50 judge 33/55 purpleglazestudio.com: reject (6s)
11:52:54 judge 34/55 rubyclaycompany.com: reject (3s)
11:53:01 judge 35/55 normanfirehouse.com: qualifies (7s)
11:53:08 judge 36/55 oilandclaystudio.com: qualifies (7s)
11:53:16 judge 37/55 kilnspot.com: qualifies (7s)
11:53:21 judge 38/55 my.ceramicmaterialsworkshop.com: unclear (6s)
11:53:28 judge 39/55 events.okstate.edu: qualifies (6s)
11:53:34 judge 40/55 clayandkilnstudio.com: reject (7s)
11:53:40 judge 41/55 clayworxstudios.coursestorm.com: reject (6s)
11:53:43 judge 42/55 livingkilnpotterystudio.com: reject (3s)
11:53:47 judge 43/55 livingkilnstudio.kilnfire.com: reject (3s)
11:53:50 judge 44/55 sheffield-pottery.com: reject (3s)
11:53:56 judge 45/55 madeinoklahoma.net: reject (6s)
11:54:02 judge 46/55 catalog.occc.edu: reject (5s)
11:54:05 judge 47/55 placesformakers.com: reject (3s)
11:54:12 judge 48/55 en.wikipedia.org: reject (7s)
11:54:20 judge 49/55 cassvilleanagama.com: reject (8s)
11:54:24 judge 50/55 global.kyoto-nokaze.com: reject (4s)
11:54:31 judge 51/55 anagama-west.com: reject (7s)
11:54:47 judge 52/55 potterygeek.com: reject (16s)
11:55:08 judge 53/55 katsutaroukikuchi.com: reject (21s)
11:55:20 judge 54/55 schoolofservice.org: reject (11s)
11:55:40 judge 55/55 ceramicsfieldguide.org: reject (20s)
11:55:40 report: 5 qualify, 15 unclear, 91 rejected, 3 social
