10:16:50 search: 27 new of 27 (each costs 2 Tavily credits)
10:17:46 fetch: 120 places to read (125 total)
10:17:48 fetch: 10 read
10:17:51 fetch: 20 read
10:17:55 fetch: 30 read
10:18:01 fetch: 40 read
10:18:05 fetch: 50 read
10:18:08 fetch: 60 read
10:18:13 fetch: 70 read
10:18:16 fetch: 80 read
10:18:19 fetch: 90 read
10:18:26 fetch: 100 read
10:18:32 fetch: 110 read
10:18:58 fetch: 120 read
10:18:58 judge: 97 places for gemma4:latest
10:19:10 judge 1/97 dirtandceremony.com: reject (13s)
10:19:41 judge 2/97 eastcreekart.org: qualifies (30s)
10:20:13 judge 3/97 munson.art: qualifies (32s)
10:20:37 judge 4/97 jaywidmer.com: qualifies (24s)
10:20:55 judge 5/97 groundworksartlab.org: qualifies (18s)
10:21:10 judge 6/97 jominceramic.com: qualifies (15s)
10:21:27 judge 7/97 morningceramics.com: qualifies (17s)
10:21:47 judge 8/97 burnishclaystudio.com: qualifies (20s)
10:22:12 judge 9/97 storytownashland.com: qualifies (25s)
10:22:36 judge 10/97 clayspaceeugene.org: qualifies (24s)
10:22:55 judge 11/97 oregoncoastschoolofart.org: qualifies (19s)
10:23:18 judge 12/97 roguevalleypotterysupply.com: qualifies (23s)
10:23:41 judge 13/97 myemu.uoregon.edu: qualifies (23s)
10:23:57 judge 14/97 theworkshopattimberridge.com: qualifies (16s)
10:24:10 judge 15/97 https://apm.activecommunities.com/portlandparks/Activity_Search/ceramics---raku-workshop-9-3/199906?locale=en-US: qualifies (12s)
10:24:19 judge 16/97 josephy.org: qualifies (9s)
10:24:44 judge 17/97 paseopottery.com: qualifies (25s)
10:25:04 judge 18/97 clayplayarts.com: qualifies (20s)
10:25:19 judge 19/97 higherfirestudios.com: reject (15s)
10:25:39 judge 20/97 laimaceramics.com: qualifies (19s)
10:25:52 judge 21/97 shelbyprindaville.com: reject (13s)
10:26:06 judge 22/97 throwingmudgallery.com: reject (14s)
10:26:17 judge 23/97 willametteartcenter.com: qualifies (10s)
10:26:38 judge 24/97 pleasanthillpottery.com: qualifies (21s)
10:27:01 judge 25/97 kilnfire.com: reject (23s)
10:27:18 judge 26/97 cantonclayworks.com: qualifies (17s)
10:27:40 judge 27/97 cademy.io: qualifies (22s)
10:27:53 judge 28/97 cotuit.org: qualifies (13s)
10:28:13 judge 29/97 radiusstudio.org: qualifies (20s)
10:28:21 judge 30/97 mayapask.com: reject (8s)
10:28:42 judge 31/97 turningearth.org: reject (21s)
10:28:59 judge 32/97 slowfireceramics.com: qualifies (17s)
10:29:14 judge 33/97 raincityclay.com: reject (15s)
10:29:37 judge 34/97 digitalfire.com: reject (23s)
10:29:55 judge 35/97 whitesnakearts.com: qualifies (18s)
10:30:11 judge 36/97 clayfolk.org: qualifies (16s)
10:30:28 judge 37/97 southernoregonguild.org: qualifies (17s)
10:30:38 judge 38/97 whidbeyclaycenter.com: reject (10s)
10:30:46 judge 39/97 oregonpotters.org: qualifies (9s)
10:30:58 judge 40/97 reg130.imperisoft.com: qualifies (12s)
10:31:12 judge 41/97 jenniferlongpottery.com: qualifies (14s)
10:31:25 judge 42/97 wildcraftstudioschool.com: qualifies (12s)
10:31:38 judge 43/97 craftcouncil.org: qualifies (13s)
10:31:59 judge 44/97 577foundation.org: qualifies (21s)
10:32:17 judge 45/97 portlandpottery.com: reject (18s)
10:32:32 judge 46/97 elementalstudiospdx.com: qualifies (16s)
10:32:52 judge 47/97 stjohnsclay.com: qualifies (19s)
10:33:10 judge 48/97 alexadamsclaywork.com: qualifies (18s)
10:33:22 judge 49/97 untoday.org: reject (12s)
10:33:44 judge 50/97 kilnfolkclay.com: reject (22s)
10:33:57 judge 51/97 ratcitystudios.com: reject (14s)
10:34:06 judge 52/97 maudandmabel.com: reject (9s)
10:34:14 judge 53/97 amphoraceramicstudio.kilnfire.com: qualifies (8s)
10:34:31 judge 54/97 georgies.com: qualifies (16s)
10:34:37 judge 55/97 afterglowpdx.com: qualifies (7s)
10:34:47 judge 56/97 wildlingcollaborativearts.com: qualifies (9s)
10:34:54 judge 57/97 eugene-or.gov: reject (7s)
10:35:01 judge 58/97 mkartcenter.org: qualifies (7s)
10:35:13 judge 59/97 craftcenter.uoregon.edu: reject (12s)
10:35:26 judge 60/97 synergyceramicsbend.com: qualifies (12s)
10:35:31 judge 61/97 artonthetownwi.com: reject (5s)
10:35:52 judge 62/97 studiosalespottery.com: reject (21s)
10:36:05 judge 63/97 potterylist.com: qualifies (14s)
10:36:20 judge 64/97 ashlandclayhouse.com: qualifies (14s)
10:36:41 judge 65/97 seattlepotterysupply.com: qualifies (22s)
10:36:56 judge 66/97 campclay.studio: qualifies (15s)
10:37:06 judge 67/97 comag.us: qualifies (10s)
10:37:18 judge 68/97 bendparksandrec.org: reject (13s)
10:37:32 judge 69/97 studiocreatebend.com: reject (13s)
10:37:46 judge 70/97 lalucestudio.com: reject (14s)
10:37:56 judge 71/97 rareearthpottery.ca: reject (11s)
10:38:11 judge 72/97 merme.in: reject (15s)
10:38:26 judge 73/97 dianarosestudio.com: reject (14s)
10:38:44 judge 74/97 calapooiaclay.com: qualifies (19s)
10:38:55 judge 75/97 potteryteachers.com: qualifies (11s)
10:39:08 judge 76/97 claykilncollective.com: reject (13s)
10:39:27 judge 77/97 orartswatch.org: qualifies (19s)
10:39:59 judge 78/97 ceramicartsnetwork.org: qualifies (32s)
10:40:10 judge 79/97 statesmanjournal.com: qualifies (11s)
10:40:23 judge 80/97 ashleybartisticworks.com: qualifies (12s)
10:40:36 judge 81/97 salemartfair.org: qualifies (14s)
10:40:50 judge 82/97 sheffield-pottery.com: reject (13s)
10:41:03 judge 83/97 site.corsizio.com: qualifies (13s)
10:41:16 judge 84/97 dragonsbreathpottery.com: qualifies (13s)
10:41:33 judge 85/97 aardvarkclay.com: reject (17s)
10:41:51 judge 86/97 pcc.edu: qualifies (18s)
10:42:07 judge 87/97 jcgep.org: qualifies (16s)
10:42:25 judge 88/97 owic.oregonstate.edu: reject (17s)
10:42:42 judge 89/97 pdxart.portofportland.online: qualifies (18s)
10:42:56 judge 90/97 schoolofservice.org: reject (14s)
10:43:16 judge 91/97 ohio.edu: qualifies (20s)
10:43:41 judge 92/97 ceramicsfieldguide.org: reject (25s)
10:44:09 judge 93/97 marianwilliamspottery.com: qualifies (28s)
10:44:26 judge 94/97 theresidencyreview.com: qualifies (17s)
10:44:42 judge 95/97 nalatanalata.com: reject (17s)
10:44:52 judge 96/97 kilnroomcolumbus.com: reject (10s)
10:45:09 judge 97/97 calliopemadrid.com: reject (17s)
10:45:09 report: 33 qualify, 30 unclear, 57 rejected, 5 social
