08:34:02 search: 29 new of 29 (each costs 2 Tavily credits)
08:35:04 fetch: 141 places to read (146 total)
08:35:06 fetch: 10 read
08:35:14 fetch: 20 read
08:35:15 fetch: 30 read
08:35:22 fetch: 40 read
08:35:28 fetch: 50 read
08:35:33 fetch: 60 read
08:35:40 fetch: 70 read
08:35:43 fetch: 80 read
08:35:49 fetch: 90 read
08:35:55 fetch: 100 read
08:36:01 fetch: 110 read
08:36:05 fetch: 120 read
08:36:09 fetch: 130 read
08:36:16 fetch: 140 read
08:36:20 judge: 119 places for gemma4:latest
08:36:46 judge 1/119 mainlineart.org: qualifies (26s)
08:37:07 judge 2/119 clayplayarts.com: qualifies (21s)
08:37:30 judge 3/119 paseopottery.com: qualifies (23s)
08:37:45 judge 4/119 higherfirestudios.com: reject (15s)
08:38:05 judge 5/119 laimaceramics.com: qualifies (20s)
08:38:21 judge 6/119 atlanticpotterysupply.com: reject (16s)
08:38:43 judge 7/119 commonclayspace.com: qualifies (22s)
08:39:07 judge 8/119 munson.art: qualifies (24s)
08:39:36 judge 9/119 pawilds.com: qualifies (28s)
08:40:18 judge 10/119 yellowsprings.org: qualifies (42s)
08:40:41 judge 11/119 eastcreekart.org: reject (22s)
08:41:08 judge 12/119 lisayorkarts.com: qualifies (27s)
08:41:36 judge 13/119 pghartsmedia.org: qualifies (28s)
08:41:54 judge 14/119 thebascom.org: qualifies (17s)
08:42:15 judge 15/119 athens.edu: qualifies (22s)
08:42:41 judge 16/119 yayclay.kilnfire.com: qualifies (25s)
08:43:19 judge 17/119 reg127.imperisoft.com: qualifies (38s)
08:43:45 judge 18/119 fleisher.org: qualifies (26s)
08:44:07 judge 19/119 natewinterstudios.com: qualifies (22s)
08:44:31 judge 20/119 randolphpottery.com: qualifies (24s)
08:45:05 judge 21/119 kettlecreekhouse.com: qualifies (34s)
08:45:27 judge 22/119 earthcenterpottery.com: qualifies (22s)
08:45:43 judge 23/119 margueritahagan.com: qualifies (16s)
08:46:17 judge 24/119 claypittsburgh.org: qualifies (34s)
08:46:36 judge 25/119 lemoyne.org: qualifies (19s)
08:47:02 judge 26/119 damico-art.org: qualifies (25s)
08:47:26 judge 27/119 oldschoolclayandceramics.com: qualifies (24s)
08:47:49 judge 28/119 whitesnakearts.com: reject (23s)
08:48:22 judge 29/119 upinsmokepottery.com: qualifies (33s)
08:48:39 judge 30/119 lighthousearts.org: qualifies (17s)
08:49:07 judge 31/119 cantonclayworks.com: qualifies (28s)
08:49:29 judge 32/119 landisvalleymuseum.org: reject (22s)
08:50:08 judge 33/119 newprospectpottery.com: qualifies (38s)
08:50:54 judge 34/119 lancastercreativefactory.org: qualifies (46s)
08:51:18 judge 35/119 parkdalepottery.ca: reject (24s)
08:51:53 judge 36/119 inspirepotterystudio.com: reject (35s)
08:52:41 judge 37/119 ceramicartsnetwork.org: reject (48s)
08:53:13 judge 38/119 turningearth.org: reject (32s)
08:53:42 judge 39/119 classcentral.com: reject (29s)
08:54:01 judge 40/119 katherinefortnumceramics.com: reject (19s)
08:54:23 judge 41/119 kilnfrog.com: reject (22s)
08:54:53 judge 42/119 kilnfire.com: reject (30s)
08:55:10 judge 43/119 blackhoundclaysouth.com: qualifies (17s)
08:55:34 judge 44/119 phillymag.com: qualifies (23s)
08:55:52 judge 45/119 centeredclaystudio.com: qualifies (19s)
08:56:29 judge 46/119 yayclay.com: qualifies (37s)
08:56:43 judge 47/119 rebelpotters.org: reject (14s)
08:57:19 judge 48/119 theclaystudio.org: qualifies (36s)
08:57:41 judge 49/119 reg137.imperisoft.com: qualifies (22s)
08:57:56 judge 50/119 canvas.allenslane.org: qualifies (14s)
08:58:11 judge 51/119 creativeartsstudios.com: reject (16s)
08:58:33 judge 52/119 kilnfolkclay.com: reject (22s)
08:58:54 judge 53/119 ratcitystudios.com: reject (20s)
08:59:07 judge 54/119 hopewellstudios.co.uk: reject (14s)
08:59:30 judge 55/119 studiosalespottery.com: qualifies (23s)
08:59:44 judge 56/119 salishseaceramicstudio.com: qualifies (14s)
09:00:02 judge 57/119 kilnntime.com: reject (18s)
09:00:18 judge 58/119 nextpittsburgh.com: reject (16s)
09:00:36 judge 59/119 fireborn.com: qualifies (18s)
09:01:10 judge 60/119 creekroadpottery.com: qualifies (34s)
09:01:28 judge 61/119 tylerparkarts.org: qualifies (18s)
09:01:41 judge 62/119 lancasterpa.com: qualifies (14s)
09:01:54 judge 63/119 stanleymarketplace.com: reject (13s)
09:02:19 judge 64/119 kilnjoy.com: qualifies (24s)
09:02:30 judge 65/119 clayworksinc.org: reject (11s)
09:02:42 judge 66/119 unionproject.org: qualifies (12s)
09:02:58 judge 67/119 c3b3e9-81.myshopify.com: qualifies (16s)
09:03:07 judge 68/119 bennettgraves.art: reject (9s)
09:03:20 judge 69/119 maroon-studio.com: qualifies (13s)
09:03:36 judge 70/119 oxcombepottery.co.uk: reject (16s)
09:03:45 judge 71/119 baileypottery.com: reject (9s)
09:04:00 judge 72/119 merme.in: reject (15s)
09:04:14 judge 73/119 bismarckstate.edu: reject (14s)
09:04:30 judge 74/119 lancasterclaystudios.com: qualifies (15s)
09:04:44 judge 75/119 discoverlancaster.com: qualifies (14s)
09:04:58 judge 76/119 queen-city-clay-623736.shoplightspeed.com: qualifies (14s)
09:05:07 judge 77/119 cook-on-clay.myshopify.com: reject (9s)
09:05:27 judge 78/119 hangoutforart.com: qualifies (20s)
09:05:38 judge 79/119 artsquest.org: reject (11s)
09:05:47 judge 80/119 paintsomepottery.com: reject (9s)
09:06:03 judge 81/119 clayandkilnstudio.com: reject (16s)
09:06:11 judge 82/119 artfusionstudio.net: reject (8s)
09:06:20 judge 83/119 naturesclaypotterystudio.com: reject (9s)
09:06:32 judge 84/119 arts.psu.edu: reject (12s)
09:06:39 judge 85/119 psucollegian.com: reject (7s)
09:06:53 judge 86/119 ceramic.school: reject (14s)
09:07:04 judge 87/119 stayhappening.com: qualifies (11s)
09:07:14 judge 88/119 https://allevents.in/erie/raku-firing-at-grounded-makers-market/200028709953955: qualifies (10s)
09:07:24 judge 89/119 https://allevents.in/erie/raku-firing-at-goodell-gardens/200028709953955: qualifies (9s)
09:07:40 judge 90/119 findapotteryclass.com: qualifies (16s)
09:07:51 judge 91/119 untoday.org: reject (11s)
09:08:05 judge 92/119 corrannyforestpottery.com: qualifies (13s)
09:08:16 judge 93/119 sheffield-pottery.com: reject (12s)
09:08:27 judge 94/119 gemceramic.com: reject (10s)
09:08:45 judge 95/119 aardvarkclay.com: reject (19s)
09:08:55 judge 96/119 public.theclaystudio.org: qualifies (9s)
09:09:04 judge 97/119 experiencepottery.com: qualifies (9s)
09:09:09 judge 98/119 paroute6.com: reject (5s)
09:09:22 judge 99/119 viewarts.org: qualifies (13s)
09:09:32 judge 100/119 ir.mountaintopuniversity.edu.ng: qualifies (10s)
09:09:42 judge 101/119 claytopiaerie.com: reject (10s)
09:09:50 judge 102/119 findglocal.com: qualifies (8s)
09:09:58 judge 103/119 erieclayspace.com: qualifies (8s)
09:10:07 judge 104/119 northampton.edu: qualifies (9s)
09:10:16 judge 105/119 nixdorfpottery.com: qualifies (9s)
09:10:31 judge 106/119 communityartscenter.org: qualifies (16s)
09:10:40 judge 107/119 statecollege.com: qualifies (9s)
09:10:46 judge 108/119 georgeschool.org: reject (6s)
09:10:55 judge 109/119 westga.edu: reject (8s)
09:11:02 judge 110/119 groundworksartlab.org: qualifies (8s)
09:11:10 judge 111/119 nalatanalata.com: reject (8s)
09:11:16 judge 112/119 pacrafts.org: qualifies (6s)
09:11:26 judge 113/119 thepottersguild.com: qualifies (10s)
09:11:32 judge 114/119 artallianceofcentralpa.org: qualifies (6s)
09:11:36 judge 115/119 kilnroomcolumbus.com: reject (4s)
09:11:44 judge 116/119 calliopemadrid.com: reject (8s)
09:11:51 judge 117/119 schoolofservice.org: reject (7s)
09:12:01 judge 118/119 ohio.edu: qualifies (10s)
09:12:08 judge 119/119 pocosinarts.org: reject (6s)
09:12:08 report: 34 qualify, 36 unclear, 71 rejected, 5 social
