MN: 17 candidates
MN: added 17
WI: 22 candidates
WI: added 22
IN: 27 candidates
IN: added 27
AZ: 25 candidates
AZ: added 25
MD: 17 candidates
MD: added 17
NJ: 17 candidates
NJ: added 17
UT: 15 candidates
UT: added 15
CT: 22 candidates
CT: added 22
NV: 12 candidates
NV: added 12
VT: 19 candidates
VT: added 19
NH: 13 candidates
NH: added 13
ID: 10 candidates
ID: added 10
RI: 6 candidates
RI: added 6
TN: 15 candidates
TN: added 15
MT: 16 candidates
MT: added 16
KY: 14 candidates
KY: added 14
WY: 7 candidates
WY: added 7
IA: 15 candidates
IA: added 15
MO: 11 candidates
MO: added 11
KS: 5 candidates
KS: added 5
NE: 6 candidates
NE: added 6
OK: 14 candidates
OK: added 14
AR: 17 candidates
AR: added 17
LA: 11 candidates
LA: added 11
MS: 6 candidates
MS: added 6
AL: 15 candidates
AL: added 15
SC: 12 candidates
SC: added 12
WV: 14 candidates
WV: added 14
DE: 5 candidates
DE: added 5
DC: 8 candidates
DC: added 8
ND: 8 candidates
ND: added 8
SD: 4 candidates
SD: added 3; skipped 1: Aberdeen Recreation & Cultural Center (already listed)
AK: 9 candidates
AK: added 9
HI: 13 candidates
HI: added 13
