08:11:22 search: 34 new of 34 (each costs 2 Tavily credits)
08:17:57 fetch: 116 places to read (120 total)
08:17:58 fetch: 10 read
08:18:03 fetch: 20 read
08:18:11 fetch: 30 read
08:18:17 fetch: 40 read
08:18:22 fetch: 50 read
08:18:28 fetch: 60 read
08:18:33 fetch: 70 read
08:18:37 fetch: 80 read
08:18:38 fetch: 90 read
08:18:41 fetch: 100 read
08:18:50 fetch: 110 read
09:36:03 fetch: 0 places to read (120 total)
09:36:03 judge: 45 places for gemma4:latest
09:36:32 judge 1/45 patch.com: qualifies (29s)
09:37:08 judge 2/45 ri-creations.com: qualifies (36s)
09:37:36 judge 3/45 studiochannelislands.org: qualifies (28s)
09:37:58 judge 4/45 ceramicinfospot.com: reject (22s)
09:38:18 judge 5/45 farmandfire.com: reject (20s)
09:38:46 judge 6/45 thesteelyard.org: qualifies (28s)
09:39:01 judge 7/45 canvas.kirklandartscenter.org: reject (16s)
09:39:22 judge 8/45 clayartstudiori.com: qualifies (20s)
09:39:42 judge 9/45 riblogger.com: qualifies (21s)
09:40:01 judge 10/45 riclayspace.com: qualifies (19s)
09:40:20 judge 11/45 mudstonestudios.com: qualifies (19s)
09:40:35 judge 12/45 classcentral.com: reject (15s)
09:41:00 judge 13/45 digitalfire.com: reject (25s)
09:41:26 judge 14/45 kilnshare.com: reject (26s)
09:41:41 judge 15/45 potterywithapurpose.com: reject (15s)
09:42:01 judge 16/45 clay-king.com: reject (20s)
09:42:14 judge 17/45 anyhowstudioprovidence.com: reject (13s)
09:42:23 judge 18/45 kilnfrog.com: reject (9s)
09:42:40 judge 19/45 euclids.com: reject (17s)
09:42:56 judge 20/45 rustykiln.com: reject (15s)
09:43:13 judge 21/45 newenglandwfc.com: qualifies (18s)
09:43:26 judge 22/45 simplylocalwood.com: reject (13s)
09:43:40 judge 23/45 smallthingsstudio.com: unclear (14s)
09:43:53 judge 24/45 kilnfire.com: reject (13s)
09:44:16 judge 25/45 artistcommunities.org: reject (23s)
09:44:37 judge 26/45 clayandkilnstudio.com: reject (21s)
09:44:57 judge 27/45 centralrichamber.com: qualifies (20s)
09:45:05 judge 28/45 iremiapottery.com: reject (8s)
09:45:13 judge 29/45 app.advcollective.com: reject (8s)
09:45:20 judge 30/45 coastalpotterystudio.com: qualifies (7s)
09:45:26 judge 31/45 potterybristol.co.uk: reject (6s)
09:45:31 judge 32/45 lepottery.com: unclear (5s)
09:45:39 judge 33/45 tribeirl.com: qualifies (7s)
09:45:46 judge 34/45 mudworksbristol.com: qualifies (7s)
09:45:51 judge 35/45 sheffield-pottery.com: reject (5s)
09:46:04 judge 36/45 pottersshop.com: reject (13s)
09:46:30 judge 37/45 theceramicshop.com: reject (25s)
09:46:41 judge 38/45 visitrhodeisland.com: qualifies (12s)
09:46:48 judge 39/45 thepottersguild.com: reject (7s)
09:46:57 judge 40/45 ccri.edu: reject (8s)
09:47:06 judge 41/45 my.ceramicmaterialsworkshop.com: reject (9s)
09:47:17 judge 42/45 en.wikipedia.org: reject (11s)
09:47:29 judge 43/45 cassvilleanagama.com: reject (13s)
09:47:48 judge 44/45 katsutaroukikuchi.com: reject (19s)
09:47:57 judge 45/45 theresidencyreview.com: reject (9s)
09:47:57 report: 3 qualify, 13 unclear, 100 rejected, 4 social
