13:05:10 search: 37 new of 37 (each costs 2 Tavily credits)
13:10:41 fetch: 130 places to read (134 total)
13:10:43 fetch: 10 read
13:10:50 fetch: 20 read
13:10:53 fetch: 30 read
13:11:01 fetch: 40 read
13:11:07 fetch: 50 read
13:11:14 fetch: 60 read
13:11:22 fetch: 70 read
13:11:25 fetch: 80 read
13:11:30 fetch: 90 read
13:11:34 fetch: 100 read
13:11:39 fetch: 110 read
13:11:48 fetch: 120 read
13:11:55 fetch: 130 read
13:11:55 judge: 63 places for gemma4:latest
13:12:36 judge 1/63 greenvillearts.com: qualifies (41s)
13:12:59 judge 2/63 robskiln.com: qualifies (23s)
13:13:15 judge 3/63 scottpots.com: reject (16s)
13:13:36 judge 4/63 sidestoke.com: reject (21s)
13:13:48 judge 5/63 ceramicinfospot.com: reject (12s)
13:13:59 judge 6/63 artfieldssc.org: qualifies (11s)
13:14:09 judge 7/63 hollowedearthpottery.com: unclear (9s)
13:14:15 judge 8/63 willieggerman.com: reject (6s)
13:14:25 judge 9/63 clayartspace.com: reject (10s)
13:14:33 judge 10/63 potterywithapurpose.com: unclear (8s)
13:14:43 judge 11/63 hernandoarts.org: qualifies (11s)
13:14:48 judge 12/63 artslab-sc.org: unclear (5s)
13:14:55 judge 13/63 statefire.llr.sc.gov: reject (7s)
13:15:02 judge 14/63 fire.llr.sc.gov: reject (7s)
13:15:24 judge 15/63 clay-king.com: qualifies (23s)
13:15:29 judge 16/63 kilnfrog.com: reject (5s)
13:15:34 judge 17/63 heattreatnow.com: reject (5s)
13:15:44 judge 18/63 kilndr.com: reject (10s)
13:15:49 judge 19/63 euclids.com: reject (5s)
13:16:10 judge 20/63 kilnshare.com: reject (21s)
13:16:22 judge 21/63 kilnfire.com: reject (12s)
13:16:29 judge 22/63 irisstonepottery.com: qualifies (7s)
13:16:41 judge 23/63 charlestonmag.com: qualifies (11s)
13:16:50 judge 24/63 superpages.com: qualifies (9s)
13:16:59 judge 25/63 clayandkilnstudio.com: reject (9s)
13:17:06 judge 26/63 claycottageandartstudio.com: reject (7s)
13:17:15 judge 27/63 communitypottery.org: reject (9s)
13:17:24 judge 28/63 chamberofcommerce.com: qualifies (9s)
13:17:29 judge 29/63 zoominfo.com: reject (6s)
13:17:35 judge 30/63 cone10studios.blogspot.com: reject (6s)
13:17:41 judge 31/63 fromdustpottery.com: reject (6s)
13:17:48 judge 32/63 themadplatter.wordpress.com: reject (7s)
13:17:59 judge 33/63 onecolumbiasc.com: reject (11s)
13:18:08 judge 34/63 halfmoonpottery.com: reject (9s)
13:18:16 judge 35/63 albertapottery.com: reject (7s)
13:18:31 judge 36/63 williamfeltonschool.com: qualifies (15s)
13:18:39 judge 37/63 chillartstudios.com: unclear (8s)
13:18:47 judge 38/63 dianafarfan.com: qualifies (9s)
13:18:53 judge 39/63 kakilaki.com: unclear (6s)
13:19:00 judge 40/63 rootedbeautypottery.com: unclear (6s)
13:19:06 judge 41/63 harrythepotter.com: reject (7s)
13:19:18 judge 42/63 allfiredupstudios.com: reject (11s)
13:19:31 judge 43/63 scartshub.com: qualifies (14s)
13:19:39 judge 44/63 myrtlebeachartmuseum.myshopify.com: qualifies (8s)
13:19:48 judge 45/63 beaufortlifestyle.com: reject (9s)
13:19:56 judge 46/63 mcsweeneyclaystudio.com: qualifies (8s)
13:20:02 judge 47/63 burnoutpotterystudio.com: reject (6s)
13:20:09 judge 48/63 heartsofclay.com: reject (8s)
13:20:15 judge 49/63 spartanburgartmuseum.org: unclear (6s)
13:20:26 judge 50/63 visityorkcounty.com: qualifies (11s)
13:20:36 judge 51/63 ilovecarolina.com: qualifies (10s)
13:20:40 judge 52/63 everyonelovesmud.com: reject (5s)
13:20:50 judge 53/63 kilnspot.com: qualifies (10s)
13:20:54 judge 54/63 community.ceramicartsdaily.org: reject (4s)
13:20:59 judge 55/63 homemade.education: reject (4s)
13:21:08 judge 56/63 my.ceramicmaterialsworkshop.com: qualifies (10s)
13:21:16 judge 57/63 hiltonheadpottery.com: qualifies (8s)
13:21:28 judge 58/63 trianglepotters.org: qualifies (12s)
13:21:33 judge 59/63 clemson.edu: reject (4s)
13:21:38 judge 60/63 culturalarts.northcharleston.org: reject (6s)
13:21:45 judge 61/63 exploreedgefield.com: qualifies (7s)
13:21:51 judge 62/63 scetv.org: unclear (6s)
13:21:59 judge 63/63 musingaboutmud.com: reject (7s)
13:21:59 report: 5 qualify, 24 unclear, 101 rejected, 4 social
