14:13:54 search: 34 new of 34 (each costs 2 Tavily credits)
14:20:39 fetch: 112 places to read (119 total)
14:20:42 fetch: 10 read
14:20:47 fetch: 20 read
14:20:52 fetch: 30 read
14:21:02 fetch: 40 read
14:21:06 fetch: 50 read
14:21:14 fetch: 60 read
14:21:20 fetch: 70 read
14:21:26 fetch: 80 read
14:21:29 fetch: 90 read
14:21:40 fetch: 100 read
14:21:47 fetch: 110 read
14:21:49 judge: 51 places for gemma4:latest
14:22:27 judge 1/51 shelbyprindaville.com: qualifies (38s)
14:22:39 judge 2/51 dakotabones.com: qualifies (11s)
14:22:47 judge 3/51 turningleafpottery.com: reject (8s)
14:22:58 judge 4/51 ceramicinfospot.com: reject (11s)
14:23:08 judge 5/51 farmandfire.com: reject (10s)
14:23:16 judge 6/51 canvas.kirklandartscenter.org: reject (8s)
14:23:26 judge 7/51 smudgestudiosceramics.com: qualifies (10s)
14:23:32 judge 8/51 willieggerman.com: reject (5s)
14:23:38 judge 9/51 pitfire.com: reject (6s)
14:24:01 judge 10/51 upinsmokepottery.com: qualifies (23s)
14:24:08 judge 11/51 sd.gov: reject (8s)
14:24:15 judge 12/51 classcentral.com: reject (6s)
14:24:22 judge 13/51 southdakotasafetycouncil.org: reject (7s)
14:24:36 judge 14/51 potterystarter.com: reject (14s)
14:24:42 judge 15/51 potterywithapurpose.com: reject (6s)
14:24:48 judge 16/51 kilnfrog.com: reject (6s)
14:24:54 judge 17/51 euclids.com: reject (6s)
14:25:01 judge 18/51 cursist-courses.com: reject (7s)
14:25:18 judge 19/51 kilnshare.com: reject (17s)
14:25:24 judge 20/51 heattreatnow.com: reject (6s)
14:25:34 judge 21/51 findglocal.com: qualifies (10s)
14:25:44 judge 22/51 siouxfalls.colormemine.com: qualifies (10s)
14:25:54 judge 23/51 clayandkilnstudio.com: reject (10s)
14:25:59 judge 24/51 siouxcityartcenter.ticketspice.com: reject (5s)
14:26:08 judge 25/51 communitypottery.org: reject (9s)
14:26:19 judge 26/51 siouxfalls.business: qualifies (11s)
14:26:29 judge 27/51 rapidcityartscouncil.org: reject (10s)
14:26:35 judge 28/51 pottery2paint.com: reject (6s)
14:26:40 judge 29/51 thedahl.org: reject (5s)
14:26:48 judge 30/51 brookingsartscouncil.blogspot.com: qualifies (8s)
14:26:55 judge 31/51 visitbrookingssd.com: reject (7s)
14:27:01 judge 32/51 brookingsartscouncil.org: qualifies (6s)
14:27:07 judge 33/51 thefoundrypotterystudio.com: reject (6s)
14:27:12 judge 34/51 spearfishclayworks.com: unclear (5s)
14:27:18 judge 35/51 my.ceramicmaterialsworkshop.com: reject (6s)
14:27:21 judge 36/51 joncranegallery.net: reject (3s)
14:27:29 judge 37/51 bhpioneer.com: reject (7s)
14:27:36 judge 38/51 visitspearfish.com: qualifies (7s)
14:27:43 judge 39/51 kilnfire.com: reject (7s)
14:27:47 judge 40/51 community.ceramicartsdaily.org: reject (4s)
14:27:56 judge 41/51 usd.edu: reject (9s)
14:28:03 judge 42/51 webtrac.aberdeen.sd.us: qualifies (7s)
14:28:10 judge 43/51 aberdeen.sd.us: qualifies (7s)
14:28:15 judge 44/51 livingkilnpotterystudio.com: reject (5s)
14:28:22 judge 45/51 aardvarkclay.com: reject (7s)
14:28:33 judge 46/51 skutt.com: reject (11s)
14:28:38 judge 47/51 sdstate.edu: reject (5s)
14:28:46 judge 48/51 en.wikipedia.org: reject (7s)
14:28:53 judge 49/51 cassvilleanagama.com: reject (8s)
14:29:00 judge 50/51 johnreinking.com: reject (6s)
14:29:10 judge 51/51 ceramicsfieldguide.org: reject (11s)
14:29:10 report: 2 qualify, 11 unclear, 99 rejected, 7 social
