08:18:54 search: 37 new of 37 (each costs 2 Tavily credits)
08:26:39 fetch: 127 places to read (134 total)
08:26:40 fetch: 10 read
08:26:47 fetch: 20 read
08:26:52 fetch: 30 read
08:26:59 fetch: 40 read
08:27:08 fetch: 50 read
08:27:10 fetch: 60 read
08:27:14 fetch: 70 read
08:27:20 fetch: 80 read
08:27:24 fetch: 90 read
08:27:30 fetch: 100 read
08:27:36 fetch: 110 read
08:27:42 fetch: 120 read
09:47:58 fetch: 0 places to read (134 total)
09:47:58 judge: 65 places for gemma4:latest
09:48:08 judge 1/65 alewinepottery.net: qualifies (10s)
09:48:18 judge 2/65 classes.mightymud.com: qualifies (10s)
09:48:28 judge 3/65 midsouthceramics.com: qualifies (11s)
09:48:38 judge 4/65 commongracepottery.com: qualifies (10s)
09:48:56 judge 5/65 ceramicinfospot.com: reject (18s)
09:49:06 judge 6/65 southarts.org: qualifies (10s)
09:49:16 judge 7/65 arrowmont.org: qualifies (10s)
09:49:25 judge 8/65 blogs.tntech.edu: qualifies (9s)
09:49:37 judge 9/65 pigeonforgechamber.com: qualifies (11s)
09:49:47 judge 10/65 shipleypottery.com: reject (10s)
09:49:59 judge 11/65 community.ceramicartsdaily.org: reject (12s)
09:50:11 judge 12/65 studiospottery.com: qualifies (12s)
09:50:19 judge 13/65 nashville-pottery.com: reject (9s)
09:50:39 judge 14/65 kilnfire.com: qualifies (19s)
09:50:52 judge 15/65 bookwhen.com: qualifies (14s)
09:51:09 judge 16/65 kintekfurnace.com: reject (17s)
09:51:28 judge 17/65 digitalfire.com: reject (19s)
09:51:46 judge 18/65 potterystarter.com: reject (18s)
09:51:54 judge 19/65 conebluepottery.com: reject (8s)
09:52:16 judge 20/65 clay-king.com: reject (22s)
09:52:23 judge 21/65 potterywithapurpose.com: reject (8s)
09:52:30 judge 22/65 kilnfrog.com: reject (7s)
09:52:37 judge 23/65 euclids.com: reject (7s)
09:53:04 judge 24/65 clayartspace.com: qualifies (27s)
09:53:43 judge 25/65 kilnshare.com: reject (39s)
09:54:07 judge 26/65 tn.gov: reject (24s)
09:54:27 judge 27/65 csbsju.edu: reject (20s)
09:54:49 judge 28/65 potterylist.com: reject (22s)
09:55:15 judge 29/65 belltowerpottery.com: qualifies (26s)
09:55:35 judge 30/65 summeraveartclay.com: reject (19s)
09:55:56 judge 31/65 creativeagingmidsouth.org: reject (22s)
09:56:44 judge 32/65 christianapottery.com: qualifies (47s)
09:57:09 judge 33/65 mightymud.com: qualifies (25s)
09:57:31 judge 34/65 themakercity.org: qualifies (22s)
09:57:59 judge 35/65 knoxvilleartstudio.com: qualifies (29s)
09:58:33 judge 36/65 clayandkilnstudio.com: reject (34s)
09:59:06 judge 37/65 seesthrutrees.com: qualifies (33s)
09:59:47 judge 38/65 thepotteryplacechattanooga.com: qualifies (41s)
10:00:13 judge 39/65 oyatepottery.com: reject (25s)
10:00:42 judge 40/65 chattanooga.com: qualifies (30s)
10:01:17 judge 41/65 sceniccityclayarts.org: qualifies (35s)
10:01:41 judge 42/65 visitchattanooga.com: qualifies (24s)
10:02:17 judge 43/65 arrowheadart.org: reject (36s)
10:03:04 judge 44/65 claydirectory.com: reject (46s)
10:03:30 judge 45/65 findglocal.com: qualifies (27s)
10:04:17 judge 46/65 gatlinburg.com: reject (47s)
10:04:43 judge 47/65 intothefirejc.com: reject (26s)
10:05:06 judge 48/65 khitchglass.com: reject (23s)
10:05:36 judge 49/65 mindtrip.ai: qualifies (30s)
10:06:35 judge 50/65 katiesclaystudio.com: reject (59s)
10:07:02 judge 51/65 art.placefull.com: qualifies (27s)
10:07:33 judge 52/65 boropulse.com: qualifies (31s)
10:08:16 judge 53/65 yellowbot.com: qualifies (43s)
10:08:40 judge 54/65 my.ceramicmaterialsworkshop.com: qualifies (24s)
10:09:09 judge 55/65 murfreesboro.colormemine.com: reject (28s)
10:09:32 judge 56/65 sheffield-pottery.com: reject (24s)
10:10:18 judge 57/65 theceramicshop.com: reject (45s)
10:10:37 judge 58/65 glazequeen.com: reject (19s)
10:11:10 judge 59/65 blueridgepotters.com: qualifies (33s)
10:11:44 judge 60/65 easttnhistory.org: qualifies (34s)
10:12:24 judge 61/65 etsu.edu: qualifies (41s)
10:12:50 judge 62/65 en.wikipedia.org: reject (26s)
10:13:13 judge 63/65 global.kyoto-nokaze.com: reject (23s)
10:13:37 judge 64/65 schoolofservice.org: reject (24s)
10:13:57 judge 65/65 mudfire.com: reject (20s)
10:13:57 report: 10 qualify, 21 unclear, 96 rejected, 7 social
