06:45:42 search: 37 new of 37 (each costs 2 Tavily credits)
06:47:02 fetch: 168 places to read (176 total)
06:47:03 fetch: 10 read
06:47:09 fetch: 20 read
06:47:16 fetch: 30 read
06:47:21 fetch: 40 read
06:47:24 fetch: 50 read
06:47:29 fetch: 60 read
06:47:32 fetch: 70 read
06:47:37 fetch: 80 read
06:47:38 fetch: 90 read
06:47:39 fetch: 100 read
06:47:43 fetch: 110 read
06:47:47 fetch: 120 read
06:47:52 fetch: 130 read
06:47:56 fetch: 140 read
06:47:59 fetch: 150 read
06:48:05 fetch: 160 read
06:48:10 judge: 132 places for gemma4:latest
06:48:24 judge 1/132 commonclayspace.com: qualifies (14s)
06:48:50 judge 2/132 munson.art: qualifies (26s)
06:49:02 judge 3/132 eastcreekart.org: reject (12s)
06:49:19 judge 4/132 groundworksartlab.org: qualifies (18s)
06:49:41 judge 5/132 paseopottery.com: qualifies (22s)
06:49:53 judge 6/132 higherfirestudios.com: reject (12s)
06:50:08 judge 7/132 clayplayarts.com: qualifies (15s)
06:50:19 judge 8/132 atlanticpotterysupply.com: reject (11s)
06:50:30 judge 9/132 shelbyprindaville.com: reject (11s)
06:50:47 judge 10/132 blossomhillcrafts.com: qualifies (17s)
06:50:59 judge 11/132 ryanmckerley.com: qualifies (13s)
06:51:14 judge 12/132 thepottersstudio.org: qualifies (15s)
06:51:21 judge 13/132 seagrasspottery.com: qualifies (7s)
06:51:27 judge 14/132 canvas.kirklandartscenter.org: reject (6s)
06:51:54 judge 15/132 marianwilliamspottery.com: qualifies (27s)
06:52:05 judge 16/132 houstonpotterystudio.com: qualifies (11s)
06:52:30 judge 17/132 pottersplacepottery.com: qualifies (25s)
06:52:44 judge 18/132 https://classbento.com/raku-pottery-firing-workshop-houston: qualifies (15s)
06:53:01 judge 19/132 dallaspotterystudio.com: qualifies (17s)
06:53:24 judge 20/132 cliffhousestudio.com: qualifies (23s)
06:53:34 judge 21/132 corrannyforestpottery.com: reject (11s)
06:53:45 judge 22/132 seatownpottery.com: qualifies (11s)
06:53:53 judge 23/132 propanecounciloftexas.org: reject (8s)
06:54:11 judge 24/132 cantonclayworks.com: qualifies (18s)
06:54:29 judge 25/132 turningearth.org: reject (18s)
06:54:38 judge 26/132 classcentral.com: reject (9s)
06:54:43 judge 27/132 rrc.state.tx.us: reject (5s)
06:54:48 judge 28/132 katherinefortnumceramics.com: reject (5s)
06:54:57 judge 29/132 firegallery.art: qualifies (9s)
06:55:05 judge 30/132 fireundertheoaks.com: reject (8s)
06:55:18 judge 31/132 processceramics.com: qualifies (13s)
06:55:27 judge 32/132 taoofclay.com: qualifies (8s)
06:55:35 judge 33/132 logcabinvillage.org: qualifies (8s)
06:55:41 judge 34/132 museumfoundation.org: qualifies (7s)
06:55:55 judge 35/132 oribefiring.com: qualifies (13s)
06:56:01 judge 36/132 littlecreekceramics.com: qualifies (6s)
06:56:14 judge 37/132 firedupclayco.com: qualifies (13s)
06:56:27 judge 38/132 clayhouston.org: qualifies (13s)
06:56:37 judge 39/132 potterybyshikha.com: reject (10s)
06:56:43 judge 40/132 lemoyne.org: qualifies (6s)
06:56:50 judge 41/132 armadilloclay.com: qualifies (8s)
06:56:58 judge 42/132 featsofclaypottery.com: qualifies (8s)
06:57:06 judge 43/132 ceramigos-austin.com: qualifies (9s)
06:57:14 judge 44/132 fearlesscaptivations.com: reject (7s)
06:57:22 judge 45/132 mudstudioceramics.com: reject (8s)
06:57:30 judge 46/132 thehotspotstudios.com: reject (8s)
06:57:37 judge 47/132 clayfinder.com: qualifies (7s)
06:57:43 judge 48/132 gosummersault.com: qualifies (6s)
06:57:52 judge 49/132 marcjeannin.com: qualifies (8s)
06:58:01 judge 50/132 rockportartcenter.com: qualifies (9s)
06:58:10 judge 51/132 thecontemporaryaustin.org: qualifies (9s)
06:58:39 judge 52/132 alexadamsclaywork.com: qualifies (29s)
06:59:00 judge 53/132 houstoniamag.com: qualifies (21s)
06:59:12 judge 54/132 https://classbento.com/pottery-classes-houston: qualifies (12s)
06:59:29 judge 55/132 pottery-houston.com: qualifies (17s)
06:59:46 judge 56/132 marcelloandres.com: qualifies (17s)
07:00:11 judge 57/132 glasstire.com: qualifies (25s)
07:00:33 judge 58/132 dirtandceremony.com: reject (22s)
07:01:01 judge 59/132 garretpendergrasspottery.com: reject (28s)
07:01:15 judge 60/132 cera-fw.org: qualifies (14s)
07:01:27 judge 61/132 clothandglaze.com: reject (13s)
07:01:47 judge 62/132 creativeartscenter.org: reject (19s)
07:02:20 judge 63/132 kilnfire.com: reject (33s)
07:02:36 judge 64/132 dallasclaycollective.com: reject (16s)
07:02:56 judge 65/132 pottery-dallas.com: qualifies (19s)
07:03:12 judge 66/132 fcsclayworks.com: qualifies (16s)
07:03:32 judge 67/132 untoday.org: reject (21s)
07:03:57 judge 68/132 ratcitystudios.com: reject (25s)
07:04:13 judge 69/132 studiosalespottery.com: reject (16s)
07:04:29 judge 70/132 3rdcoastclay.com: qualifies (16s)
07:04:45 judge 71/132 htxclay.com: reject (16s)
07:05:07 judge 72/132 fourcirclestudio.com: qualifies (22s)
07:05:20 judge 73/132 roadrunnerceramics-2.myshopify.com: qualifies (14s)
07:05:39 judge 74/132 theworkshopattimberridge.com: qualifies (19s)
07:06:03 judge 75/132 utsa.edu: reject (23s)
07:06:32 judge 76/132 roadrunnerceramics.com: qualifies (30s)
07:06:54 judge 77/132 mcnayart.org: qualifies (22s)
07:07:14 judge 78/132 oblateclay.com: qualifies (20s)
07:07:30 judge 79/132 maps.apple.com: qualifies (16s)
07:07:48 judge 80/132 cantareras.com: qualifies (18s)
07:08:06 judge 81/132 maudandmabel.com: reject (18s)
07:08:28 judge 82/132 frontporchpotterystudio.com: reject (22s)
07:09:15 judge 83/132 ceramicartsnetwork.org: qualifies (47s)
07:09:36 judge 84/132 viewarts.org: qualifies (21s)
07:10:09 judge 85/132 kilnfolkclay.com: reject (33s)
07:10:42 judge 86/132 theclaypotpottery.com: qualifies (33s)
07:11:00 judge 87/132 tumbleweedclay.com: qualifies (18s)
07:11:20 judge 88/132 clayworkselp.com: qualifies (21s)
07:11:39 judge 89/132 sol-ceramics.com: reject (19s)
07:11:59 judge 90/132 dentonceramicscollective.com: reject (20s)
07:12:19 judge 91/132 ceramic.school: qualifies (20s)
07:12:37 judge 92/132 cvad.unt.edu: reject (18s)
07:12:58 judge 93/132 thecraftguild.org: qualifies (21s)
07:13:17 judge 94/132 arthousetx.com: qualifies (19s)
07:13:50 judge 95/132 artcentercc.org: qualifies (33s)
07:14:10 judge 96/132 clayworksinc.org: reject (20s)
07:14:40 judge 97/132 lhuca.org: qualifies (31s)
07:15:05 judge 98/132 bbclaystudio.org: qualifies (24s)
07:15:22 judge 99/132 my.ceramicmaterialsworkshop.com: reject (17s)
07:15:40 judge 100/132 mylubbock.us: qualifies (18s)
07:15:58 judge 101/132 claycafelubbock.com: reject (19s)
07:16:14 judge 102/132 superpages.com: qualifies (16s)
07:16:31 judge 103/132 showmelocal.com: qualifies (17s)
07:16:51 judge 104/132 stanleymarketplace.com: reject (19s)
07:17:11 judge 105/132 blackoakart.com: qualifies (21s)
07:17:26 judge 106/132 triplewinwaco.com: reject (15s)
07:17:41 judge 107/132 lonestarclaystudio.com: qualifies (15s)
07:17:57 judge 108/132 jlpottery.com: qualifies (15s)
07:18:19 judge 109/132 visitfredericksburgtx.com: reject (22s)
07:18:32 judge 110/132 texasmuddauber.com: unclear (13s)
07:18:49 judge 111/132 kristv.com: qualifies (17s)
07:19:10 judge 112/132 downtowncorpuschristi.org: reject (21s)
07:19:27 judge 113/132 seattlepotterysupply.com: reject (17s)
07:19:49 judge 114/132 kruegerpottery.com: reject (22s)
07:20:17 judge 115/132 aardvarkclay.com: reject (28s)
07:20:36 judge 116/132 ceramicstoreinc.com: unclear (19s)
07:20:57 judge 117/132 en.wikipedia.org: reject (21s)
07:21:06 judge 118/132 westga.edu: reject (9s)
07:21:34 judge 119/132 thomasfossier.com: reject (28s)
07:21:56 judge 120/132 nalatanalata.com: reject (22s)
07:22:10 judge 121/132 hillpotters.square.site: qualifies (14s)
07:22:35 judge 122/132 jcgep.org: qualifies (25s)
07:22:59 judge 123/132 colfa.utsa.edu: qualifies (24s)
07:23:15 judge 124/132 udallas.edu: reject (16s)
07:23:31 judge 125/132 mclennan.edu: reject (16s)
07:23:50 judge 126/132 craftcouncil.org: reject (19s)
07:24:04 judge 127/132 visitmathews.com: reject (14s)
07:24:14 judge 128/132 turnercenter.org: qualifies (10s)
07:24:33 judge 129/132 vrpotteryobx.com: qualifies (19s)
07:24:50 judge 130/132 schoolofservice.org: reject (17s)
07:25:05 judge 131/132 sites.google.com: reject (15s)
07:25:31 judge 132/132 theresidencyreview.com: qualifies (26s)
07:25:31 report: 43 qualify, 36 unclear, 89 rejected, 8 social
