08:03:21 search: 37 new of 37 (each costs 2 Tavily credits)
08:11:00 fetch: 122 places to read (125 total)
08:11:02 fetch: 10 read
08:11:09 fetch: 20 read
08:11:13 fetch: 30 read
08:11:23 fetch: 40 read
08:11:30 fetch: 50 read
08:11:35 fetch: 60 read
08:11:38 fetch: 70 read
08:11:48 fetch: 80 read
08:11:56 fetch: 90 read
08:12:01 fetch: 100 read
08:12:09 fetch: 110 read
08:12:14 fetch: 120 read
08:12:18 judge: 71 places for gemma4:latest
08:12:41 judge 1/71 rakupotteryutah.com: qualifies (24s)
08:13:07 judge 2/71 theclayhole.com: qualifies (26s)
08:13:34 judge 3/71 petersenartcenter.com: qualifies (27s)
08:14:05 judge 4/71 moabsunnews.com: qualifies (32s)
08:14:34 judge 5/71 nowplayingutah.com: qualifies (28s)
08:14:59 judge 6/71 shop.app: reject (25s)
08:15:30 judge 7/71 ceramicinfospot.com: reject (31s)
08:16:02 judge 8/71 woodfiring.net: reject (32s)
08:16:27 judge 9/71 cruzquintero.com: qualifies (25s)
08:17:01 judge 10/71 canvas.kirklandartscenter.org: reject (34s)
08:17:29 judge 11/71 saltcitysmithery.com: unclear (28s)
08:18:00 judge 12/71 sunstonepotterysupply.com: qualifies (32s)
08:18:43 judge 13/71 kilnfire.com: reject (42s)
08:19:13 judge 14/71 thekreativekiln.com: reject (31s)
08:19:56 judge 15/71 kayentafire.com: qualifies (42s)
08:20:17 judge 16/71 thetiltedkiln.com: reject (22s)
08:20:37 judge 17/71 muddiebuddiespottery.com: qualifies (20s)
08:21:01 judge 18/71 alpineforestryutah.com: reject (24s)
08:21:16 judge 19/71 nwcg.gov: reject (16s)
08:21:59 judge 20/71 wildlife.utah.gov: reject (42s)
08:22:37 judge 21/71 artisticindustriesutah.com: reject (38s)
08:23:08 judge 22/71 clay-king.com: reject (31s)
08:23:32 judge 23/71 potterywithapurpose.com: reject (24s)
08:23:48 judge 24/71 kilnfrog.com: reject (16s)
08:24:20 judge 25/71 euclids.com: reject (32s)
08:25:02 judge 26/71 pottersshop.com: reject (42s)
08:25:35 judge 27/71 shimpoceramics.com: qualifies (33s)
08:26:14 judge 28/71 potteryworkshopslc.com: qualifies (39s)
08:26:55 judge 29/71 cottonwoodclay.com: unclear (42s)
08:27:24 judge 30/71 gtclayworks.com: unclear (29s)
08:27:58 judge 31/71 paintfusionparkcity.com: qualifies (34s)
08:28:29 judge 32/71 clayandkilnstudio.com: reject (31s)
08:28:55 judge 33/71 burnoutpotterystudio.com: reject (26s)
08:29:31 judge 34/71 app.advcollective.com: qualifies (35s)
08:29:57 judge 35/71 throwartstudio.com: qualifies (27s)
08:30:34 judge 36/71 provo.com: qualifies (37s)
08:30:56 judge 37/71 movetoprovoutah.com: reject (22s)
08:31:34 judge 38/71 desertsunceramics.com: qualifies (38s)
08:32:04 judge 39/71 moabarts.org: qualifies (30s)
08:32:27 judge 40/71 claystuff.com: qualifies (23s)
08:32:58 judge 41/71 my.ceramicmaterialsworkshop.com: qualifies (31s)
08:33:34 judge 42/71 tiltedkilnpottery.com: qualifies (36s)
08:34:02 judge 43/71 tiltedkilnceramics.com: reject (28s)
08:34:23 judge 44/71 435locals.com: unclear (21s)
08:34:45 judge 45/71 community.ceramicartsdaily.org: reject (23s)
08:35:20 judge 46/71 stgeorgepotters.org: reject (34s)
08:35:46 judge 47/71 homemade.education: reject (26s)
08:36:23 judge 48/71 sgcityutah.gov: qualifies (37s)
08:36:51 judge 49/71 ogdencity.gov: qualifies (29s)
08:37:16 judge 50/71 earthinartpottery.com: qualifies (24s)
08:37:41 judge 51/71 ut-ogden.civicplus.com: qualifies (25s)
08:38:12 judge 52/71 utahcenterfortheceramicarts.kilnfire.com: qualifies (31s)
08:38:43 judge 53/71 loganartists.com: qualifies (31s)
08:39:08 judge 54/71 cachearts.org: qualifies (25s)
08:39:31 judge 55/71 terracottatortoise.com: qualifies (23s)
08:39:53 judge 56/71 logan.colormemine.com: reject (22s)
08:40:26 judge 57/71 adamcorbridgepottery.com: qualifies (33s)
08:41:06 judge 58/71 aardvarkclay.com: reject (40s)
08:41:26 judge 59/71 pattysceramics.com: qualifies (20s)
08:41:46 judge 60/71 utahyaki.com: reject (21s)
08:42:17 judge 61/71 granaryarts.org: qualifies (30s)
08:42:41 judge 62/71 flashandash.com: reject (25s)
08:43:17 judge 63/71 kilnshare.com: reject (36s)
08:43:40 judge 64/71 art.utah.edu: reject (23s)
08:44:08 judge 65/71 en.wikipedia.org: reject (28s)
08:44:29 judge 66/71 global.kyoto-nokaze.com: reject (21s)
08:45:10 judge 67/71 anagama-west.com: reject (42s)
08:45:43 judge 68/71 katsutaroukikuchi.com: reject (33s)
08:46:15 judge 69/71 artistsofutah.org: reject (32s)
08:46:35 judge 70/71 schoolofservice.org: reject (20s)
08:46:49 judge 71/71 schallergallery.com: reject (15s)
08:46:49 report: 6 qualify, 29 unclear, 87 rejected, 3 social
