14:12:17 search: 34 new of 34 (each costs 2 Tavily credits)
14:12:57 search failed raku or wood firing pottery studio Roanoke VA tavily: {"detail":{"error":"This request exceeds your plan's set usage limit. Please upgrade your plan or contact support@tavily.com"}}
14:12:57 search failed Roanoke Virginia clay studio kiln firing workshop tavily: {"detail":{"error":"This request exceeds your plan's set usage limit. Please upgrade your plan or contact support@tavily.com"}}
14:12:58 search failed cone 10 gas reduction community pottery studio membership Alexandria VA tavily: {"detail":{"error":"This request exceeds your plan's set usage limit. Please upgrade your plan or contact support@tavily.com"}}
14:12:58 search failed Alexandria Virginia clay studio kiln firing workshop tavily: {"detail":{"error":"This request exceeds your plan's set usage limit. Please upgrade your plan or contact support@tavily.com"}}
14:12:58 search failed raku or wood firing pottery studio Floyd VA tavily: {"detail":{"error":"This request exceeds your plan's set usage limit. Please upgrade your plan or contact support@tavily.com"}}
14:12:58 search failed cone 10 gas reduction community pottery studio membership Floyd VA tavily: {"detail":{"error":"This request exceeds your plan's set usage limit. Please upgrade your plan or contact support@tavily.com"}}
14:12:58 search failed cone 10 gas reduction community pottery studio membership Roanoke VA tavily: {"detail":{"error":"This request exceeds your plan's set usage limit. Please upgrade your plan or contact support@tavily.com"}}
14:12:58 search failed Floyd Virginia clay studio kiln firing workshop tavily: {"detail":{"error":"This request exceeds your plan's set usage limit. Please upgrade your plan or contact support@tavily.com"}}
14:12:58 search failed pottery supply store raku firing Virginia tavily: {"detail":{"error":"This request exceeds your plan's set usage limit. Please upgrade your plan or contact support@tavily.com"}}
14:12:58 search failed potters guild wood firing Virginia tavily: {"detail":{"error":"This request exceeds your plan's set usage limit. Please upgrade your plan or contact support@tavily.com"}}
14:12:58 search failed anagama kiln Virginia tavily: {"detail":{"error":"This request exceeds your plan's set usage limit. Please upgrade your plan or contact support@tavily.com"}}
14:12:58 search failed community college ceramics wood kiln open to public Virginia tavily: {"detail":{"error":"This request exceeds your plan's set usage limit. Please upgrade your plan or contact support@tavily.com"}}
14:12:58 search failed raku party book a private firing Virginia tavily: {"detail":{"error":"This request exceeds your plan's set usage limit. Please upgrade your plan or contact support@tavily.com"}}
14:12:58 search failed ceramics residency atmospheric firing Virginia tavily: {"detail":{"error":"This request exceeds your plan's set usage limit. Please upgrade your plan or contact support@tavily.com"}}
14:12:58 fetch: 100 places to read (105 total)
14:13:05 fetch: 10 read
14:13:09 fetch: 20 read
14:13:14 fetch: 30 read
14:13:17 fetch: 40 read
14:13:20 fetch: 50 read
14:13:26 fetch: 60 read
14:13:28 fetch: 70 read
14:13:30 fetch: 80 read
14:13:36 fetch: 90 read
14:13:56 fetch: 100 read
14:13:56 judge: 66 places for gemma4:latest
14:14:20 judge 1/66 clayplayarts.com: qualifies (25s)
14:14:34 judge 2/66 virginiabeach.com: qualifies (14s)
14:14:47 judge 3/66 artcentervb.networkforgood.com: qualifies (13s)
14:15:03 judge 4/66 simpletix.com: qualifies (16s)
14:15:20 judge 5/66 lexingtonvirginia.com: qualifies (17s)
14:15:38 judge 6/66 noahwoodfired.com: qualifies (18s)
14:15:51 judge 7/66 anagama.lt: reject (13s)
14:16:11 judge 8/66 scottpots.com: qualifies (20s)
14:16:31 judge 9/66 bradleybirkhimer.com: qualifies (21s)
14:16:40 judge 10/66 cdava.com: qualifies (9s)
14:16:52 judge 11/66 iowaceramicscenter.org: reject (12s)
14:17:01 judge 12/66 canvas.kirklandartscenter.org: reject (8s)
14:17:16 judge 13/66 notboredindc.com: qualifies (15s)
14:17:29 judge 14/66 eastcityart.com: qualifies (13s)
14:17:45 judge 15/66 althousepottery.com: qualifies (17s)
14:18:01 judge 16/66 oionline.com: qualifies (16s)
14:18:20 judge 17/66 alexadamsclaywork.com: qualifies (19s)
14:18:36 judge 18/66 theworkshopattimberridge.com: qualifies (16s)
14:18:45 judge 19/66 theartleague.org: qualifies (9s)
14:18:54 judge 20/66 cubcreek.org: qualifies (9s)
14:19:07 judge 21/66 cantonclayworks.com: qualifies (12s)
14:19:21 judge 22/66 classcentral.com: reject (14s)
14:19:33 judge 23/66 katherinefortnumceramics.com: reject (13s)
14:19:47 judge 24/66 kilnfrog.com: reject (14s)
14:19:57 judge 25/66 handthrown.studio: qualifies (10s)
14:20:11 judge 26/66 littlecreekceramics.com: qualifies (14s)
14:20:26 judge 27/66 oldschoolclayandceramics.com: qualifies (16s)
14:20:38 judge 28/66 virginiamoca.org: reject (12s)
14:20:52 judge 29/66 visarts.org: qualifies (14s)
14:21:03 judge 30/66 jepsonpotteryvideos.com: reject (11s)
14:21:30 judge 31/66 classbento.co.uk: reject (27s)
14:21:44 judge 32/66 theclayhole.com: reject (14s)
14:22:01 judge 33/66 rivercity-clay.com: qualifies (18s)
14:22:18 judge 34/66 rosewoodpottery.com: qualifies (17s)
14:22:29 judge 35/66 salishseaceramicstudio.com: qualifies (11s)
14:22:42 judge 36/66 corrannyforestpottery.com: reject (12s)
14:22:53 judge 37/66 csbsju.edu: qualifies (12s)
14:23:02 judge 38/66 careers.jamescitycountyva.gov: reject (8s)
14:23:12 judge 39/66 academycenter.org: qualifies (10s)
14:23:23 judge 40/66 craftcouncil.org: reject (11s)
14:23:37 judge 41/66 eastcreekart.org: qualifies (14s)
14:23:54 judge 42/66 rva.still-life-studio.com: qualifies (17s)
14:24:14 judge 43/66 bradleybpottery.com: qualifies (20s)
14:24:27 judge 44/66 alexandriaclaycoop.com: qualifies (13s)
14:24:33 judge 45/66 corgiclayartcenter.com: reject (6s)
14:24:52 judge 46/66 kilnfire.com: reject (19s)
14:25:09 judge 47/66 theclaypotpottery.com: qualifies (16s)
14:25:24 judge 48/66 maudandmabel.com: qualifies (15s)
14:25:31 judge 49/66 sunsetcanyonpottery.com: reject (7s)
14:25:35 judge 50/66 community.ceramicartsdaily.org: reject (4s)
14:25:42 judge 51/66 milkweedclaystudio.com: reject (7s)
14:25:49 judge 52/66 lazydaisyceramicsinc.com: reject (7s)
14:25:59 judge 53/66 thetorggler.org: qualifies (10s)
14:26:06 judge 54/66 still-life-studio-silver-spring.myshopify.com: qualifies (6s)
14:26:16 judge 55/66 communitypottery.org: reject (10s)
14:26:23 judge 56/66 allhandspottery.com: qualifies (7s)
14:26:31 judge 57/66 my.ceramicmaterialsworkshop.com: reject (7s)
14:26:37 judge 58/66 vtymca.org: reject (6s)
14:26:42 judge 59/66 patch.com: qualifies (5s)
14:26:50 judge 60/66 torpedofactory.org: qualifies (9s)
14:27:01 judge 61/66 dharamkotstudio.com: qualifies (11s)
14:27:09 judge 62/66 norfolk.gov: qualifies (8s)
14:27:18 judge 63/66 clayandkilnstudio.com: reject (9s)
14:27:25 judge 64/66 kilnfolk.au: reject (7s)
14:27:32 judge 65/66 artcentervb.org: qualifies (8s)
14:27:40 judge 66/66 thedragonflyartstudio.com: qualifies (8s)
14:27:40 report: 21 qualify, 21 unclear, 58 rejected, 5 social
