07:54:23 search: 37 new of 37 (each costs 2 Tavily credits)
08:00:45 search failed cone 10 gas reduction community pottery studio membership St. Johnsbury VT ddg: No results found.
08:01:52 fetch: 108 places to read (111 total)
08:01:54 fetch: 10 read
08:01:59 fetch: 20 read
08:02:10 fetch: 30 read
08:02:14 fetch: 40 read
08:02:23 fetch: 50 read
08:02:27 fetch: 60 read
08:02:33 fetch: 70 read
08:02:40 fetch: 80 read
08:02:46 fetch: 90 read
08:02:57 fetch: 100 read
08:56:15 fetch: 0 places to read (111 total)
08:56:15 judge: 61 places for gemma4:latest
08:56:31 judge 1/61 vermontartscouncil.org: qualifies (15s)
08:56:44 judge 2/61 lukeiannuzzipottery.com: qualifies (13s)
08:57:03 judge 3/61 vermontjournal.com: qualifies (19s)
08:57:16 judge 4/61 firsthousepottery.com: qualifies (14s)
08:57:28 judge 5/61 thirdbranchpotterysupply.com: qualifies (12s)
08:57:38 judge 6/61 acrossthegrainpottery.com: qualifies (10s)
08:57:48 judge 7/61 dirtfloorstudios.com: reject (10s)
08:58:00 judge 8/61 ceramicinfospot.com: reject (11s)
08:58:19 judge 9/61 farmandfire.com: reject (19s)
08:58:31 judge 10/61 canvas.artscenterlive.org: qualifies (12s)
08:58:57 judge 11/61 vermontcrafts.com: qualifies (26s)
08:59:14 judge 12/61 uvm.edu: qualifies (17s)
08:59:38 judge 13/61 farmhousepottery.com: qualifies (24s)
09:00:01 judge 14/61 themudstudio.com: qualifies (23s)
09:00:28 judge 15/61 middleburystudioschool.org: qualifies (27s)
09:00:56 judge 16/61 alisonwestceramics.com: qualifies (28s)
09:01:25 judge 17/61 digitalfire.com: reject (29s)
09:01:42 judge 18/61 potterywithapurpose.com: reject (17s)
09:02:19 judge 19/61 pottersshop.com: reject (37s)
09:02:52 judge 20/61 kilnshare.com: reject (33s)
09:03:12 judge 21/61 clayartspace.com: reject (20s)
09:03:28 judge 22/61 customcastingsofvermont.com: reject (16s)
09:03:43 judge 23/61 kilnfrog.com: reject (16s)
09:04:02 judge 24/61 cursist-courses.com: reject (19s)
09:04:20 judge 25/61 coltonenterprises.com: reject (18s)
09:04:48 judge 26/61 newenglandwfc.com: qualifies (28s)
09:05:09 judge 27/61 distinguishedteaching.com: unclear (21s)
09:05:45 judge 28/61 claydirectory.com: reject (36s)
09:06:00 judge 29/61 frontporchforum.com: qualifies (16s)
09:06:15 judge 30/61 burlingtoncityarts.org: reject (14s)
09:06:40 judge 31/61 vermontpublic.org: qualifies (26s)
09:06:59 judge 32/61 burlingtonpottersguild.com: qualifies (19s)
09:07:11 judge 33/61 brittonblanchard.com: reject (11s)
09:07:35 judge 34/61 communitypottery.org: reject (24s)
09:07:52 judge 35/61 greenhousepots.com: unclear (18s)
09:08:23 judge 36/61 alltogethernowvt.org: qualifies (31s)
09:08:59 judge 37/61 riverartsvt.org: reject (36s)
09:09:22 judge 38/61 burnoutpotterystudio.com: reject (23s)
09:09:47 judge 39/61 walterslowinskipottery.weebly.com: qualifies (24s)
09:10:15 judge 40/61 brattleboroclayworks.com: qualifies (29s)
09:10:32 judge 41/61 wheelhouseclaycenter.com: reject (16s)
09:11:00 judge 42/61 my.ceramicmaterialsworkshop.com: unclear (28s)
09:11:34 judge 43/61 stayotherland.com: qualifies (34s)
09:11:57 judge 44/61 community.ceramicartsdaily.org: reject (23s)
09:12:31 judge 45/61 middleburystudioschool.corsizio.com: qualifies (34s)
09:13:05 judge 46/61 homemade.education: qualifies (34s)
09:13:20 judge 47/61 downtownrutland.com: reject (15s)
09:13:35 judge 48/61 rutlandherald.com: reject (15s)
09:13:45 judge 49/61 katherinestaples.com: reject (11s)
09:13:55 judge 50/61 rutlandmint.org: reject (9s)
09:14:02 judge 51/61 jan-ernst.com: reject (8s)
09:14:20 judge 52/61 jacksonwoodstock.com: qualifies (18s)
09:14:30 judge 53/61 claynaround.com: reject (10s)
09:14:39 judge 54/61 vermontceramic.com: reject (9s)
09:14:53 judge 55/61 shelburnefarmersmarket.org: qualifies (14s)
09:15:12 judge 56/61 manchesterjournal.com: qualifies (20s)
09:15:36 judge 57/61 benningtonbanner.com: qualifies (23s)
09:15:54 judge 58/61 en.wikipedia.org: reject (18s)
09:16:11 judge 59/61 cassvilleanagama.com: reject (17s)
09:16:22 judge 60/61 eastcreekart.org: reject (10s)
09:16:35 judge 61/61 lakecountyfeatures.substack.com: reject (13s)
09:16:35 report: 13 qualify, 17 unclear, 78 rejected, 3 social
