09:44:34 search: 27 new of 27 (each costs 2 Tavily credits)
09:45:32 fetch: 117 places to read (122 total)
09:45:33 fetch: 10 read
09:45:38 fetch: 20 read
09:45:43 fetch: 30 read
09:45:48 fetch: 40 read
09:45:53 fetch: 50 read
09:45:58 fetch: 60 read
09:46:04 fetch: 70 read
09:46:07 fetch: 80 read
09:46:11 fetch: 90 read
09:46:16 fetch: 100 read
09:46:21 fetch: 110 read
09:46:44 judge: 99 places for gemma4:latest
09:47:21 judge 1/99 munson.art: qualifies (37s)
09:47:40 judge 2/99 eastcreekart.org: qualifies (20s)
09:47:53 judge 3/99 groundworksartlab.org: qualifies (13s)
09:48:08 judge 4/99 washingtonclayarts.org: qualifies (15s)
09:48:37 judge 5/99 ratcitystudios.com: qualifies (29s)
09:48:53 judge 6/99 damiangrava.com: qualifies (16s)
09:49:08 judge 7/99 burnishclaystudio.com: qualifies (16s)
09:49:16 judge 8/99 canvas.kirklandartscenter.org: qualifies (7s)
09:49:24 judge 9/99 bainbridgecurrents.com: reject (8s)
09:49:34 judge 10/99 paseopottery.com: qualifies (10s)
09:49:44 judge 11/99 clayplayarts.com: qualifies (10s)
09:49:53 judge 12/99 higherfirestudios.com: qualifies (9s)
09:50:01 judge 13/99 atlanticpotterysupply.com: qualifies (8s)
09:50:07 judge 14/99 shelbyprindaville.com: reject (6s)
09:50:20 judge 15/99 kilnfolkclay.com: qualifies (13s)
09:50:29 judge 16/99 washingtonartassociation.org: qualifies (9s)
09:50:36 judge 17/99 samfoxschool.washu.edu: qualifies (7s)
09:50:41 judge 18/99 https://www.eventbrite.com/e/raku-firing-workshop-at-seattle-pottery-supply-tickets-1677130375099: qualifies (5s)
09:50:47 judge 19/99 eastcityart.com: reject (5s)
09:50:57 judge 20/99 seatownpottery.com: qualifies (10s)
09:51:08 judge 21/99 seattlepotterysupply.com: qualifies (12s)
09:51:17 judge 22/99 evergreencoastwa.com: qualifies (9s)
09:51:23 judge 23/99 ilwacoartworks.kilnfire.com: qualifies (6s)
09:51:33 judge 24/99 throwingmudgallery.com: qualifies (10s)
09:51:48 judge 25/99 newprospectpottery.com: qualifies (14s)
09:51:58 judge 26/99 raincityclay.com: qualifies (10s)
09:52:05 judge 27/99 artsy.net: qualifies (7s)
09:52:12 judge 28/99 cantonclayworks.com: qualifies (6s)
09:52:23 judge 29/99 turningearth.org: reject (11s)
09:52:31 judge 30/99 ceramicreview.com: reject (8s)
09:52:49 judge 31/99 classbento.co.uk: qualifies (18s)
09:52:56 judge 32/99 ofa.fas.harvard.edu: reject (7s)
09:53:24 judge 33/99 upinsmokepottery.com: qualifies (28s)
09:53:42 judge 34/99 kmun.org: qualifies (19s)
09:53:59 judge 35/99 explorewashingtonct.com: qualifies (16s)
09:54:20 judge 36/99 anhingaclaystudios.com: qualifies (22s)
09:54:33 judge 37/99 gatheringways.com: qualifies (13s)
09:54:53 judge 38/99 wetravel.com: qualifies (20s)
09:55:03 judge 39/99 whitesnakearts.com: reject (10s)
09:55:17 judge 40/99 reclaimclay.com: qualifies (14s)
09:55:52 judge 41/99 kilnfire.com: reject (35s)
09:56:10 judge 42/99 seansclaycorner.com: qualifies (18s)
09:56:25 judge 43/99 wetclaycafe.com: qualifies (16s)
09:56:53 judge 44/99 tacomaclay.com: qualifies (27s)
09:57:15 judge 45/99 findapotteryclass.com: qualifies (23s)
09:57:27 judge 46/99 phipottery.com: reject (12s)
09:57:44 judge 47/99 uptown-clay.com: reject (17s)
09:58:02 judge 48/99 https://www.eventbrite.com/e/raku-firing-workshop-at-seattle-pottery-supply-tickets-133279262863: qualifies (17s)
09:58:22 judge 49/99 spokanepottersguild.org: qualifies (21s)
09:58:47 judge 50/99 clayconnectionspokane.com: qualifies (25s)
09:59:10 judge 51/99 alexadamsclaywork.com: qualifies (22s)
09:59:31 judge 52/99 classes.mudceramics.org: qualifies (21s)
09:59:48 judge 53/99 untoday.org: reject (17s)
10:00:06 judge 54/99 jansenartcenter.org: qualifies (18s)
10:00:24 judge 55/99 salishseaceramicstudio.com: qualifies (18s)
10:00:47 judge 56/99 mudceramics.org: qualifies (23s)
10:01:10 judge 57/99 heybellingham.com: qualifies (22s)
10:01:24 judge 58/99 my.ceramicmaterialsworkshop.com: reject (14s)
10:02:07 judge 59/99 clayartcenter.net: reject (43s)
10:02:23 judge 60/99 potterylist.com: reject (17s)
10:02:50 judge 61/99 ceramic.school: qualifies (27s)
10:03:04 judge 62/99 jessguatney.com: reject (14s)
10:03:22 judge 63/99 spuntacoma.com: qualifies (18s)
10:03:45 judge 64/99 findyourmode.com: reject (23s)
10:04:01 judge 65/99 kokaneeclay.com: reject (16s)
10:04:27 judge 66/99 kaelceramic.com: qualifies (25s)
10:04:48 judge 67/99 thurstontalk.com: qualifies (21s)
10:05:14 judge 68/99 flippedpot.com: reject (26s)
10:05:38 judge 69/99 digitalfire.com: reject (24s)
10:05:55 judge 70/99 arbutusfolkschool.org: qualifies (17s)
10:06:18 judge 71/99 childhoods-end-gallery.com: qualifies (23s)
10:06:41 judge 72/99 stanleymarketplace.com: qualifies (23s)
10:07:03 judge 73/99 olympiccoastcreative.com: qualifies (22s)
10:07:38 judge 74/99 merme.in: reject (35s)
10:07:56 judge 75/99 oxcombepottery.co.uk: reject (18s)
10:08:08 judge 76/99 thepottersguild.com: reject (12s)
10:08:31 judge 77/99 johnrileypottery.com: reject (23s)
10:08:56 judge 78/99 hfclay.com: qualifies (25s)
10:09:09 judge 79/99 williamslake.ca: reject (13s)
10:09:34 judge 80/99 newenglandwfc.com: qualifies (25s)
10:09:52 judge 81/99 hamishjacksonpottery.com: qualifies (18s)
10:10:14 judge 82/99 jcgep.org: qualifies (22s)
10:10:25 judge 83/99 community.ceramicartsdaily.org: qualifies (11s)
10:10:45 judge 84/99 craftcouncil.org: reject (20s)
10:10:59 judge 85/99 mclennan.edu: reject (15s)
10:11:21 judge 86/99 kruegerpottery.com: reject (21s)
10:11:38 judge 87/99 wilderbeefarm.com: reject (18s)
10:11:58 judge 88/99 ceramicaclay.com: reject (19s)
10:12:16 judge 89/99 schoolofservice.org: reject (19s)
10:12:45 judge 90/99 ohio.edu: qualifies (29s)
10:13:19 judge 91/99 ceramicartsnetwork.org: reject (34s)
10:13:30 judge 92/99 theresidencyreview.com: reject (11s)
10:14:01 judge 93/99 ceramicsfieldguide.org: reject (31s)
10:14:24 judge 94/99 crowdfundr.com: qualifies (23s)
10:14:55 judge 95/99 hafupotter.com: qualifies (31s)
10:15:26 judge 96/99 newsregister.com: qualifies (31s)
10:15:59 judge 97/99 harrylevensteinpottery.com: qualifies (33s)
10:16:22 judge 98/99 nalatanalata.com: reject (23s)
10:16:48 judge 99/99 calliopemadrid.com: qualifies (26s)
10:16:48 report: 31 qualify, 34 unclear, 52 rejected, 5 social
