07:13:13 search: 40 new of 40 (each costs 2 Tavily credits)
07:18:38 fetch: 107 places to read (110 total)
07:18:44 fetch: 10 read
07:18:50 fetch: 20 read
07:18:56 fetch: 30 read
07:19:01 fetch: 40 read
07:19:05 fetch: 50 read
07:19:12 fetch: 60 read
07:19:17 fetch: 70 read
07:19:24 fetch: 80 read
07:19:30 fetch: 90 read
07:19:39 fetch: 100 read
07:36:01 fetch: 0 places to read (110 total)
07:36:01 judge: 71 places for gemma4:latest
07:36:07 judge 1/71 artonthetownwi.com: qualifies (6s)
07:36:16 judge 2/71 empowerdriftless.com: qualifies (9s)
07:36:24 judge 3/71 creamcityclay.com: qualifies (8s)
07:36:35 judge 4/71 events.nwtc.edu: qualifies (10s)
07:36:44 judge 5/71 clayplayarts.com: qualifies (10s)
07:36:52 judge 6/71 mineralpoint.com: qualifies (8s)
07:36:57 judge 7/71 one10gallery.com: reject (5s)
07:37:07 judge 8/71 weberwoodfire.com: qualifies (10s)
07:37:13 judge 9/71 adamahartstudio.org: qualifies (6s)
07:37:22 judge 10/71 windyridgepottery.com: qualifies (9s)
07:37:29 judge 11/71 uwm.edu: qualifies (7s)
07:37:38 judge 12/71 cassvilleanagama.com: reject (9s)
07:37:43 judge 13/71 canvas.kirklandartscenter.org: reject (6s)
07:37:53 judge 14/71 potterswithoutkilns.com: qualifies (10s)
07:38:02 judge 15/71 ceramicreview.com: qualifies (9s)
07:38:10 judge 16/71 christiansonpottery.com: qualifies (8s)
07:38:17 judge 17/71 zeffy.com: qualifies (7s)
07:38:24 judge 18/71 bayfieldcounty.wi.gov: qualifies (7s)
07:38:31 judge 19/71 schoolandcollegelistings.com: qualifies (7s)
07:38:39 judge 20/71 en.wikipedia.org: reject (8s)
07:38:46 judge 21/71 thekilnshed.studio: qualifies (7s)
07:38:52 judge 22/71 prescribedfire.org: reject (6s)
07:38:56 judge 23/71 datcp.wi.gov: reject (4s)
07:39:00 judge 24/71 potterywithapurpose.com: reject (4s)
07:39:13 judge 25/71 pottersshop.com: reject (14s)
07:39:20 judge 26/71 clayartspace.com: qualifies (6s)
07:39:28 judge 27/71 alliedkilnservice.com: reject (9s)
07:39:42 judge 28/71 kilnshare.com: reject (13s)
07:39:47 judge 29/71 cursist-courses.com: reject (6s)
07:39:53 judge 30/71 grantruegnitz.com: qualifies (6s)
07:40:01 judge 31/71 wisconsinarthub.com: qualifies (7s)
07:40:12 judge 32/71 kilnfire.com: qualifies (11s)
07:40:17 judge 33/71 yourstrulymke.com: unclear (5s)
07:40:23 judge 34/71 midwestclayproject.com: reject (5s)
07:40:28 judge 35/71 eucalyptusandcompany.com: reject (5s)
07:40:35 judge 36/71 clayandkilnstudio.com: reject (7s)
07:40:43 judge 37/71 communitypottery.org: reject (8s)
07:40:52 judge 38/71 dongzhupotterystudio.com: qualifies (9s)
07:40:59 judge 39/71 homeservicelookup.com: qualifies (7s)
07:41:06 judge 40/71 beautifulstumpstudios.weebly.com: qualifies (7s)
07:41:12 judge 41/71 eckelspottery.com: qualifies (6s)
07:41:19 judge 42/71 nwtc.edu: qualifies (7s)
07:41:25 judge 43/71 thefrenchhouseofclay.com: qualifies (6s)
07:41:32 judge 44/71 uwgb.edu: qualifies (7s)
07:41:39 judge 45/71 doorcountyguide.com: qualifies (6s)
07:41:45 judge 46/71 doorcounty.com: qualifies (6s)
07:41:50 judge 47/71 handsonartstudio.com: reject (5s)
07:41:56 judge 48/71 baileysharbor.com: qualifies (6s)
07:42:02 judge 49/71 trpottery.com: qualifies (6s)
07:42:07 judge 50/71 doorcountypulse.com: unclear (5s)
07:42:12 judge 51/71 halfmoonclay.com: qualifies (5s)
07:42:18 judge 52/71 volumeone.org: qualifies (6s)
07:42:24 judge 53/71 allglazedup.com: reject (6s)
07:42:34 judge 54/71 lacrosseclaycenter.com: qualifies (9s)
07:42:43 judge 55/71 thepumphouse.org: qualifies (10s)
07:42:49 judge 56/71 explorelacrosse.com: reject (6s)
07:42:55 judge 57/71 my.ceramicmaterialsworkshop.com: unclear (6s)
07:43:02 judge 58/71 ramart.org: qualifies (7s)
07:43:09 judge 59/71 bmcgpottery.com: qualifies (6s)
07:43:14 judge 60/71 whofish.org: qualifies (6s)
07:43:21 judge 61/71 findglocal.com: qualifies (6s)
07:43:26 judge 62/71 alpacapottery.com: reject (5s)
07:43:29 judge 63/71 burnoutpotterystudio.com: reject (3s)
07:43:35 judge 64/71 earthenwarestudio.org: reject (6s)
07:43:38 judge 65/71 sheffield-pottery.com: reject (4s)
07:43:43 judge 66/71 theclaycollective.net: unclear (4s)
07:43:48 judge 67/71 waubonsee.edu: reject (5s)
07:43:58 judge 68/71 mscr.org: qualifies (10s)
07:44:06 judge 69/71 clayfestwi.com: qualifies (9s)
07:44:11 judge 70/71 artaxis.org: reject (5s)
07:44:18 judge 71/71 schoolofservice.org: reject (7s)
07:44:18 report: 15 qualify, 31 unclear, 61 rejected, 3 social
