13:21:59 search: 37 new of 37 (each costs 2 Tavily credits)
13:26:21 fetch: 134 places to read (141 total)
13:26:27 fetch: 10 read
13:26:30 fetch: 20 read
13:26:35 fetch: 30 read
13:26:45 fetch: 40 read
13:26:52 fetch: 50 read
13:26:59 fetch: 60 read
13:27:04 fetch: 70 read
13:27:07 fetch: 80 read
13:27:12 fetch: 90 read
13:27:21 fetch: 100 read
13:27:23 fetch: 110 read
13:27:31 fetch: 120 read
13:27:40 fetch: 130 read
13:27:51 judge: 60 places for gemma4:latest
13:28:15 judge 1/60 business.ligonier.com: qualifies (25s)
13:28:25 judge 2/60 en.wikipedia.org: reject (9s)
13:28:32 judge 3/60 ceramicinfospot.com: reject (8s)
13:28:39 judge 4/60 farmandfire.com: reject (7s)
13:28:47 judge 5/60 meirmoheban.com: qualifies (8s)
13:28:52 judge 6/60 potterywithapurpose.com: reject (5s)
13:29:03 judge 7/60 bradleybirkhimer.com: qualifies (12s)
13:29:07 judge 8/60 damiangrava.com: unclear (4s)
13:29:12 judge 9/60 factorytoursguide.com: reject (5s)
13:29:18 judge 10/60 wvexplorer.com: reject (5s)
13:29:25 judge 11/60 grokipedia.com: reject (8s)
13:29:32 judge 12/60 lockbridgepottery.com: qualifies (7s)
13:29:39 judge 13/60 cabinwestvirginia.com: qualifies (7s)
13:29:43 judge 14/60 pitfire.com: reject (4s)
13:29:47 judge 15/60 nwcg.gov: reject (4s)
13:29:52 judge 16/60 code.wvlegislature.gov: reject (5s)
13:29:56 judge 17/60 classcentral.com: reject (4s)
13:30:00 judge 18/60 kilnfrog.com: reject (4s)
13:30:04 judge 19/60 jerillvancewoodworks.com: reject (4s)
13:30:09 judge 20/60 appalachianheritagewoodshop.com: reject (5s)
13:30:15 judge 21/60 graytvlocal.com: reject (5s)
13:30:21 judge 22/60 capitolclayarts.com: qualifies (7s)
13:30:29 judge 23/60 clayandkilnstudio.com: reject (8s)
13:30:36 judge 24/60 mapquest.com: qualifies (7s)
13:30:44 judge 25/60 kilnarts.org: qualifies (9s)
13:30:51 judge 26/60 communitypottery.org: reject (7s)
13:30:56 judge 27/60 zoominfo.com: reject (4s)
13:31:00 judge 28/60 cone10studios.blogspot.com: reject (4s)
13:31:06 judge 29/60 my.ceramicmaterialsworkshop.com: unclear (6s)
13:31:11 judge 30/60 wvcraft.com: qualifies (6s)
13:31:18 judge 31/60 boparc.org: qualifies (7s)
13:31:25 judge 32/60 rainwaterpottery.com: qualifies (7s)
13:31:33 judge 33/60 jhpotteryworks.com: qualifies (7s)
13:31:37 judge 34/60 hmoa.org: reject (5s)
13:31:42 judge 35/60 spiritofhuntington.com: qualifies (5s)
13:31:49 judge 36/60 clayatlas.com: qualifies (7s)
13:31:53 judge 37/60 burnoutpotterystudio.com: reject (4s)
13:31:58 judge 38/60 community.ceramicartsdaily.org: reject (5s)
13:32:02 judge 39/60 homemade.education: reject (4s)
13:32:06 judge 40/60 baileypottery.com: reject (4s)
13:32:16 judge 41/60 wvdn.com: qualifies (10s)
13:32:24 judge 42/60 myfamilytravels.com: qualifies (9s)
13:32:33 judge 43/60 sites.google.com: reject (8s)
13:32:48 judge 44/60 weelunk.com: qualifies (16s)
13:32:57 judge 45/60 livingkilnstudio.kilnfire.com: reject (8s)
13:33:03 judge 46/60 wheelhouseclay.com: reject (6s)
13:33:09 judge 47/60 placesformakers.com: reject (6s)
13:33:23 judge 48/60 parkersburgartcenter.org: qualifies (14s)
13:33:35 judge 49/60 wtap.com: qualifies (12s)
13:33:44 judge 50/60 katiesclaystudio.com: reject (9s)
13:33:51 judge 51/60 sheffield-pottery.com: reject (7s)
13:33:57 judge 52/60 euclids.com: reject (6s)
13:34:04 judge 53/60 glazequeen.com: reject (6s)
13:34:14 judge 54/60 thepottersguild.com: qualifies (11s)
13:34:23 judge 55/60 wvtourism.com: reject (8s)
13:34:35 judge 56/60 cassvilleanagama.com: reject (13s)
13:34:49 judge 57/60 anagama-west.com: reject (14s)
13:35:01 judge 58/60 flickr.com: reject (11s)
13:35:12 judge 59/60 schoolofservice.org: reject (11s)
13:35:23 judge 60/60 moreheadstate.edu: reject (12s)
13:35:23 report: 5 qualify, 17 unclear, 112 rejected, 7 social
