10:24:51 search: 34 new of 34 (each costs 2 Tavily credits)
10:31:24 fetch: 124 places to read (128 total)
10:31:25 fetch: 10 read
10:31:33 fetch: 20 read
10:31:37 fetch: 30 read
10:31:42 fetch: 40 read
10:31:47 fetch: 50 read
10:31:54 fetch: 60 read
10:32:04 fetch: 70 read
10:32:09 fetch: 80 read
10:32:15 fetch: 90 read
10:32:18 fetch: 100 read
10:32:25 fetch: 110 read
10:32:32 fetch: 120 read
10:32:53 judge: 57 places for gemma4:latest
10:33:10 judge 1/57 workhousearts.org: qualifies (17s)
10:33:22 judge 2/57 moabsunnews.com: qualifies (12s)
10:33:36 judge 3/57 en.wikipedia.org: reject (14s)
10:33:47 judge 4/57 ceramicinfospot.com: reject (11s)
10:33:56 judge 5/57 petercallas.com: qualifies (9s)
10:34:06 judge 6/57 canvas.kirklandartscenter.org: reject (10s)
10:34:12 judge 7/57 willieggerman.com: reject (5s)
10:34:20 judge 8/57 artandsoulpottery.com: reject (8s)
10:34:26 judge 9/57 whidbeyclaycenter.com: reject (6s)
10:34:33 judge 10/57 campsingers.com: reject (7s)
10:34:51 judge 11/57 alisonwestceramics.com: qualifies (18s)
10:34:56 judge 12/57 nwcg.gov: reject (6s)
10:35:03 judge 13/57 claystation.com: reject (6s)
10:35:19 judge 14/57 digitalfire.com: reject (16s)
10:35:27 judge 15/57 wsfm.wyo.gov: reject (8s)
10:35:31 judge 16/57 conebluepottery.com: reject (4s)
10:35:34 judge 17/57 classcentral.com: reject (4s)
10:35:40 judge 18/57 codyfireschool.com: reject (6s)
10:35:52 judge 19/57 clay-king.com: reject (12s)
10:35:57 judge 20/57 potterywithapurpose.com: reject (5s)
10:36:01 judge 21/57 kilnfrog.com: reject (4s)
10:36:04 judge 22/57 olympickilns.com: reject (4s)
10:36:18 judge 23/57 kilnshare.com: reject (13s)
10:36:22 judge 24/57 euclids.com: reject (4s)
10:36:27 judge 25/57 cursist-courses.com: reject (5s)
10:36:32 judge 26/57 search.wyoming211.org: reject (5s)
10:36:40 judge 27/57 jacksonholechamber.com: qualifies (8s)
10:36:54 judge 28/57 muddymountainpottery.com: qualifies (14s)
10:37:01 judge 29/57 artassociation.org: qualifies (7s)
10:37:08 judge 30/57 clayandkilnstudio.com: reject (7s)
10:37:14 judge 31/57 katiesclaystudio.com: reject (6s)
10:37:21 judge 32/57 jhcenterforthearts.org: qualifies (7s)
10:37:29 judge 33/57 lccc.coursestorm.com: qualifies (8s)
10:37:36 judge 34/57 diib.com: qualifies (7s)
10:37:44 judge 35/57 kilnfire.com: reject (9s)
10:37:50 judge 36/57 livingkilnstudio.kilnfire.com: reject (6s)
10:37:56 judge 37/57 my.ceramicmaterialsworkshop.com: reject (6s)
10:38:01 judge 38/57 robbieshouselaramie.org: unclear (5s)
10:38:08 judge 39/57 lpccwy.org: qualifies (7s)
10:38:13 judge 40/57 cityoflaramie.org: reject (5s)
10:38:20 judge 41/57 potterylist.com: qualifies (7s)
10:38:28 judge 42/57 potterybyyou.biz: reject (8s)
10:38:49 judge 43/57 sheridanwyoming.com: qualifies (21s)
10:38:59 judge 44/57 roddugalceramics.com: qualifies (10s)
10:39:08 judge 45/57 downtownsheridan.org: unclear (9s)
10:39:17 judge 46/57 codyjournal.com: reject (9s)
10:39:26 judge 47/57 bywesternhands.org: reject (9s)
10:39:35 judge 48/57 earthenwarestudio.org: reject (8s)
10:39:42 judge 49/57 psh.ca: reject (7s)
10:39:48 judge 50/57 glazequeen.com: reject (6s)
10:39:54 judge 51/57 lagunaclay.com: reject (6s)
10:40:01 judge 52/57 flashandash.com: reject (7s)
10:40:10 judge 53/57 waubonsee.edu: reject (9s)
10:40:23 judge 54/57 cassvilleanagama.com: reject (13s)
10:40:31 judge 55/57 global.kyoto-nokaze.com: reject (8s)
10:40:46 judge 56/57 anagama-west.com: reject (15s)
10:40:58 judge 57/57 schoolofservice.org: reject (12s)
10:40:58 report: 4 qualify, 12 unclear, 108 rejected, 4 social
